@iwer-injection-runtime:851 [IWSDK Dev] Configuration: {device: 'metaQuest3', activation: 'localhost', verbose: false, sem: null, ai: null, …}
@iwsdk_core.js?v=361afaaa:1519                                                  
▄▄▄▄▄▄  ▄▄      ▄▄   ▄▄▄▄    ▄▄▄▄▄     ▄▄   ▄▄▄ 
▀▀██▀▀  ██      ██ ▄█▀▀▀▀█   ██▀▀▀██   ██  ██▀  
  ██    ▀█▄ ██ ▄█▀ ██▄       ██    ██  ██▄██    
  ██     ██ ██ ██   ▀████▄   ██    ██  █████    
  ██     ███▀▀███       ▀██  ██    ██  ██  ██▄  
▄▄██▄▄   ███  ███  █▄▄▄▄▄█▀  ██▄▄▄██   ██   ██▄ 
▀▀▀▀▀▀   ▀▀▀  ▀▀▀   ▀▀▀▀▀    ▀▀▀▀▀     ▀▀    ▀▀                                                
===============================================
Immersive Web SDK v0.5.3
Three.js r181
EliCS v3.4.2
CrystalBench.ts:134 [bench] crystal rendering benchmark: 8 modes x (1.5s warmup + 4s measure)
CrystalBench.ts:255 [bench] rep1 --> NO_CAST  (floor: no ability at all, in-session reference)
PerfSystem.ts:127 [perf] {"mode":"browser","views":1,"target":"1870x1070","fps":77.4,"msMedian":11.4,"msP95":19.2,"msWorst":157.9,"calls":9,"tris":1542,"points":2600,"programs":11,"geometries":22,"textures":6,"abilities":0,"instances":0,"particles":0,"foveation":null}
CrystalBench.ts:322 [bench] {"mode":"NO_CAST","rep":1,"median":11.4,"p95":19.1,"fps":82.7,"calls":9,"instances":0}
CrystalBench.ts:255 [bench] rep1 --> CRYSTALS_HIDDEN  (ability simulates, crystals not drawn -> splits CPU/sim from all crystal GPU cost)
PerfSystem.ts:127 [perf] {"mode":"browser","views":1,"target":"1870x1070","fps":25.8,"msMedian":16.1,"msP95":131.5,"msWorst":145.5,"calls":35,"tris":18388,"points":2600,"programs":17,"geometries":27,"textures":6,"abilities":1,"instances":190,"particles":314,"foveation":null}
CrystalBench.ts:322 [bench] {"mode":"CRYSTALS_HIDDEN","rep":1,"median":63.5,"p95":137.5,"fps":16.7,"calls":35,"instances":190}
CrystalBench.ts:255 [bench] rep1 --> CURRENT  (baseline: custom ice shader + transparent + DoubleSide)
PerfSystem.ts:127 [perf] {"mode":"browser","views":1,"target":"1870x1070","fps":19.3,"msMedian":50,"msP95":116.4,"msWorst":162.3,"calls":43,"tris":44992,"points":2600,"programs":19,"geometries":30,"textures":6,"abilities":1,"instances":190,"particles":360,"foveation":null}
CrystalBench.ts:322 [bench] {"mode":"CURRENT","rep":1,"median":50,"p95":116.6,"fps":18.2,"calls":43,"instances":190}
CrystalBench.ts:255 [bench] rep1 --> SIMPLE_OPAQUE  (floor: cheapest possible fragment, no blend, no lighting)
index.ts:17 The AudioContext was not allowed to start. It must be resumed (or created) after a user gesture on the page. https://developer.chrome.com/blog/autoplay/#web_audio
AudioSystem.onXRSessionStart @ chunk-ZEFKGSF7.js?v=361afaaa:27123
dispatchEvent @ chunk-ER7ZKBRH.js?v=361afaaa:358
WebXRManager.setSession @ chunk-ER7ZKBRH.js?v=361afaaa:39595
await in WebXRManager.setSession
offer @ chunk-ZEFKGSF7.js?v=361afaaa:107920
await in offer
manageOfferFlow @ chunk-ZEFKGSF7.js?v=361afaaa:107941
(anonymous) @ chunk-ZEFKGSF7.js?v=361afaaa:107736
Promise.then
initializeWorld @ chunk-ZEFKGSF7.js?v=361afaaa:107727
await in initializeWorld
create @ chunk-ZEFKGSF7.js?v=361afaaa:98199
await in create
(anonymous) @ index.ts:17
chunk-ER7ZKBRH.js?v=361afaaa:265 THREE.WebGLRenderer: Can't change size while VR device is presenting.
warn @ chunk-ER7ZKBRH.js?v=361afaaa:265
WebGLRenderer.setSize @ chunk-ER7ZKBRH.js?v=361afaaa:42678
onWindowResize @ chunk-ZEFKGSF7.js?v=361afaaa:108062
index.ts:17 WebGL: INVALID_ENUM: texParameter: invalid parameter
setTextureParameters @ chunk-ER7ZKBRH.js?v=361afaaa:38165
setupRenderTarget @ chunk-ER7ZKBRH.js?v=361afaaa:38965
WebGLRenderer.setRenderTarget @ chunk-ER7ZKBRH.js?v=361afaaa:43683
onAnimationFrame @ chunk-ER7ZKBRH.js?v=361afaaa:39816
onAnimationFrame @ chunk-ER7ZKBRH.js?v=361afaaa:31415
XRRequestFrame
start @ chunk-ER7ZKBRH.js?v=361afaaa:31422
WebXRManager.setSession @ chunk-ER7ZKBRH.js?v=361afaaa:39593
await in WebXRManager.setSession
offer @ chunk-ZEFKGSF7.js?v=361afaaa:107920
await in offer
manageOfferFlow @ chunk-ZEFKGSF7.js?v=361afaaa:107941
(anonymous) @ chunk-ZEFKGSF7.js?v=361afaaa:107736
Promise.then
initializeWorld @ chunk-ZEFKGSF7.js?v=361afaaa:107727
await in initializeWorld
create @ chunk-ZEFKGSF7.js?v=361afaaa:98199
await in create
(anonymous) @ index.ts:17
CrystalBench.ts:322 [bench] {"mode":"SIMPLE_OPAQUE","rep":1,"median":28.7,"p95":99.7,"fps":22.9,"calls":41,"instances":190}
CrystalBench.ts:255 [bench] rep1 --> SIMPLE_TRANSPARENT  (SIMPLE_OPAQUE + blending -> isolates overdraw)
PerfSystem.ts:127 [perf] {"mode":"xr","views":2,"target":"1680x1760","fps":17.8,"msMedian":48.3,"msP95":100.6,"msWorst":161.8,"calls":49,"tris":40816,"points":2600,"programs":39,"geometries":37,"textures":11,"abilities":1,"instances":190,"particles":647,"foveation":1}
CrystalBench.ts:322 [bench] {"mode":"SIMPLE_TRANSPARENT","rep":1,"median":99.8,"p95":100.4,"fps":11.2,"calls":48,"instances":190}
CrystalBench.ts:255 [bench] rep1 --> STANDARD_OPAQUE  (stock PBR, opaque -> isolates normal lighting cost)
PerfSystem.ts:127 [perf] {"mode":"xr","views":2,"target":"1680x1760","fps":12.2,"msMedian":81.1,"msP95":100.5,"msWorst":119.1,"calls":49,"tris":40344,"points":2600,"programs":40,"geometries":37,"textures":11,"abilities":1,"instances":190,"particles":941,"foveation":1}
CrystalBench.ts:322 [bench] {"mode":"STANDARD_OPAQUE","rep":1,"median":75.5,"p95":100.1,"fps":13.3,"calls":48,"instances":190}
CrystalBench.ts:255 [bench] rep1 --> ICE_OPAQUE  (full ice shader, opaque -> isolates custom shader cost)
PerfSystem.ts:127 [perf] {"mode":"xr","views":2,"target":"1680x1760","fps":12,"msMedian":85.6,"msP95":100.3,"msWorst":199.9,"calls":66,"tris":40378,"points":2600,"programs":41,"geometries":37,"textures":11,"abilities":1,"instances":190,"particles":1190,"foveation":1}
CrystalBench.ts:322 [bench] {"mode":"ICE_OPAQUE","rep":1,"median":72.6,"p95":100.2,"fps":13.9,"calls":47,"instances":190}
CrystalBench.ts:255 [bench] rep1 --> ICE_SINGLE_SIDE  (CURRENT but FrontSide -> isolates double-sided fragments)
PerfSystem.ts:127 [perf] {"mode":"xr","views":2,"target":"1680x1760","fps":13.3,"msMedian":77,"msP95":100.2,"msWorst":100.4,"calls":78,"tris":41372,"points":2600,"programs":42,"geometries":37,"textures":11,"abilities":1,"instances":190,"particles":1325,"foveation":1}
CrystalBench.ts:322 [bench] {"mode":"ICE_SINGLE_SIDE","rep":1,"median":100,"p95":100.5,"fps":10,"calls":46,"instances":190}
CrystalBench.ts:255 [bench] rep2 --> NO_CAST  (floor: no ability at all, in-session reference)
PerfSystem.ts:127 [perf] {"mode":"xr","views":2,"target":"1680x1760","fps":10,"msMedian":100,"msP95":100.5,"msWorst":100.6,"calls":43,"tris":27038,"points":2600,"programs":42,"geometries":37,"textures":11,"abilities":0,"instances":0,"particles":184,"foveation":1}
PerfSystem.ts:127 [perf] {"mode":"xr","views":2,"target":"1680x1760","fps":53.4,"msMedian":11.7,"msP95":46.5,"msWorst":100.4,"calls":15,"tris":26982,"points":2600,"programs":42,"geometries":37,"textures":11,"abilities":0,"instances":0,"particles":0,"foveation":1}
CrystalBench.ts:322 [bench] {"mode":"NO_CAST","rep":2,"median":11.5,"p95":23.2,"fps":64.2,"calls":15,"instances":0}
CrystalBench.ts:255 [bench] rep2 --> CRYSTALS_HIDDEN  (ability simulates, crystals not drawn -> splits CPU/sim from all crystal GPU cost)
PerfSystem.ts:127 [perf] {"mode":"xr","views":2,"target":"1680x1760","fps":89.2,"msMedian":11.1,"msP95":12.4,"msWorst":25.9,"calls":34,"tris":18552,"points":2600,"programs":42,"geometries":37,"textures":11,"abilities":1,"instances":190,"particles":1166,"foveation":1}
CrystalBench.ts:322 [bench] {"mode":"CRYSTALS_HIDDEN","rep":2,"median":11.1,"p95":12,"fps":90,"calls":34,"instances":190}
CrystalBench.ts:255 [bench] rep2 --> CURRENT  (baseline: custom ice shader + transparent + DoubleSide)
CrystalBench.ts:322 [bench] {"mode":"CURRENT","rep":2,"median":11.2,"p95":38.3,"fps":39.8,"calls":84,"instances":190}
CrystalBench.ts:255 [bench] rep2 --> SIMPLE_OPAQUE  (floor: cheapest possible fragment, no blend, no lighting)
PerfSystem.ts:127 [perf] {"mode":"browser","views":1,"target":"1870x1070","fps":30.5,"msMedian":16,"msP95":78.6,"msWorst":1038.1,"calls":108,"tris":31836,"points":2600,"programs":44,"geometries":37,"textures":11,"abilities":1,"instances":190,"particles":989,"foveation":null}
CrystalBench.ts:322 [bench] {"mode":"SIMPLE_OPAQUE","rep":2,"median":12.1,"p95":23,"fps":68.4,"calls":44,"instances":190}
CrystalBench.ts:255 [bench] rep2 --> SIMPLE_TRANSPARENT  (SIMPLE_OPAQUE + blending -> isolates overdraw)
(index):1 WebSocket connection to 'wss://192.168.4.34:8081/?token=h_E__cwDnXq8' failed: Page entered Back-Forward Cache.
