2026-10-01T03:16:56.285Z [vite] connecting...
2026-10-01T03:16:56.597Z [IWSDK Dev] Configuration: {device: metaQuest3, activation: localhost, verbose: false, sem: null, ai: null}
2026-10-01T03:16:56.609Z [vite] connected.
2026-10-01T03:16:59.316Z Failed to load resource: the server responded with a status of 500 ()
2026-10-01T03:17:34.767Z [vite] connecting...
2026-10-01T03:17:35.062Z [IWSDK Dev] Configuration: {device: metaQuest3, activation: localhost, verbose: false, sem: null, ai: null}
2026-10-01T03:17:35.278Z [vite] connected.
2026-10-01T03:17:38.702Z                                                  
▄▄▄▄▄▄  ▄▄      ▄▄   ▄▄▄▄    ▄▄▄▄▄     ▄▄   ▄▄▄ 
▀▀██▀▀  ██      ██ ▄█▀▀▀▀█   ██▀▀▀██   ██  ██▀  
  ██    ▀█▄ ██ ▄█▀ ██▄       ██    ██  ██▄██    
  ██     ██ ██ ██   ▀████▄   ██    ██  █████    
  ██     ███▀▀███       ▀██  ██    ██  ██  ██▄  
▄▄██▄▄   ███  ███  █▄▄▄▄▄█▀  ██▄▄▄██   ██   ██▄ 
▀▀▀▀▀▀   ▀▀▀  ▀▀▀   ▀▀▀▀▀    ▀▀▀▀▀     ▀▀    ▀▀                                                
===============================================
Immersive Web SDK v0.5.3
Three.js r181
EliCS v3.4.2
2026-10-01T03:17:45.435Z [frame-probe] GPU timer unavailable; use a device trace
2026-10-01T03:17:45.437Z [live] fixed-schedule probe: 12 windows x 12s (first 0s of each discarded). Move and look around normally.
2026-10-01T03:17:46.111Z WebGL: INVALID_ENUM: texParameter: invalid parameter
2026-10-01T03:17:51.122Z [perf] {"mode":"xr","views":2,"target":"1680x1760","fps":41.8,"msMedian":11.4,"msP95":99.9,"msWorst":103.1,"calls":44,"tris":49296,"points":2600,"programs":30,"geometries":32,"textures":9,"abilities":1,"instances":190,"particles":516,"foveation":1}
2026-10-01T03:17:54.091Z [live] ## WINDOW 1/12 CURRENT
2026-10-01T03:17:56.053Z [live] {"w":1,"cond":"CURRENT","t":2,"scored":true,"fps":19.7,"ms":50.9,"js":1.9,"top":"InputSystem:0.9 CastSystem:0.7 PanelUISystem:0.1","worst":99.5,"casting":true,"particles":898,"particleCount":1,"emissionRate":1,"calls":44,"head":[0.42,0.76,-0.46],"yaw":-145,"pitch":-19}
2026-10-01T03:17:56.152Z [perf] {"mode":"xr","views":2,"target":"1680x1760","fps":16.9,"msMedian":60,"msP95":99.5,"msWorst":100.2,"calls":44,"tris":49296,"points":2600,"programs":30,"geometries":32,"textures":9,"abilities":1,"instances":190,"particles":863,"foveation":1}
2026-10-01T03:17:58.081Z [live] {"w":1,"cond":"CURRENT","t":4.1,"scored":true,"fps":11.8,"ms":84.5,"js":1.9,"top":"InputSystem:0.9 CastSystem:0.7 PanelUISystem:0.1","worst":100.2,"casting":true,"particles":365,"particleCount":1,"emissionRate":1,"calls":44,"head":[0.42,0.76,-0.46],"yaw":-145,"pitch":-19}
2026-10-01T03:18:00.134Z [live] {"w":1,"cond":"CURRENT","t":6.1,"scored":true,"fps":18,"ms":55.5,"js":1.8,"top":"InputSystem:0.9 CastSystem:0.5 PanelUISystem:0.1","worst":91.2,"casting":true,"particles":184,"particleCount":1,"emissionRate":1,"calls":38,"head":[0.42,0.76,-0.46],"yaw":-145,"pitch":-19}
2026-10-01T03:18:01.157Z [perf] {"mode":"xr","views":2,"target":"1680x1760","fps":15.6,"msMedian":64.9,"msP95":99.8,"msWorst":100.2,"calls":68,"tris":49842,"points":2600,"programs":30,"geometries":32,"textures":9,"abilities":1,"instances":190,"particles":1268,"foveation":1}
2026-10-01T03:18:02.185Z [live] {"w":1,"cond":"CURRENT","t":8.2,"scored":true,"fps":14.2,"ms":70.7,"js":1.9,"top":"InputSystem:0.9 CastSystem:0.6 PanelUISystem:0.1","worst":100.2,"casting":true,"particles":897,"particleCount":1,"emissionRate":1,"calls":44,"head":[0.42,0.76,-0.46],"yaw":-145,"pitch":-19}
2026-10-01T03:18:04.248Z [live] {"w":1,"cond":"CURRENT","t":10.2,"scored":true,"fps":10.2,"ms":98.3,"js":1.7,"top":"InputSystem:0.8 CastSystem:0.6 PanelUISystem:0.1","worst":100.5,"casting":true,"particles":370,"particleCount":1,"emissionRate":1,"calls":43,"head":[0.42,0.76,-0.46],"yaw":-145,"pitch":-19}
2026-10-01T03:18:06.043Z [live] PARTICLE CHECK {"w":1,"cond":"CURRENT","valid":true,"particlePeak":898,"checks":5,"particleCount":1,"emissionRate":1}
2026-10-01T03:18:06.044Z [live] WINDOW RESULT {"name":"CURRENT","age":[57.5,92.3,55.5],"js":[1.9,1.8,1.7],"top":["InputSystem:0.9 CastSystem:0.7 PanelUISystem:0.1","InputSystem:0.8 CastSystem:0.6 PanelUISystem:0.1","InputSystem:0.9 CastSystem:0.5 PanelUISystem:0.1"],"mean":65,"p95":100.1,"slowPct":99.5,"worst":100.5,"castMean":64.35,"idleMean":72.91}
2026-10-01T03:18:06.044Z [live] ## WINDOW 2/12 NO_MIST
2026-10-01T03:18:06.164Z [perf] {"mode":"xr","views":2,"target":"1680x1760","fps":13.6,"msMedian":70.7,"msP95":100.2,"msWorst":100.5,"calls":14,"tris":22648,"points":2600,"programs":30,"geometries":32,"textures":9,"abilities":1,"instances":190,"particles":7,"foveation":1}
2026-10-01T03:18:08.049Z [live] {"w":2,"cond":"NO_MIST","t":2,"scored":true,"fps":57.8,"ms":17.3,"js":2.3,"top":"InputSystem:1.1 CastSystem:0.7 PanelUISystem:0.1","worst":59.6,"casting":true,"particles":630,"particleCount":1,"emissionRate":1,"calls":42,"head":[0.42,0.76,-0.46],"yaw":-145,"pitch":-19}
2026-10-01T03:18:10.064Z [live] {"w":2,"cond":"NO_MIST","t":4,"scored":true,"fps":56.5,"ms":17.7,"js":1.7,"top":"InputSystem:0.8 CastSystem:0.6 PanelUISystem:0.1","worst":20.2,"casting":true,"particles":253,"particleCount":1,"emissionRate":1,"calls":42,"head":[0.42,0.76,-0.46],"yaw":-145,"pitch":-19}
2026-10-01T03:18:11.162Z [perf] {"mode":"xr","views":2,"target":"1680x1760","fps":57.4,"msMedian":17.4,"msP95":19.8,"msWorst":59.6,"calls":42,"tris":49292,"points":2600,"programs":30,"geometries":32,"textures":9,"abilities":1,"instances":190,"particles":218,"foveation":1}
2026-10-01T03:18:12.084Z [live] {"w":2,"cond":"NO_MIST","t":6,"scored":true,"fps":39.6,"ms":25.3,"js":1.6,"top":"InputSystem:0.8 CastSystem:0.5 PanelUISystem:0.1","worst":65.1,"casting":false,"particles":146,"particleCount":1,"emissionRate":1,"calls":36,"head":[0.42,0.76,-0.46],"yaw":-145,"pitch":-19}
2026-10-01T03:18:14.090Z [live] {"w":2,"cond":"NO_MIST","t":8,"scored":true,"fps":44.4,"ms":22.5,"js":1.7,"top":"InputSystem:0.8 CastSystem:0.6 PanelUISystem:0.1","worst":49.5,"casting":true,"particles":632,"particleCount":1,"emissionRate":1,"calls":47,"head":[0.42,0.76,-0.46],"yaw":-145,"pitch":-19}
2026-10-01T03:18:16.100Z [live] {"w":2,"cond":"NO_MIST","t":10.1,"scored":true,"fps":49.8,"ms":20.1,"js":1.6,"top":"InputSystem:0.8 CastSystem:0.6 PanelUISystem:0.1","worst":22.5,"casting":true,"particles":263,"particleCount":1,"emissionRate":1,"calls":46,"head":[0.42,0.76,-0.46],"yaw":-145,"pitch":-19}
2026-10-01T03:18:16.181Z [perf] {"mode":"xr","views":2,"target":"1680x1760","fps":42.6,"msMedian":20.4,"msP95":47.5,"msWorst":65.1,"calls":46,"tris":49300,"points":2600,"programs":30,"geometries":32,"textures":9,"abilities":1,"instances":190,"particles":260,"foveation":1}
2026-10-01T03:18:18.048Z [live] PARTICLE CHECK {"w":2,"cond":"NO_MIST","valid":true,"particlePeak":632,"checks":5,"particleCount":1,"emissionRate":1}
2026-10-01T03:18:18.049Z [live] WINDOW RESULT {"name":"NO_MIST","age":[19.6,18.8,26.2],"js":[1.7,1.7,1.6],"top":["InputSystem:0.8 CastSystem:0.6 PanelUISystem:0.1","InputSystem:0.8 CastSystem:0.6 PanelUISystem:0.1","InputSystem:0.8 CastSystem:0.5 PanelUISystem:0.1"],"mean":21.06,"p95":46.7,"slowPct":97.2,"worst":87.2,"castMean":19.88,"idleMean":55.31}
2026-10-01T03:18:18.049Z [live] ## WINDOW 3/12 NO_FROST
2026-10-01T03:18:20.071Z [live] {"w":3,"cond":"NO_FROST","t":2,"scored":true,"fps":26.2,"ms":38.1,"js":3.7,"top":"InputSystem:1.8 CastSystem:1.3 PanelUISystem:0.2","worst":89,"casting":true,"particles":895,"particleCount":1,"emissionRate":1,"calls":20,"head":[0.42,0.76,-0.46],"yaw":-145,"pitch":-19}
2026-10-01T03:18:21.234Z [perf] {"mode":"xr","views":2,"target":"1680x1760","fps":26.5,"msMedian":25.4,"msP95":83.6,"msWorst":94.8,"calls":20,"tris":49248,"points":2600,"programs":30,"geometries":32,"textures":9,"abilities":1,"instances":190,"particles":506,"foveation":1}
2026-10-01T03:18:22.093Z [live] {"w":3,"cond":"NO_FROST","t":4,"scored":true,"fps":13.4,"ms":74.9,"js":1.6,"top":"InputSystem:0.8 CastSystem:0.6 CrystalBench:0.1","worst":94.8,"casting":true,"particles":372,"particleCount":1,"emissionRate":1,"calls":20,"head":[0.42,0.76,-0.46],"yaw":-145,"pitch":-19}
2026-10-01T03:18:24.096Z [live] {"w":3,"cond":"NO_FROST","t":6,"scored":true,"fps":36.4,"ms":27.4,"js":1.3,"top":"InputSystem:0.7 CastSystem:0.3 PanelUISystem:0.0","worst":51.5,"casting":true,"particles":196,"particleCount":1,"emissionRate":1,"calls":20,"head":[0.42,0.76,-0.46],"yaw":-145,"pitch":-19}
2026-10-01T03:18:26.154Z [live] {"w":3,"cond":"NO_FROST","t":8.1,"scored":true,"fps":22.3,"ms":44.7,"js":1.6,"top":"InputSystem:0.8 CastSystem:0.6 PanelUISystem:0.0","worst":98.3,"casting":true,"particles":867,"particleCount":1,"emissionRate":1,"calls":20,"head":[0.42,0.76,-0.46],"yaw":-145,"pitch":-19}
2026-10-01T03:18:26.253Z [perf] {"mode":"xr","views":2,"target":"1680x1760","fps":26.5,"msMedian":32.2,"msP95":91.5,"msWorst":98.3,"calls":20,"tris":49248,"points":2600,"programs":30,"geometries":32,"textures":9,"abilities":1,"instances":190,"particles":823,"foveation":1}
2026-10-01T03:18:28.193Z [live] {"w":3,"cond":"NO_FROST","t":10.1,"scored":true,"fps":11.3,"ms":88.6,"js":1.6,"top":"InputSystem:0.7 CastSystem:0.6 PanelUISystem:0.1","worst":100.5,"casting":true,"particles":341,"particleCount":1,"emissionRate":1,"calls":20,"head":[0.42,0.76,-0.46],"yaw":-145,"pitch":-19}
2026-10-01T03:18:30.051Z [live] PARTICLE CHECK {"w":3,"cond":"NO_FROST","valid":true,"particlePeak":895,"checks":5,"particleCount":1,"emissionRate":1}
2026-10-01T03:18:30.051Z [live] WINDOW RESULT {"name":"NO_FROST","age":[38.6,83.9,28.8],"js":[1.6,1.7,1.3],"top":["InputSystem:0.8 CastSystem:0.6 PanelUISystem:0.1","InputSystem:0.8 CastSystem:0.6 PanelUISystem:0.1","InputSystem:0.7 CastSystem:0.3 PanelUISystem:0.0"],"mean":41.53,"p95":98.3,"slowPct":88.2,"worst":100.5,"castMean":47.79,"idleMean":16.59}
2026-10-01T03:18:30.051Z [live] ## WINDOW 4/12 NO_MIST_OR_FROST
2026-10-01T03:18:31.253Z [perf] {"mode":"xr","views":2,"target":"1680x1760","fps":35,"msMedian":16.2,"msP95":99.9,"msWorst":100.5,"calls":21,"tris":49748,"points":2600,"programs":30,"geometries":32,"textures":9,"abilities":1,"instances":190,"particles":871,"foveation":1}
2026-10-01T03:18:32.052Z [live] {"w":4,"cond":"NO_MIST_OR_FROST","t":2,"scored":true,"fps":69.9,"ms":14.3,"js":2.2,"top":"InputSystem:1.1 CastSystem:0.7 PanelUISystem:0.1","worst":20.9,"casting":true,"particles":618,"particleCount":1,"emissionRate":1,"calls":20,"head":[0.42,0.76,-0.46],"yaw":-145,"pitch":-19}
2026-10-01T03:18:34.062Z [live] {"w":4,"cond":"NO_MIST_OR_FROST","t":4,"scored":true,"fps":67.2,"ms":14.9,"js":1.5,"top":"InputSystem:0.7 CastSystem:0.6 PanelUISystem:0.1","worst":17.5,"casting":true,"particles":250,"particleCount":1,"emissionRate":1,"calls":20,"head":[0.42,0.76,-0.46],"yaw":-145,"pitch":-19}
2026-10-01T03:18:36.071Z [live] {"w":4,"cond":"NO_MIST_OR_FROST","t":6,"scored":true,"fps":78.6,"ms":12.7,"js":1.6,"top":"InputSystem:0.8 CastSystem:0.5 PanelUISystem:0.1","worst":16.7,"casting":true,"particles":133,"particleCount":1,"emissionRate":1,"calls":14,"head":[0.42,0.76,-0.46],"yaw":-145,"pitch":-19}
2026-10-01T03:18:36.254Z [perf] {"mode":"xr","views":2,"target":"1680x1760","fps":72.8,"msMedian":14.3,"msP95":15.9,"msWorst":17.5,"calls":20,"tris":49248,"points":2600,"programs":30,"geometries":32,"textures":9,"abilities":1,"instances":190,"particles":318,"foveation":1}
2026-10-01T03:18:38.080Z [live] {"w":4,"cond":"NO_MIST_OR_FROST","t":8,"scored":true,"fps":70.2,"ms":14.2,"js":1.7,"top":"InputSystem:0.8 CastSystem:0.6 PanelUISystem:0.1","worst":19.6,"casting":true,"particles":614,"particleCount":1,"emissionRate":1,"calls":20,"head":[0.42,0.76,-0.46],"yaw":-145,"pitch":-19}
2026-10-01T03:18:40.084Z [live] {"w":4,"cond":"NO_MIST_OR_FROST","t":10,"scored":true,"fps":67.3,"ms":14.9,"js":1.6,"top":"InputSystem:0.8 CastSystem:0.6 PanelUISystem:0.1","worst":17,"casting":true,"particles":249,"particleCount":1,"emissionRate":1,"calls":20,"head":[0.42,0.76,-0.46],"yaw":-145,"pitch":-19}
2026-10-01T03:18:41.263Z [perf] {"mode":"xr","views":2,"target":"1680x1760","fps":68.5,"msMedian":14.6,"msP95":16.6,"msWorst":19.6,"calls":20,"tris":49248,"points":2600,"programs":30,"geometries":32,"textures":9,"abilities":1,"instances":190,"particles":192,"foveation":1}
2026-10-01T03:18:42.066Z [live] PARTICLE CHECK {"w":4,"cond":"NO_MIST_OR_FROST","valid":true,"particlePeak":618,"checks":5,"particleCount":1,"emissionRate":1}
2026-10-01T03:18:42.068Z [live] WINDOW RESULT {"name":"NO_MIST_OR_FROST","age":[14.2,14.9,12.7],"js":[1.6,1.6,1.5],"top":["InputSystem:0.8 CastSystem:0.6 PanelUISystem:0.1","InputSystem:0.8 CastSystem:0.6 PanelUISystem:0.1","InputSystem:0.8 CastSystem:0.4 PanelUISystem:0.1"],"mean":13.9,"p95":16.4,"slowPct":63.5,"worst":20.9,"castMean":14.24,"idleMean":11.13}
2026-10-01T03:18:42.069Z [live] ## WINDOW 5/12 NO_SHOCKWAVES
2026-10-01T03:18:44.136Z [live] {"w":5,"cond":"NO_SHOCKWAVES","t":2.1,"scored":true,"fps":25.5,"ms":39.2,"js":6,"top":"InputSystem:3.2 CastSystem:1.8 PanelUISystem:0.2","worst":100.3,"casting":true,"particles":860,"particleCount":1,"emissionRate":1,"calls":43,"head":[0.42,0.76,-0.46],"yaw":-145,"pitch":-19}
2026-10-01T03:18:46.174Z [live] {"w":5,"cond":"NO_SHOCKWAVES","t":4.1,"scored":true,"fps":10.8,"ms":92.7,"js":1.5,"top":"InputSystem:0.7 CastSystem:0.5 PanelUISystem:0.1","worst":100.3,"casting":true,"particles":369,"particleCount":1,"emissionRate":1,"calls":43,"head":[0.42,0.76,-0.46],"yaw":-145,"pitch":-19}
2026-10-01T03:18:46.295Z [perf] {"mode":"xr","views":2,"target":"1680x1760","fps":29.4,"msMedian":11.8,"msP95":100.2,"msWorst":100.3,"calls":43,"tris":49294,"points":2600,"programs":30,"geometries":32,"textures":9,"abilities":1,"instances":190,"particles":353,"foveation":1}
2026-10-01T03:18:48.187Z [live] {"w":5,"cond":"NO_SHOCKWAVES","t":6.1,"scored":true,"fps":17.9,"ms":55.9,"js":1.4,"top":"InputSystem:0.7 CastSystem:0.4 PanelUISystem:0.1","worst":98.8,"casting":true,"particles":183,"particleCount":1,"emissionRate":1,"calls":37,"head":[0.42,0.76,-0.46],"yaw":-145,"pitch":-19}
2026-10-01T03:18:50.270Z [live] {"w":5,"cond":"NO_SHOCKWAVES","t":8.2,"scored":true,"fps":16.3,"ms":61.3,"js":1.6,"top":"InputSystem:0.7 CastSystem:0.6 PanelUISystem:0.1","worst":98.9,"casting":true,"particles":906,"particleCount":1,"emissionRate":1,"calls":46,"head":[0.42,0.76,-0.46],"yaw":-145,"pitch":-19}
2026-10-01T03:18:51.369Z [perf] {"mode":"xr","views":2,"target":"1680x1760","fps":15.6,"msMedian":57.9,"msP95":100.2,"msWorst":100.4,"calls":46,"tris":49300,"points":2600,"programs":30,"geometries":32,"textures":9,"abilities":1,"instances":190,"particles":513,"foveation":1}
