PAGE ERROR 
2026-10-01T03:39:26.480Z [vite] connecting...
2026-10-01T03:39:26.784Z [IWSDK Dev] Configuration: {device: metaQuest3, activation: localhost, verbose: false, sem: null, ai: null}
2026-10-01T03:39:26.817Z [vite] connected.
2026-10-01T03:39:30.287Z                                                  
▄▄▄▄▄▄  ▄▄      ▄▄   ▄▄▄▄    ▄▄▄▄▄     ▄▄   ▄▄▄ 
▀▀██▀▀  ██      ██ ▄█▀▀▀▀█   ██▀▀▀██   ██  ██▀  
  ██    ▀█▄ ██ ▄█▀ ██▄       ██    ██  ██▄██    
  ██     ██ ██ ██   ▀████▄   ██    ██  █████    
  ██     ███▀▀███       ▀██  ██    ██  ██  ██▄  
▄▄██▄▄   ███  ███  █▄▄▄▄▄█▀  ██▄▄▄██   ██   ██▄ 
▀▀▀▀▀▀   ▀▀▀  ▀▀▀   ▀▀▀▀▀    ▀▀▀▀▀     ▀▀    ▀▀                                                
===============================================
Immersive Web SDK v0.5.3
Three.js r181
EliCS v3.4.2
2026-10-01T03:39:36.703Z [frame-probe] GPU timer unavailable; use a device trace
2026-10-01T03:39:36.704Z [live] fixed-schedule probe: 12 windows x 12s (first 0s of each discarded). Move and look around normally.
2026-10-01T03:39:37.460Z WebGL: INVALID_ENUM: texParameter: invalid parameter
PAGE ERROR 
2026-10-01T03:39:42.416Z [perf] {"mode":"xr","views":2,"target":"1680x1760","fps":76.9,"msMedian":11.3,"msP95":14.5,"msWorst":209,"calls":52,"tris":49784,"points":2600,"programs":31,"geometries":34,"textures":9,"abilities":1,"instances":190,"particles":555,"foveation":1}
2026-10-01T03:39:45.408Z [live] ## WINDOW 1/12 CURRENT
2026-10-01T03:39:47.420Z [live] {"w":1,"cond":"CURRENT","t":2,"scored":true,"fps":28.7,"ms":34.9,"js":2,"top":"InputSystem:0.9 CastSystem:0.7 PanelUISystem:0.1","worst":79.1,"casting":true,"particles":846,"particleCount":1,"emissionRate":1,"calls":44,"head":[0,0.76,0],"yaw":0,"pitch":-19}
2026-10-01T03:39:47.420Z [perf] {"mode":"xr","views":2,"target":"1680x1760","fps":65.1,"msMedian":11.3,"msP95":60.1,"msWorst":79.1,"calls":44,"tris":49768,"points":2600,"programs":31,"geometries":34,"textures":9,"abilities":1,"instances":190,"particles":846,"foveation":1}
2026-10-01T03:39:49.434Z [live] {"w":1,"cond":"CURRENT","t":4,"scored":true,"fps":27.3,"ms":36.6,"js":1.9,"top":"InputSystem:0.8 CastSystem:0.7 PanelUISystem:0.1","worst":82.7,"casting":true,"particles":359,"particleCount":1,"emissionRate":1,"calls":44,"head":[0,0.76,0],"yaw":0,"pitch":-19}
2026-10-01T03:39:51.447Z [live] {"w":1,"cond":"CURRENT","t":6.1,"scored":true,"fps":51.7,"ms":19.4,"js":1.7,"top":"InputSystem:0.8 CastSystem:0.5 PanelUISystem:0.1","worst":30.9,"casting":true,"particles":178,"particleCount":1,"emissionRate":1,"calls":38,"head":[0,0.76,0],"yaw":0,"pitch":-19}
2026-10-01T03:39:52.440Z [perf] {"mode":"xr","views":2,"target":"1680x1760","fps":38.5,"msMedian":20.3,"msP95":57,"msWorst":82.7,"calls":69,"tris":50316,"points":2600,"programs":31,"geometries":34,"textures":9,"abilities":1,"instances":190,"particles":1314,"foveation":1}
2026-10-01T03:39:53.487Z [live] {"w":1,"cond":"CURRENT","t":8.1,"scored":true,"fps":26,"ms":38.5,"js":1.8,"top":"InputSystem:0.8 CastSystem:0.7 PanelUISystem:0.1","worst":83.2,"casting":true,"particles":906,"particleCount":1,"emissionRate":1,"calls":46,"head":[0,0.76,0],"yaw":0,"pitch":-19}
2026-10-01T03:39:55.506Z [live] {"w":1,"cond":"CURRENT","t":10.1,"scored":true,"fps":22.8,"ms":43.9,"js":1.7,"top":"InputSystem:0.8 CastSystem:0.7 PanelUISystem:0.1","worst":96.4,"casting":true,"particles":377,"particleCount":1,"emissionRate":1,"calls":45,"head":[0,0.76,0],"yaw":0,"pitch":-19}
2026-10-01T03:39:57.401Z [live] PARTICLE CHECK {"w":1,"cond":"CURRENT","valid":true,"particlePeak":906,"checks":5,"particleCount":1,"emissionRate":1}
2026-10-01T03:39:57.401Z [live] WINDOW RESULT {"name":"CURRENT","age":[35.6,41.8,19.7],"js":[1.9,1.8,1.6],"top":["InputSystem:0.8 CastSystem:0.7 PanelUISystem:0.1","InputSystem:0.8 CastSystem:0.7 PanelUISystem:0.1","InputSystem:0.8 CastSystem:0.5 PanelUISystem:0.1"],"mean":29.14,"p95":66.8,"slowPct":95.1,"worst":96.4,"castMean":31.17,"idleMean":17.47}
2026-10-01T03:39:57.402Z [live] ## WINDOW 2/12 MIST_V2
2026-10-01T03:39:57.444Z [perf] {"mode":"xr","views":2,"target":"1680x1760","fps":32.8,"msMedian":22.4,"msP95":66.6,"msWorst":96.4,"calls":22,"tris":49724,"points":2600,"programs":31,"geometries":34,"textures":9,"abilities":1,"instances":190,"particles":9,"foveation":1}
2026-10-01T03:39:59.418Z [live] {"w":2,"cond":"MIST_V2","t":2,"scored":true,"fps":73.9,"ms":13.5,"js":2.8,"top":"InputSystem:1.3 CastSystem:1.0 PanelUISystem:0.1","worst":26,"casting":true,"particles":888,"particleCount":1,"emissionRate":1,"calls":44,"head":[0,0.76,0],"yaw":0,"pitch":-19}
2026-10-01T03:40:01.426Z [live] {"w":2,"cond":"MIST_V2","t":4,"scored":true,"fps":61.8,"ms":16.2,"js":1.7,"top":"InputSystem:0.8 CastSystem:0.7 PanelUISystem:0.1","worst":21.1,"casting":true,"particles":379,"particleCount":1,"emissionRate":1,"calls":44,"head":[0,0.76,0],"yaw":0,"pitch":-19}
2026-10-01T03:40:02.457Z [perf] {"mode":"xr","views":2,"target":"1680x1760","fps":70.2,"msMedian":13.6,"msP95":19.7,"msWorst":26,"calls":44,"tris":49768,"points":2600,"programs":31,"geometries":34,"textures":9,"abilities":1,"instances":190,"particles":285,"foveation":1}
2026-10-01T03:40:03.438Z [live] {"w":2,"cond":"MIST_V2","t":6,"scored":true,"fps":72.5,"ms":13.8,"js":1.6,"top":"InputSystem:0.8 CastSystem:0.5 PanelUISystem:0.1","worst":17.2,"casting":true,"particles":178,"particleCount":1,"emissionRate":1,"calls":38,"head":[0,0.76,0],"yaw":0,"pitch":-19}
2026-10-01T03:40:05.440Z [live] {"w":2,"cond":"MIST_V2","t":8,"scored":true,"fps":47.4,"ms":21.1,"js":1.7,"top":"InputSystem:0.8 CastSystem:0.6 PanelUISystem:0.1","worst":31.4,"casting":true,"particles":915,"particleCount":1,"emissionRate":1,"calls":44,"head":[0,0.76,0],"yaw":0,"pitch":-19}
2026-10-01T03:40:07.443Z [live] {"w":2,"cond":"MIST_V2","t":10,"scored":true,"fps":47.9,"ms":20.9,"js":1.5,"top":"CastSystem:0.7 InputSystem:0.6 PanelUISystem:0.1","worst":29.3,"casting":true,"particles":373,"particleCount":1,"emissionRate":1,"calls":45,"head":[0,0.76,0],"yaw":0,"pitch":-19}
2026-10-01T03:40:07.460Z [perf] {"mode":"xr","views":2,"target":"1680x1760","fps":51.2,"msMedian":18.6,"msP95":26.2,"msWorst":31.4,"calls":45,"tris":49770,"points":2600,"programs":31,"geometries":34,"textures":9,"abilities":1,"instances":190,"particles":371,"foveation":1}
2026-10-01T03:40:09.407Z [live] PARTICLE CHECK {"w":2,"cond":"MIST_V2","valid":true,"particlePeak":915,"checks":5,"particleCount":1,"emissionRate":1}
2026-10-01T03:40:09.407Z [live] WINDOW RESULT {"name":"MIST_V2","age":[16.4,18.4,14.6],"js":[1.7,1.6,1.5],"top":["InputSystem:0.8 CastSystem:0.6 PanelUISystem:0.1","InputSystem:0.7 CastSystem:0.7 PanelUISystem:0.1","InputSystem:0.8 CastSystem:0.5 PanelUISystem:0.1"],"mean":16.31,"p95":24.5,"slowPct":73.2,"worst":31.4,"castMean":16.35,"idleMean":15.95}
2026-10-01T03:40:09.408Z [live] ## WINDOW 3/12 FROST_V2
2026-10-01T03:40:11.412Z [live] {"w":3,"cond":"FROST_V2","t":2,"scored":true,"fps":40.4,"ms":24.7,"js":4,"top":"InputSystem:2.0 CastSystem:1.3 PanelUISystem:0.2","worst":60.5,"casting":true,"particles":884,"particleCount":1,"emissionRate":1,"calls":45,"head":[0,0.76,0],"yaw":0,"pitch":-19}
2026-10-01T03:40:12.466Z [perf] {"mode":"xr","views":2,"target":"1680x1760","fps":47.9,"msMedian":16.7,"msP95":38.5,"msWorst":60.5,"calls":45,"tris":49770,"points":2600,"programs":31,"geometries":34,"textures":9,"abilities":1,"instances":190,"particles":517,"foveation":1}
2026-10-01T03:40:13.428Z [live] {"w":3,"cond":"FROST_V2","t":4,"scored":true,"fps":32.7,"ms":30.6,"js":1.6,"top":"InputSystem:0.7 CastSystem:0.6 PanelUISystem:0.1","worst":43.4,"casting":true,"particles":366,"particleCount":1,"emissionRate":1,"calls":45,"head":[0,0.76,0],"yaw":0,"pitch":-19}
2026-10-01T03:40:15.435Z [live] {"w":3,"cond":"FROST_V2","t":6,"scored":true,"fps":73.2,"ms":13.7,"js":1.5,"top":"InputSystem:0.8 CastSystem:0.5 PanelUISystem:0.1","worst":21,"casting":true,"particles":179,"particleCount":1,"emissionRate":1,"calls":39,"head":[0,0.76,0],"yaw":0,"pitch":-19}
2026-10-01T03:40:17.446Z [live] {"w":3,"cond":"FROST_V2","t":8,"scored":true,"fps":25.4,"ms":39.4,"js":1.6,"top":"InputSystem:0.8 CastSystem:0.6 PanelUISystem:0.1","worst":79.7,"casting":true,"particles":934,"particleCount":1,"emissionRate":1,"calls":46,"head":[0,0.76,0],"yaw":0,"pitch":-19}
2026-10-01T03:40:17.524Z [perf] {"mode":"xr","views":2,"target":"1680x1760","fps":45.7,"msMedian":14.8,"msP95":63.5,"msWorst":79.7,"calls":46,"tris":49772,"points":2600,"programs":31,"geometries":34,"textures":9,"abilities":1,"instances":190,"particles":888,"foveation":1}
2026-10-01T03:40:19.469Z [live] {"w":3,"cond":"FROST_V2","t":10.1,"scored":true,"fps":20.8,"ms":48.2,"js":1.7,"top":"InputSystem:0.8 CastSystem:0.7 PanelUISystem:0.1","worst":98.2,"casting":true,"particles":384,"particleCount":1,"emissionRate":1,"calls":45,"head":[0,0.76,0],"yaw":0,"pitch":-19}
2026-10-01T03:40:21.412Z [live] PARTICLE CHECK {"w":3,"cond":"FROST_V2","valid":true,"particlePeak":934,"checks":5,"particleCount":1,"emissionRate":1}
2026-10-01T03:40:21.413Z [live] WINDOW RESULT {"name":"FROST_V2","age":[29.7,38.3,14.5],"js":[1.7,1.6,1.5],"top":["InputSystem:0.8 CastSystem:0.6 PanelUISystem:0.1","InputSystem:0.8 CastSystem:0.6 PanelUISystem:0.1","InputSystem:0.8 CastSystem:0.5 PanelUISystem:0.1"],"mean":23.31,"p95":62.5,"slowPct":61,"worst":98.2,"castMean":25.87,"idleMean":11.38}
2026-10-01T03:40:21.413Z [live] ## WINDOW 4/12 BOTH_V2
2026-10-01T03:40:22.538Z [perf] {"mode":"xr","views":2,"target":"1680x1760","fps":53.7,"msMedian":11.8,"msP95":52.9,"msWorst":98.2,"calls":46,"tris":50270,"points":2600,"programs":31,"geometries":34,"textures":9,"abilities":1,"instances":190,"particles":1184,"foveation":1}
2026-10-01T03:40:23.426Z [live] {"w":4,"cond":"BOTH_V2","t":2,"scored":true,"fps":85,"ms":11.8,"js":2.9,"top":"InputSystem:1.4 CastSystem:1.0 PanelUISystem:0.1","worst":21.8,"casting":true,"particles":891,"particleCount":1,"emissionRate":1,"calls":45,"head":[0,0.76,0],"yaw":0,"pitch":-19}
2026-10-01T03:40:25.426Z [live] {"w":4,"cond":"BOTH_V2","t":4,"scored":true,"fps":71.4,"ms":14,"js":1.7,"top":"InputSystem:0.8 CastSystem:0.7 PanelUISystem:0.1","worst":18.7,"casting":true,"particles":375,"particleCount":1,"emissionRate":1,"calls":45,"head":[0,0.76,0],"yaw":0,"pitch":-19}
2026-10-01T03:40:27.429Z [live] {"w":4,"cond":"BOTH_V2","t":6,"scored":true,"fps":89.9,"ms":11.1,"js":1.6,"top":"InputSystem:0.8 CastSystem:0.5 PanelUISystem:0.1","worst":12.4,"casting":true,"particles":196,"particleCount":1,"emissionRate":1,"calls":39,"head":[0,0.76,0],"yaw":0,"pitch":-19}
2026-10-01T03:40:27.536Z [perf] {"mode":"xr","views":2,"target":"1680x1760","fps":80.8,"msMedian":11.4,"msP95":16.7,"msWorst":18.7,"calls":52,"tris":49784,"points":2600,"programs":31,"geometries":34,"textures":9,"abilities":1,"instances":190,"particles":253,"foveation":1}
2026-10-01T03:40:29.448Z [live] {"w":4,"cond":"BOTH_V2","t":8,"scored":true,"fps":55.9,"ms":17.9,"js":1.7,"top":"InputSystem:0.8 CastSystem:0.7 PanelUISystem:0.1","worst":25.2,"casting":true,"particles":950,"particleCount":1,"emissionRate":1,"calls":46,"head":[0,0.76,0],"yaw":0,"pitch":-19}
2026-10-01T03:40:31.456Z [live] {"w":4,"cond":"BOTH_V2","t":10,"scored":true,"fps":51.3,"ms":19.5,"js":1.6,"top":"InputSystem:0.8 CastSystem:0.6 PanelUISystem:0.1","worst":26.8,"casting":true,"particles":369,"particleCount":1,"emissionRate":1,"calls":45,"head":[0,0.76,0],"yaw":0,"pitch":-19}
2026-10-01T03:40:32.550Z [perf] {"mode":"xr","views":2,"target":"1680x1760","fps":57,"msMedian":17.6,"msP95":24,"msWorst":26.8,"calls":45,"tris":49770,"points":2600,"programs":31,"geometries":34,"textures":9,"abilities":1,"instances":190,"particles":290,"foveation":1}
2026-10-01T03:40:33.426Z [live] PARTICLE CHECK {"w":4,"cond":"BOTH_V2","valid":true,"particlePeak":950,"checks":5,"particleCount":1,"emissionRate":1}
2026-10-01T03:40:33.426Z [live] WINDOW RESULT {"name":"BOTH_V2","age":[14.1,16.4,12.5],"js":[1.8,1.7,1.6],"top":["InputSystem:0.8 CastSystem:0.7 PanelUISystem:0.1","InputSystem:0.8 CastSystem:0.6 PanelUISystem:0.1","InputSystem:0.8 CastSystem:0.5 PanelUISystem:0.1"],"mean":14.17,"p95":22.2,"slowPct":41.9,"worst":26.8,"castMean":14.31,"idleMean":12.86}
2026-10-01T03:40:33.427Z [live] ## WINDOW 5/12 NO_MIST_OR_FROST
2026-10-01T03:40:35.433Z [live] {"w":5,"cond":"NO_MIST_OR_FROST","t":2,"scored":true,"fps":88.8,"ms":11.3,"js":3.1,"top":"InputSystem:1.5 CastSystem:1.1 PanelUISystem:0.1","worst":26.9,"casting":true,"particles":600,"particleCount":1,"emissionRate":1,"calls":22,"head":[0,0.76,0],"yaw":0,"pitch":-19}
2026-10-01T03:40:37.443Z [live] {"w":5,"cond":"NO_MIST_OR_FROST","t":4,"scored":true,"fps":90,"ms":11.1,"js":2,"top":"InputSystem:0.9 CastSystem:0.8 PanelUISystem:0.1","worst":12.4,"casting":true,"particles":250,"particleCount":1,"emissionRate":1,"calls":22,"head":[0,0.76,0],"yaw":0,"pitch":-19}
2026-10-01T03:40:37.556Z [perf] {"mode":"xr","views":2,"target":"1680x1760","fps":85.3,"msMedian":11.2,"msP95":15.4,"msWorst":26.9,"calls":22,"tris":49724,"points":2600,"programs":31,"geometries":34,"textures":9,"abilities":1,"instances":190,"particles":250,"foveation":1}
2026-10-01T03:40:39.446Z [live] {"w":5,"cond":"NO_MIST_OR_FROST","t":6,"scored":true,"fps":89.8,"ms":11.1,"js":1.8,"top":"InputSystem:0.9 CastSystem:0.6 PanelUISystem:0.1","worst":12.6,"casting":true,"particles":136,"particleCount":1,"emissionRate":1,"calls":16,"head":[0,0.76,0],"yaw":0,"pitch":-19}
2026-10-01T03:40:41.455Z [live] {"w":5,"cond":"NO_MIST_OR_FROST","t":8,"scored":true,"fps":90.1,"ms":11.1,"js":1.8,"top":"InputSystem:0.9 CastSystem:0.7 PanelUISystem:0.1","worst":12.3,"casting":true,"particles":595,"particleCount":1,"emissionRate":1,"calls":22,"head":[0,0.76,0],"yaw":0,"pitch":-19}
2026-10-01T03:40:42.555Z [perf] {"mode":"xr","views":2,"target":"1680x1760","fps":90,"msMedian":11.1,"msP95":11.8,"msWorst":12.5,"calls":22,"tris":49724,"points":2600,"programs":31,"geometries":34,"textures":9,"abilities":1,"instances":190,"particles":296,"foveation":1}
2026-10-01T03:40:43.456Z [live] {"w":5,"cond":"NO_MIST_OR_FROST","t":10,"scored":true,"fps":90,"ms":11.1,"js":2,"top":"InputSystem:1.0 CastSystem:0.8 PanelUISystem:0.1","worst":12.5,"casting":true,"particles":246,"particleCount":1,"emissionRate":1,"calls":22,"head":[0,0.76,0],"yaw":0,"pitch":-19}
2026-10-01T03:40:45.435Z [live] PARTICLE CHECK {"w":5,"cond":"NO_MIST_OR_FROST","valid":true,"particlePeak":600,"checks":5,"particleCount":1,"emissionRate":1}
2026-10-01T03:40:45.436Z [live] WINDOW RESULT {"name":"NO_MIST_OR_FROST","age":[11.2,11.1,11.1],"js":[1.9,2,1.8],"top":["InputSystem:0.9 CastSystem:0.7 PanelUISystem:0.1","InputSystem:0.9 CastSystem:0.8 PanelUISystem:0.1","InputSystem:1.0 CastSystem:0.6 PanelUISystem:0.1"],"mean":11.14,"p95":11.9,"slowPct":0.5,"worst":26.9,"castMean":11.14,"idleMean":11.14}
2026-10-01T03:40:45.436Z [live] ## WINDOW 6/12 NO_CAST
2026-10-01T03:40:47.436Z [live] {"w":6,"cond":"NO_CAST","t":2,"scored":true,"fps":90,"ms":11.1,"js":3.2,"top":"InputSystem:2.1 CastSystem:0.6 PanelUISystem:0.1","worst":12.5,"casting":false,"particles":0,"particleCount":1,"emissionRate":1,"calls":16,"head":[0,0.76,0],"yaw":0,"pitch":-19}
2026-10-01T03:40:47.559Z [perf] {"mode":"xr","views":2,"target":"1680x1760","fps":89.9,"msMedian":11.2,"msP95":11.9,"msWorst":13.1,"calls":16,"tris":23124,"points":2600,"programs":31,"geometries":34,"textures":9,"abilities":0,"instances":0,"particles":0,"foveation":1}
2026-10-01T03:40:49.447Z [live] {"w":6,"cond":"NO_CAST","t":4,"scored":true,"fps":90,"ms":11.1,"js":1.4,"top":"InputSystem:1.1 PanelUISystem:0.1 LocomotionSystem:0.0","worst":12.2,"casting":false,"particles":0,"particleCount":1,"emissionRate":1,"calls":16,"head":[0,0.76,0],"yaw":0,"pitch":-19}
2026-10-01T03:40:51.458Z [live] {"w":6,"cond":"NO_CAST","t":6,"scored":true,"fps":90,"ms":11.1,"js":1.4,"top":"InputSystem:1.1 PanelUISystem:0.1 StageSystem:0.0","worst":12.5,"casting":false,"particles":0,"particleCount":1,"emissionRate":1,"calls":16,"head":[0,0.76,0],"yaw":0,"pitch":-19}
2026-10-01T03:40:52.558Z [perf] {"mode":"xr","views":2,"target":"1680x1760","fps":90,"msMedian":11.1,"msP95":12,"msWorst":12.8,"calls":16,"tris":23124,"points":2600,"programs":31,"geometries":34,"textures":9,"abilities":0,"instances":0,"particles":0,"foveation":1}
2026-10-01T03:40:53.469Z [live] {"w":6,"cond":"NO_CAST","t":8,"scored":true,"fps":90,"ms":11.1,"js":1.4,"top":"InputSystem:1.1 PanelUISystem:0.1 LocomotionSystem:0.0","worst":12.8,"casting":false,"particles":0,"particleCount":1,"emissionRate":1,"calls":16,"head":[0,0.76,0],"yaw":0,"pitch":-19}
2026-10-01T03:40:55.480Z [live] {"w":6,"cond":"NO_CAST","t":10,"scored":true,"fps":90,"ms":11.1,"js":1.4,"top":"InputSystem:1.1 PanelUISystem:0.1 StageSystem:0.0","worst":12.4,"casting":false,"particles":0,"particleCount":1,"emissionRate":1,"calls":16,"head":[0,0.76,0],"yaw":0,"pitch":-19}
2026-10-01T03:40:57.436Z [live] PARTICLE CHECK {"w":6,"cond":"NO_CAST","valid":true,"particlePeak":0,"checks":5,"particleCount":1,"emissionRate":1}
2026-10-01T03:40:57.437Z [live] WINDOW RESULT {"name":"NO_CAST","age":[0,0,0],"js":[0,0,0],"top":["FrameUniformSystem:0.0 LocomotionSystem:0.0 InputSystem:0.0","FrameUniformSystem:0.0 LocomotionSystem:0.0 InputSystem:0.0","FrameUniformSystem:0.0 LocomotionSystem:0.0 InputSystem:0.0"],"mean":11.11,"p95":12,"slowPct":0,"worst":12.8,"castMean":0,"idleMean":11.11}
2026-10-01T03:40:57.437Z [live] ## WINDOW 7/12 NO_CAST
2026-10-01T03:40:57.569Z [perf] {"mode":"xr","views":2,"target":"1680x1760","fps":90,"msMedian":11.1,"msP95":11.9,"msWorst":12.6,"calls":16,"tris":23124,"points":2600,"programs":31,"geometries":34,"textures":9,"abilities":0,"instances":0,"particles":0,"foveation":1}
2026-10-01T03:40:59.447Z [live] {"w":7,"cond":"NO_CAST","t":2,"scored":true,"fps":90,"ms":11.1,"js":2.8,"top":"InputSystem:2.1 PanelUISystem:0.1 LocomotionSystem:0.1","worst":12.3,"casting":false,"particles":0,"particleCount":1,"emissionRate":1,"calls":16,"head":[0,0.76,0],"yaw":0,"pitch":-19}
2026-10-01T03:41:01.446Z [live] {"w":7,"cond":"NO_CAST","t":4,"scored":true,"fps":90,"ms":11.1,"js":1.4,"top":"InputSystem:1.0 PanelUISystem:0.1 LocomotionSystem:0.0","worst":12.4,"casting":false,"particles":0,"particleCount":1,"emissionRate":1,"calls":16,"head":[0,0.76,0],"yaw":0,"pitch":-19}
2026-10-01T03:41:02.569Z [perf] {"mode":"xr","views":2,"target":"1680x1760","fps":90,"msMedian":11.1,"msP95":12,"msWorst":12.4,"calls":16,"tris":23124,"points":2600,"programs":31,"geometries":34,"textures":9,"abilities":0,"instances":0,"particles":0,"foveation":1}
2026-10-01T03:41:03.458Z [live] {"w":7,"cond":"NO_CAST","t":6,"scored":true,"fps":90,"ms":11.1,"js":1.3,"top":"InputSystem:1.0 PanelUISystem:0.1 StageSystem:0.0","worst":12.6,"casting":false,"particles":0,"particleCount":1,"emissionRate":1,"calls":16,"head":[0,0.76,0],"yaw":0,"pitch":-19}
2026-10-01T03:41:05.468Z [live] {"w":7,"cond":"NO_CAST","t":8,"scored":true,"fps":89.5,"ms":11.2,"js":1.4,"top":"InputSystem:1.1 PanelUISystem:0.1 StageSystem:0.0","worst":22,"casting":false,"particles":0,"particleCount":1,"emissionRate":1,"calls":16,"head":[0,0.76,0],"yaw":0,"pitch":-19}
2026-10-01T03:41:07.480Z [live] {"w":7,"cond":"NO_CAST","t":10,"scored":true,"fps":90,"ms":11.1,"js":1.4,"top":"InputSystem:1.0 PanelUISystem:0.1 ScreenSpaceUISystem:0.0","worst":12.5,"casting":false,"particles":0,"particleCount":1,"emissionRate":1,"calls":16,"head":[0,0.76,0],"yaw":0,"pitch":-19}
2026-10-01T03:41:07.578Z [perf] {"mode":"xr","views":2,"target":"1680x1760","fps":89.8,"msMedian":11.1,"msP95":12.1,"msWorst":22,"calls":16,"tris":23124,"points":2600,"programs":31,"geometries":34,"textures":9,"abilities":0,"instances":0,"particles":0,"foveation":1}
2026-10-01T03:41:09.435Z [live] PARTICLE CHECK {"w":7,"cond":"NO_CAST","valid":true,"particlePeak":0,"checks":5,"particleCount":1,"emissionRate":1}
2026-10-01T03:41:09.436Z [live] WINDOW RESULT {"name":"NO_CAST","age":[0,0,0],"js":[0,0,0],"top":["FrameUniformSystem:0.0 LocomotionSystem:0.0 InputSystem:0.0","FrameUniformSystem:0.0 LocomotionSystem:0.0 InputSystem:0.0","FrameUniformSystem:0.0 LocomotionSystem:0.0 InputSystem:0.0"],"mean":11.12,"p95":12,"slowPct":0.2,"worst":22,"castMean":0,"idleMean":11.12}
2026-10-01T03:41:09.436Z [live] ## WINDOW 8/12 NO_MIST_OR_FROST
2026-10-01T03:41:11.442Z [live] {"w":8,"cond":"NO_MIST_OR_FROST","t":2,"scored":true,"fps":90.2,"ms":11.1,"js":3.4,"top":"InputSystem:2.0 CastSystem:0.7 PanelUISystem:0.1","worst":12.9,"casting":true,"particles":586,"particleCount":1,"emissionRate":1,"calls":22,"head":[0,0.76,0],"yaw":0,"pitch":-19}
2026-10-01T03:41:12.585Z [perf] {"mode":"xr","views":2,"target":"1680x1760","fps":89.9,"msMedian":11.1,"msP95":12,"msWorst":22.3,"calls":22,"tris":49724,"points":2600,"programs":31,"geometries":34,"textures":9,"abilities":1,"instances":190,"particles":286,"foveation":1}
2026-10-01T03:41:13.442Z [live] {"w":8,"cond":"NO_MIST_OR_FROST","t":4,"scored":true,"fps":89.5,"ms":11.2,"js":2,"top":"InputSystem:1.0 CastSystem:0.8 PanelUISystem:0.1","worst":22.3,"casting":true,"particles":236,"particleCount":1,"emissionRate":1,"calls":22,"head":[0,0.76,0],"yaw":0,"pitch":-19}
2026-10-01T03:41:15.446Z [live] {"w":8,"cond":"NO_MIST_OR_FROST","t":6,"scored":true,"fps":89.8,"ms":11.1,"js":1.9,"top":"InputSystem:1.0 CastSystem:0.6 PanelUISystem:0.1","worst":12.5,"casting":false,"particles":139,"particleCount":1,"emissionRate":1,"calls":16,"head":[0,0.76,0],"yaw":0,"pitch":-19}
2026-10-01T03:41:17.454Z [live] {"w":8,"cond":"NO_MIST_OR_FROST","t":8,"scored":true,"fps":90.1,"ms":11.1,"js":1.9,"top":"InputSystem:0.9 CastSystem:0.7 PanelUISystem:0.1","worst":12.3,"casting":true,"particles":619,"particleCount":1,"emissionRate":1,"calls":22,"head":[0,0.76,0],"yaw":0,"pitch":-19}
2026-10-01T03:41:17.588Z [perf] {"mode":"xr","views":2,"target":"1680x1760","fps":90,"msMedian":11.1,"msP95":11.8,"msWorst":12.5,"calls":22,"tris":49724,"points":2600,"programs":31,"geometries":34,"textures":9,"abilities":1,"instances":190,"particles":573,"foveation":1}
2026-10-01T03:41:19.454Z [live] {"w":8,"cond":"NO_MIST_OR_FROST","t":10,"scored":true,"fps":90,"ms":11.1,"js":2,"top":"InputSystem:1.0 CastSystem:0.7 PanelUISystem:0.1","worst":11.9,"casting":true,"particles":247,"particleCount":1,"emissionRate":1,"calls":22,"head":[0,0.76,0],"yaw":0,"pitch":-19}
2026-10-01T03:41:21.446Z [live] PARTICLE CHECK {"w":8,"cond":"NO_MIST_OR_FROST","valid":true,"particlePeak":619,"checks":5,"particleCount":1,"emissionRate":1}
2026-10-01T03:41:21.447Z [live] WINDOW RESULT {"name":"NO_MIST_OR_FROST","age":[11.1,11.1,11.1],"js":[2,2,1.9],"top":["InputSystem:1.0 CastSystem:0.7 PanelUISystem:0.1","InputSystem:1.0 CastSystem:0.7 PanelUISystem:0.1","InputSystem:1.0 CastSystem:0.6 PanelUISystem:0.1"],"mean":11.12,"p95":11.8,"slowPct":0.1,"worst":22.3,"castMean":11.12,"idleMean":11.16}
2026-10-01T03:41:21.447Z [live] ## WINDOW 9/12 BOTH_V2
2026-10-01T03:41:22.596Z [perf] {"mode":"xr","views":2,"target":"1680x1760","fps":89.7,"msMedian":11.1,"msP95":11.8,"msWorst":18.4,"calls":46,"tris":50270,"points":2600,"programs":31,"geometries":34,"textures":9,"abilities":1,"instances":190,"particles":1157,"foveation":1}
2026-10-01T03:41:23.456Z [live] {"w":9,"cond":"BOTH_V2","t":2,"scored":true,"fps":83,"ms":12,"js":3.9,"top":"InputSystem:2.0 CastSystem:1.3 PanelUISystem:0.2","worst":18.4,"casting":true,"particles":885,"particleCount":1,"emissionRate":1,"calls":45,"head":[0,0.76,0],"yaw":0,"pitch":-19}
2026-10-01T03:41:25.467Z [live] {"w":9,"cond":"BOTH_V2","t":4,"scored":true,"fps":81.1,"ms":12.3,"js":1.8,"top":"InputSystem:0.9 CastSystem:0.7 PanelUISystem:0.1","worst":19.8,"casting":true,"particles":359,"particleCount":1,"emissionRate":1,"calls":45,"head":[0,0.76,0],"yaw":0,"pitch":-19}
2026-10-01T03:41:27.468Z [live] {"w":9,"cond":"BOTH_V2","t":6,"scored":true,"fps":89.4,"ms":11.2,"js":1.7,"top":"InputSystem:0.9 CastSystem:0.6 PanelUISystem:0.1","worst":18.7,"casting":true,"particles":187,"particleCount":1,"emissionRate":1,"calls":39,"head":[0,0.76,0],"yaw":0,"pitch":-19}
2026-10-01T03:41:27.593Z [perf] {"mode":"xr","views":2,"target":"1680x1760","fps":83.6,"msMedian":11.4,"msP95":14.9,"msWorst":19.8,"calls":54,"tris":49788,"points":2600,"programs":31,"geometries":34,"textures":9,"abilities":1,"instances":190,"particles":317,"foveation":1}
2026-10-01T03:41:29.483Z [live] {"w":9,"cond":"BOTH_V2","t":8,"scored":true,"fps":59,"ms":16.9,"js":1.8,"top":"InputSystem:0.8 CastSystem:0.7 PanelUISystem:0.1","worst":21.3,"casting":true,"particles":912,"particleCount":1,"emissionRate":1,"calls":45,"head":[0,0.76,0],"yaw":0,"pitch":-19}
2026-10-01T03:41:31.488Z [live] {"w":9,"cond":"BOTH_V2","t":10,"scored":true,"fps":66.3,"ms":15.1,"js":1.6,"top":"InputSystem:0.7 CastSystem:0.6 PanelUISystem:0.1","worst":19.8,"casting":true,"particles":363,"particleCount":1,"emissionRate":1,"calls":44,"head":[0,0.76,0],"yaw":0,"pitch":-19}
2026-10-01T03:41:32.600Z [perf] {"mode":"xr","views":2,"target":"1680x1760","fps":67.9,"msMedian":15.6,"msP95":19.5,"msWorst":21.3,"calls":44,"tris":49768,"points":2600,"programs":31,"geometries":34,"textures":9,"abilities":1,"instances":190,"particles":285,"foveation":1}
2026-10-01T03:41:33.457Z [live] PARTICLE CHECK {"w":9,"cond":"BOTH_V2","valid":true,"particlePeak":912,"checks":5,"particleCount":1,"emissionRate":1}
2026-10-01T03:41:33.458Z [live] WINDOW RESULT {"name":"BOTH_V2","age":[14,13.7,11.3],"js":[1.9,1.7,1.6],"top":["InputSystem:0.9 CastSystem:0.7 PanelUISystem:0.1","InputSystem:0.8 CastSystem:0.7 PanelUISystem:0.1","InputSystem:0.8 CastSystem:0.5 PanelUISystem:0.1"],"mean":12.86,"p95":18.5,"slowPct":25.4,"worst":21.3,"castMean":13.03,"idleMean":11.34}
2026-10-01T03:41:33.458Z [live] ## WINDOW 10/12 FROST_V2
2026-10-01T03:41:35.500Z [live] {"w":10,"cond":"FROST_V2","t":2,"scored":true,"fps":41.1,"ms":24.3,"js":5.1,"top":"InputSystem:2.6 CastSystem:1.7 PanelUISystem:0.2","worst":86.1,"casting":true,"particles":855,"particleCount":1,"emissionRate":1,"calls":44,"head":[0,0.76,0],"yaw":0,"pitch":-19}
2026-10-01T03:41:37.508Z [live] {"w":10,"cond":"FROST_V2","t":4.1,"scored":true,"fps":30.9,"ms":32.4,"js":1.7,"top":"InputSystem:0.8 CastSystem:0.6 PanelUISystem:0.1","worst":52.6,"casting":true,"particles":361,"particleCount":1,"emissionRate":1,"calls":44,"head":[0,0.76,0],"yaw":0,"pitch":-19}
2026-10-01T03:41:37.612Z [perf] {"mode":"xr","views":2,"target":"1680x1760","fps":44.9,"msMedian":19.1,"msP95":43.2,"msWorst":86.1,"calls":44,"tris":49768,"points":2600,"programs":31,"geometries":34,"textures":9,"abilities":1,"instances":190,"particles":348,"foveation":1}
2026-10-01T03:41:39.512Z [live] {"w":10,"cond":"FROST_V2","t":6.1,"scored":true,"fps":70.3,"ms":14.2,"js":1.5,"top":"InputSystem:0.8 CastSystem:0.4 PanelUISystem:0.1","worst":23.5,"casting":true,"particles":202,"particleCount":1,"emissionRate":1,"calls":45,"head":[0,0.76,0],"yaw":0,"pitch":-19}
2026-10-01T03:41:41.516Z [live] {"w":10,"cond":"FROST_V2","t":8.1,"scored":true,"fps":28.5,"ms":35.1,"js":1.7,"top":"InputSystem:0.8 CastSystem:0.6 PanelUISystem:0.1","worst":61.1,"casting":true,"particles":914,"particleCount":1,"emissionRate":1,"calls":45,"head":[0,0.76,0],"yaw":0,"pitch":-19}
2026-10-01T03:41:42.649Z [perf] {"mode":"xr","views":2,"target":"1680x1760","fps":42.1,"msMedian":14.8,"msP95":61,"msWorst":81.2,"calls":45,"tris":49770,"points":2600,"programs":31,"geometries":34,"textures":9,"abilities":1,"instances":190,"particles":506,"foveation":1}
2026-10-01T03:41:43.530Z [live] {"w":10,"cond":"FROST_V2","t":10.1,"scored":true,"fps":21.3,"ms":46.9,"js":1.7,"top":"InputSystem:0.8 CastSystem:0.6 PanelUISystem:0.1","worst":81.2,"casting":true,"particles":365,"particleCount":1,"emissionRate":1,"calls":44,"head":[0,0.76,0],"yaw":0,"pitch":-19}
2026-10-01T03:41:45.465Z [live] PARTICLE CHECK {"w":10,"cond":"FROST_V2","valid":true,"particlePeak":914,"checks":5,"particleCount":1,"emissionRate":1}
2026-10-01T03:41:45.465Z [live] WINDOW RESULT {"name":"FROST_V2","age":[27.7,39.6,13.6],"js":[1.7,1.7,1.5],"top":["InputSystem:0.8 CastSystem:0.6 PanelUISystem:0.1","InputSystem:0.8 CastSystem:0.6 PanelUISystem:0.1","InputSystem:0.8 CastSystem:0.4 PanelUISystem:0.1"],"mean":22.16,"p95":52.7,"slowPct":52.8,"worst":86.1,"castMean":24.31,"idleMean":11.66}
2026-10-01T03:41:45.466Z [live] ## WINDOW 11/12 MIST_V2
2026-10-01T03:41:47.482Z [live] {"w":11,"cond":"MIST_V2","t":2,"scored":true,"fps":78.9,"ms":12.7,"js":3.3,"top":"InputSystem:1.6 CastSystem:1.1 PanelUISystem:0.1","worst":21.1,"casting":true,"particles":889,"particleCount":1,"emissionRate":1,"calls":45,"head":[0,0.76,0],"yaw":0,"pitch":-19}
2026-10-01T03:41:47.662Z [perf] {"mode":"xr","views":2,"target":"1680x1760","fps":69.4,"msMedian":11.7,"msP95":30.2,"msWorst":45.4,"calls":45,"tris":49770,"points":2600,"programs":31,"geometries":34,"textures":9,"abilities":1,"instances":190,"particles":835,"foveation":1}
2026-10-01T03:41:49.490Z [live] {"w":11,"cond":"MIST_V2","t":4,"scored":true,"fps":65.3,"ms":15.3,"js":1.7,"top":"InputSystem:0.8 CastSystem:0.7 PanelUISystem:0.1","worst":20.2,"casting":true,"particles":372,"particleCount":1,"emissionRate":1,"calls":45,"head":[0,0.76,0],"yaw":0,"pitch":-19}
2026-10-01T03:41:51.496Z [live] {"w":11,"cond":"MIST_V2","t":6,"scored":true,"fps":75.2,"ms":13.3,"js":1.6,"top":"InputSystem:0.8 CastSystem:0.5 PanelUISystem:0.1","worst":19.6,"casting":true,"particles":205,"particleCount":1,"emissionRate":1,"calls":39,"head":[0,0.76,0],"yaw":0,"pitch":-19}
2026-10-01T03:41:52.674Z [perf] {"mode":"xr","views":2,"target":"1680x1760","fps":65.8,"msMedian":14.7,"msP95":23,"msWorst":26.6,"calls":56,"tris":50290,"points":2600,"programs":31,"geometries":34,"textures":9,"abilities":1,"instances":190,"particles":1266,"foveation":1}
2026-10-01T03:41:53.513Z [live] {"w":11,"cond":"MIST_V2","t":8,"scored":true,"fps":46.6,"ms":21.5,"js":1.8,"top":"InputSystem:0.8 CastSystem:0.7 PanelUISystem:0.1","worst":26.6,"casting":true,"particles":935,"particleCount":1,"emissionRate":1,"calls":47,"head":[0,0.76,0],"yaw":0,"pitch":-19}
2026-10-01T03:41:55.519Z [live] {"w":11,"cond":"MIST_V2","t":10.1,"scored":true,"fps":57.4,"ms":17.4,"js":1.7,"top":"InputSystem:0.8 CastSystem:0.6 PanelUISystem:0.1","worst":25.3,"casting":true,"particles":363,"particleCount":1,"emissionRate":1,"calls":46,"head":[0,0.76,0],"yaw":0,"pitch":-19}
2026-10-01T03:41:57.471Z [live] PARTICLE CHECK {"w":11,"cond":"MIST_V2","valid":true,"particlePeak":935,"checks":5,"particleCount":1,"emissionRate":1}
2026-10-01T03:41:57.471Z [live] WINDOW RESULT {"name":"MIST_V2","age":[15.9,16.5,14.1],"js":[1.8,1.7,1.6],"top":["InputSystem:0.8 CastSystem:0.7 PanelUISystem:0.1","InputSystem:0.8 CastSystem:0.7 PanelUISystem:0.1","InputSystem:0.8 CastSystem:0.5 PanelUISystem:0.1"],"mean":15.41,"p95":23.1,"slowPct":57.4,"worst":26.6,"castMean":15.37,"idleMean":15.91}
2026-10-01T03:41:57.472Z [live] ## WINDOW 12/12 CURRENT
2026-10-01T03:41:57.677Z [perf] {"mode":"xr","views":2,"target":"1680x1760","fps":59.6,"msMedian":16.3,"msP95":24.3,"msWorst":26.2,"calls":36,"tris":49752,"points":2600,"programs":31,"geometries":34,"textures":9,"abilities":1,"instances":190,"particles":341,"foveation":1}
2026-10-01T03:41:59.483Z [live] {"w":12,"cond":"CURRENT","t":2,"scored":true,"fps":32.3,"ms":30.9,"js":4.9,"top":"InputSystem:2.5 CastSystem:1.6 PanelUISystem:0.2","worst":62.8,"casting":true,"particles":926,"particleCount":1,"emissionRate":1,"calls":44,"head":[0,0.76,0],"yaw":0,"pitch":-19}
2026-10-01T03:42:01.482Z [live] {"w":12,"cond":"CURRENT","t":4,"scored":true,"fps":25.5,"ms":39.2,"js":1.7,"top":"InputSystem:0.7 CastSystem:0.6 PanelUISystem:0.1","worst":64.6,"casting":true,"particles":385,"particleCount":1,"emissionRate":1,"calls":44,"head":[0,0.76,0],"yaw":0,"pitch":-19}
2026-10-01T03:42:02.700Z [perf] {"mode":"xr","views":2,"target":"1680x1760","fps":31.5,"msMedian":25.1,"msP95":60.3,"msWorst":64.6,"calls":44,"tris":49768,"points":2600,"programs":31,"geometries":34,"textures":9,"abilities":1,"instances":190,"particles":270,"foveation":1}
2026-10-01T03:42:03.501Z [live] {"w":12,"cond":"CURRENT","t":6,"scored":true,"fps":49,"ms":20.4,"js":1.5,"top":"InputSystem:0.8 CastSystem:0.5 PanelUISystem:0.1","worst":24.9,"casting":true,"particles":190,"particleCount":1,"emissionRate":1,"calls":38,"head":[0,0.76,0],"yaw":0,"pitch":-19}
2026-10-01T03:42:05.504Z [live] {"w":12,"cond":"CURRENT","t":8,"scored":true,"fps":23,"ms":43.5,"js":1.7,"top":"InputSystem:0.8 CastSystem:0.7 PanelUISystem:0.1","worst":63.8,"casting":true,"particles":948,"particleCount":1,"emissionRate":1,"calls":48,"head":[0,0.76,0],"yaw":0,"pitch":-19}
2026-10-01T03:42:07.509Z [live] {"w":12,"cond":"CURRENT","t":10,"scored":true,"fps":26.4,"ms":37.8,"js":1.6,"top":"InputSystem:0.7 CastSystem:0.6 PanelUISystem:0.1","worst":75,"casting":true,"particles":389,"particleCount":1,"emissionRate":1,"calls":47,"head":[0,0.76,0],"yaw":0,"pitch":-19}
2026-10-01T03:42:07.701Z [perf] {"mode":"xr","views":2,"target":"1680x1760","fps":29.4,"msMedian":23.5,"msP95":58.2,"msWorst":75,"calls":47,"tris":49774,"points":2600,"programs":31,"geometries":34,"textures":9,"abilities":1,"instances":190,"particles":369,"foveation":1}
2026-10-01T03:42:09.484Z [live] PARTICLE CHECK {"w":12,"cond":"CURRENT","valid":true,"particlePeak":948,"checks":5,"particleCount":1,"emissionRate":1}
2026-10-01T03:42:09.485Z [live] WINDOW RESULT {"name":"CURRENT","age":[35.6,39.4,19.7],"js":[1.7,1.6,1.5],"top":["InputSystem:0.8 CastSystem:0.6 PanelUISystem:0.1","InputSystem:0.7 CastSystem:0.6 PanelUISystem:0.1","InputSystem:0.8 CastSystem:0.5 PanelUISystem:0.1"],"mean":28.74,"p95":57.2,"slowPct":95.5,"worst":75,"castMean":30.42,"idleMean":18.11}
2026-10-01T03:42:09.486Z [live] RESULTS [{"name":"CURRENT","mean":28.94,"p95":62,"slowPct":95.3,"castMean":30.8,"idleMean":17.79,"age":[35.6,40.6,19.7],"js":[1.8,1.7,1.6],"top":["InputSystem:0.8 CastSystem:0.7 PanelUISystem:0.1","InputSystem:0.8 CastSystem:0.7 PanelUISystem:0.1","InputSystem:0.8 CastSystem:0.5 PanelUISystem:0.1"],"worst":96.4,"windows":[29.14,28.74],"vsCurrent":0},{"name":"MIST_V2","mean":15.86,"p95":23.8,"slowPct":65.3,"castMean":15.86,"idleMean":15.93,"age":[16.1,17.4,14.3],"js":[1.8,1.6,1.6],"top":["InputSystem:0.8 CastSystem:0.6 PanelUISystem:0.1","InputSystem:0.7 CastSystem:0.7 PanelUISystem:0.1","InputSystem:0.8 CastSystem:0.5 PanelUISystem:0.1"],"worst":31.4,"windows":[16.31,15.41],"vsCurrent":-13.08},{"name":"FROST_V2","mean":22.73,"p95":57.6,"slowPct":56.9,"castMean":25.09,"idleMean":11.52,"age":[28.7,39,14.1],"js":[1.7,1.6,1.5],"top":["InputSystem:0.8 CastSystem:0.6 PanelUISystem:0.1","InputSystem:0.8 CastSystem:0.6 PanelUISystem:0.1","InputSystem:0.8 CastSystem:0.5 PanelUISystem:0.1"],"worst":98.2,"windows":[23.31,22.16],"vsCurrent":-6.21},{"name":"BOTH_V2","mean":13.52,"p95":20.35,"slowPct":33.65,"castMean":13.67,"idleMean":12.1,"age":[14.1,15,11.9],"js":[1.9,1.7,1.6],"top":["InputSystem:0.8 CastSystem:0.7 PanelUISystem:0.1","InputSystem:0.8 CastSystem:0.6 PanelUISystem:0.1","InputSystem:0.8 CastSystem:0.5 PanelUISystem:0.1"],"worst":26.8,"windows":[14.17,12.86],"vsCurrent":-15.42},{"name":"NO_MIST_OR_FROST","mean":11.13,"p95":11.85,"slowPct":0.3,"castMean":11.13,"idleMean":11.15,"age":[11.1,11.1,11.1],"js":[1.9,2,1.9],"top":["InputSystem:0.9 CastSystem:0.7 PanelUISystem:0.1","InputSystem:0.9 CastSystem:0.8 PanelUISystem:0.1","InputSystem:1.0 CastSystem:0.6 PanelUISystem:0.1"],"worst":26.9,"windows":[11.14,11.12],"vsCurrent":-17.81},{"name":"NO_CAST","mean":11.11,"p95":12,"slowPct":0.1,"castMean":0,"idleMean":11.11,"age":[0,0,0],"js":[0,0,0],"top":["FrameUniformSystem:0.0 LocomotionSystem:0.0 InputSystem:0.0","FrameUniformSystem:0.0 LocomotionSystem:0.0 InputSystem:0.0","FrameUniformSystem:0.0 LocomotionSystem:0.0 InputSystem:0.0"],"worst":22,"windows":[11.11,11.12],"vsCurrent":-17.83}]
2026-10-01T03:42:10.493Z [frame-probe] RESULTS {"mode":"xr","gpuTimer":false,"disjointCount":0,"skippedQueries":0,"pendingQueries":0,"windows":[{"w":1,"name":"CURRENT","interval":{"count":411,"mean":29.185,"p95":66.8,"worst":96.4},"cpuFrame":{"count":411,"mean":4.167,"p95":5.8,"worst":10.1},"update":{"count":411,"mean":1.814,"p95":2.6,"worst":6.7},"render":{"count":411,"mean":2.348,"p95":3.4,"worst":4.1},"gpu":{"count":0,"mean":null,"p95":null,"worst":null}},{"w":2,"name":"MIST_V2","interval":{"count":736,"mean":16.313,"p95":24.5,"worst":31.4},"cpuFrame":{"count":736,"mean":3.916,"p95":5.4,"worst":6.4},"update":{"count":736,"mean":1.66,"p95":2.4,"worst":3.1},"render":{"count":736,"mean":2.25,"p95":3.3,"worst":4.5},"gpu":{"count":0,"mean":null,"p95":null,"worst":null}},{"w":3,"name":"FROST_V2","interval":{"count":515,"mean":23.313,"p95":62.5,"worst":98.2},"cpuFrame":{"count":515,"mean":3.794,"p95":5.3,"worst":6.8},"update":{"count":515,"mean":1.609,"p95":2.3,"worst":3.7},"render":{"count":515,"mean":2.179,"p95":3.1,"worst":4.3},"gpu":{"count":0,"mean":null,"p95":null,"worst":null}},{"w":4,"name":"BOTH_V2","interval":{"count":848,"mean":14.167,"p95":22.2,"worst":26.8},"cpuFrame":{"count":848,"mean":4.044,"p95":5.3,"worst":6.6},"update":{"count":848,"mean":1.695,"p95":2.2,"worst":3.1},"render":{"count":848,"mean":2.344,"p95":3.3,"worst":4.5},"gpu":{"count":0,"mean":null,"p95":null,"worst":null}},{"w":5,"name":"NO_MIST_OR_FROST","interval":{"count":1078,"mean":11.14,"p95":11.9,"worst":26.9},"cpuFrame":{"count":1078,"mean":4.221,"p95":5.4,"worst":7.2},"update":{"count":1078,"mean":1.94,"p95":2.4,"worst":3.9},"render":{"count":1078,"mean":2.276,"p95":3,"worst":4},"gpu":{"count":0,"mean":null,"p95":null,"worst":null}},{"w":6,"name":"NO_CAST","interval":{"count":1080,"mean":11.111,"p95":12,"worst":12.8},"cpuFrame":{"count":1080,"mean":3.14,"p95":3.8,"worst":6},"update":{"count":1080,"mean":1.465,"p95":1.8,"worst":4.2},"render":{"count":1080,"mean":1.668,"p95":2.2,"worst":2.9},"gpu":{"count":0,"mean":null,"p95":null,"worst":null}},{"w":7,"name":"NO_CAST","interval":{"count":1079,"mean":11.122,"p95":12,"worst":22},"cpuFrame":{"count":1079,"mean":3.047,"p95":3.8,"worst":5.8},"update":{"count":1079,"mean":1.421,"p95":1.8,"worst":3.9},"render":{"count":1079,"mean":1.619,"p95":2.2,"worst":3.9},"gpu":{"count":0,"mean":null,"p95":null,"worst":null}},{"w":8,"name":"NO_MIST_OR_FROST","interval":{"count":1080,"mean":11.121,"p95":11.8,"worst":22.4},"cpuFrame":{"count":1080,"mean":4.293,"p95":5.4,"worst":6.7},"update":{"count":1080,"mean":1.988,"p95":2.4,"worst":3.5},"render":{"count":1080,"mean":2.299,"p95":3.1,"worst":4},"gpu":{"count":0,"mean":null,"p95":null,"worst":null}},{"w":9,"name":"BOTH_V2","interval":{"count":934,"mean":12.859,"p95":18.4,"worst":21.3},"cpuFrame":{"count":934,"mean":4.186,"p95":5.4,"worst":6.8},"update":{"count":934,"mean":1.768,"p95":2.4,"worst":4.1},"render":{"count":934,"mean":2.413,"p95":3.3,"worst":4.6},"gpu":{"count":0,"mean":null,"p95":null,"worst":null}},{"w":10,"name":"FROST_V2","interval":{"count":542,"mean":22.16,"p95":52.6,"worst":86},"cpuFrame":{"count":542,"mean":3.842,"p95":5.4,"worst":6.1},"update":{"count":542,"mean":1.625,"p95":2.3,"worst":3.6},"render":{"count":542,"mean":2.212,"p95":3.2,"worst":4.1},"gpu":{"count":0,"mean":null,"p95":null,"worst":null}},{"w":11,"name":"MIST_V2","interval":{"count":779,"mean":15.412,"p95":23.1,"worst":26.6},"cpuFrame":{"count":779,"mean":4.093,"p95":5.3,"worst":6.5},"update":{"count":779,"mean":1.723,"p95":2.3,"worst":3.2},"render":{"count":779,"mean":2.365,"p95":3.2,"worst":4.5},"gpu":{"count":0,"mean":null,"p95":null,"worst":null}},{"w":12,"name":"CURRENT","interval":{"count":418,"mean":28.741,"p95":57.2,"worst":75},"cpuFrame":{"count":418,"mean":3.842,"p95":5.3,"worst":6.5},"update":{"count":418,"mean":1.626,"p95":2.2,"worst":2.8},"render":{"count":418,"mean":2.211,"p95":3.2,"worst":4.5},"gpu":{"count":0,"mean":null,"p95":null,"worst":null}}]}
