2026-10-01T03:43:51.349Z [vite] connecting...
2026-10-01T03:43:51.354Z [IWSDK Dev] Configuration: {device: metaQuest3, activation: localhost, verbose: false, sem: null, ai: null}
2026-10-01T03:43:51.519Z [vite] connected.
2026-10-01T03:43:54.642Z                                                  
▄▄▄▄▄▄  ▄▄      ▄▄   ▄▄▄▄    ▄▄▄▄▄     ▄▄   ▄▄▄ 
▀▀██▀▀  ██      ██ ▄█▀▀▀▀█   ██▀▀▀██   ██  ██▀  
  ██    ▀█▄ ██ ▄█▀ ██▄       ██    ██  ██▄██    
  ██     ██ ██ ██   ▀████▄   ██    ██  █████    
  ██     ███▀▀███       ▀██  ██    ██  ██  ██▄  
▄▄██▄▄   ███  ███  █▄▄▄▄▄█▀  ██▄▄▄██   ██   ██▄ 
▀▀▀▀▀▀   ▀▀▀  ▀▀▀   ▀▀▀▀▀    ▀▀▀▀▀     ▀▀    ▀▀                                                
===============================================
Immersive Web SDK v0.5.3
Three.js r181
EliCS v3.4.2
2026-10-01T03:44:00.651Z [frame-probe] GPU timer unavailable; use a device trace
2026-10-01T03:44:00.652Z [live] fixed-schedule probe: 18 windows x 12s (first 0s of each discarded). Move and look around normally.
2026-10-01T03:44:01.293Z THREE.WebGLRenderer: Can't change size while VR device is presenting.
2026-10-01T03:44:01.297Z WebGL: INVALID_ENUM: texParameter: invalid parameter
2026-10-01T03:44:06.265Z [perf] {"mode":"xr","views":2,"target":"1680x1760","fps":74.3,"msMedian":11.5,"msP95":17.6,"msWorst":111.1,"calls":44,"tris":49768,"points":2600,"programs":31,"geometries":34,"textures":9,"abilities":1,"instances":190,"particles":503,"foveation":1}
2026-10-01T03:44:09.257Z [live] ## WINDOW 1/18 BOTH_V2
2026-10-01T03:44:11.248Z [live] {"w":1,"cond":"BOTH_V2","t":2,"scored":true,"fps":70.8,"ms":14.1,"js":1.7,"top":"InputSystem:0.8 CastSystem:0.6 PanelUISystem:0.1","worst":19,"casting":true,"particles":885,"particleCount":1,"emissionRate":1,"calls":44,"head":[0,0.76,0],"yaw":0,"pitch":-19}
2026-10-01T03:44:11.266Z [perf] {"mode":"xr","views":2,"target":"1680x1760","fps":69.7,"msMedian":14.3,"msP95":17.5,"msWorst":20.8,"calls":44,"tris":49768,"points":2600,"programs":31,"geometries":34,"textures":9,"abilities":1,"instances":190,"particles":871,"foveation":1}
2026-10-01T03:44:13.253Z [live] {"w":1,"cond":"BOTH_V2","t":4,"scored":true,"fps":68.3,"ms":14.6,"js":1.7,"top":"InputSystem:0.8 CastSystem:0.6 PanelUISystem:0.1","worst":18.9,"casting":true,"particles":359,"particleCount":1,"emissionRate":1,"calls":44,"head":[0,0.76,0],"yaw":0,"pitch":-19}
2026-10-01T03:44:15.256Z [live] {"w":1,"cond":"BOTH_V2","t":6,"scored":true,"fps":80.4,"ms":12.4,"js":1.6,"top":"InputSystem:0.8 CastSystem:0.5 PanelUISystem:0.1","worst":16.2,"casting":true,"particles":183,"particleCount":1,"emissionRate":1,"calls":38,"head":[0,0.76,0],"yaw":0,"pitch":-19}
2026-10-01T03:44:16.274Z [perf] {"mode":"xr","views":2,"target":"1680x1760","fps":71.1,"msMedian":13.5,"msP95":19.3,"msWorst":23,"calls":68,"tris":50314,"points":2600,"programs":31,"geometries":34,"textures":9,"abilities":1,"instances":190,"particles":1296,"foveation":1}
2026-10-01T03:44:17.265Z [live] {"w":1,"cond":"BOTH_V2","t":8,"scored":true,"fps":58.2,"ms":17.2,"js":1.7,"top":"InputSystem:0.7 CastSystem:0.6 PanelUISystem:0.1","worst":23,"casting":true,"particles":934,"particleCount":1,"emissionRate":1,"calls":46,"head":[0,0.76,0],"yaw":0,"pitch":-19}
2026-10-01T03:44:19.266Z [live] {"w":1,"cond":"BOTH_V2","t":10,"scored":true,"fps":59.5,"ms":16.8,"js":1.6,"top":"InputSystem:0.7 CastSystem:0.6 PanelUISystem:0.1","worst":24.9,"casting":true,"particles":380,"particleCount":1,"emissionRate":1,"calls":45,"head":[0,0.76,0],"yaw":0,"pitch":-19}
2026-10-01T03:44:21.246Z [live] PARTICLE CHECK {"w":1,"cond":"BOTH_V2","valid":true,"particlePeak":934,"checks":5,"particleCount":1,"emissionRate":1}
2026-10-01T03:44:21.246Z [live] WINDOW RESULT {"name":"BOTH_V2","age":[15.5,15.7,12],"js":[1.7,1.6,1.6],"top":["InputSystem:0.8 CastSystem:0.6 PanelUISystem:0.1","InputSystem:0.7 CastSystem:0.6 PanelUISystem:0.1","InputSystem:0.8 CastSystem:0.5 PanelUISystem:0.1"],"mean":14.19,"p95":20.5,"slowPct":43.9,"worst":24.9,"castMean":14.41,"idleMean":12.24}
2026-10-01T03:44:21.247Z [live] ## WINDOW 2/18 V2_NO_MIST
2026-10-01T03:44:21.282Z [perf] {"mode":"xr","views":2,"target":"1680x1760","fps":69.9,"msMedian":12.3,"msP95":21.9,"msWorst":24.9,"calls":22,"tris":49724,"points":2600,"programs":31,"geometries":34,"textures":9,"abilities":1,"instances":190,"particles":1,"foveation":1}
2026-10-01T03:44:23.255Z [live] {"w":2,"cond":"V2_NO_MIST","t":2,"scored":true,"fps":89.6,"ms":11.2,"js":3.3,"top":"InputSystem:1.6 CastSystem:1.1 PanelUISystem:0.1","worst":17,"casting":true,"particles":584,"particleCount":1,"emissionRate":1,"calls":44,"head":[0,0.76,0],"yaw":0,"pitch":-19}
2026-10-01T03:44:25.266Z [live] {"w":2,"cond":"V2_NO_MIST","t":4,"scored":true,"fps":90,"ms":11.1,"js":1.8,"top":"InputSystem:0.9 CastSystem:0.7 PanelUISystem:0.1","worst":12.5,"casting":true,"particles":246,"particleCount":1,"emissionRate":1,"calls":44,"head":[0,0.76,0],"yaw":0,"pitch":-19}
2026-10-01T03:44:26.286Z [perf] {"mode":"xr","views":2,"target":"1680x1760","fps":89.9,"msMedian":11.1,"msP95":12,"msWorst":17,"calls":44,"tris":49768,"points":2600,"programs":31,"geometries":34,"textures":9,"abilities":1,"instances":190,"particles":209,"foveation":1}
2026-10-01T03:44:27.274Z [live] {"w":2,"cond":"V2_NO_MIST","t":6,"scored":true,"fps":90.1,"ms":11.1,"js":1.7,"top":"InputSystem:0.9 CastSystem:0.5 PanelUISystem:0.1","worst":12.4,"casting":true,"particles":127,"particleCount":1,"emissionRate":1,"calls":38,"head":[0,0.76,0],"yaw":0,"pitch":-19}
2026-10-01T03:44:29.276Z [live] {"w":2,"cond":"V2_NO_MIST","t":8,"scored":true,"fps":84.9,"ms":11.8,"js":1.8,"top":"InputSystem:0.8 CastSystem:0.7 PanelUISystem:0.1","worst":17.1,"casting":true,"particles":589,"particleCount":1,"emissionRate":1,"calls":45,"head":[0,0.76,0],"yaw":0,"pitch":-19}
2026-10-01T03:44:31.279Z [live] {"w":2,"cond":"V2_NO_MIST","t":10,"scored":true,"fps":89.9,"ms":11.1,"js":1.8,"top":"InputSystem:0.8 CastSystem:0.7 PanelUISystem:0.1","worst":13.8,"casting":true,"particles":255,"particleCount":1,"emissionRate":1,"calls":44,"head":[0,0.76,0],"yaw":0,"pitch":-19}
2026-10-01T03:44:31.292Z [perf] {"mode":"xr","views":2,"target":"1680x1760","fps":87.9,"msMedian":11.2,"msP95":13.5,"msWorst":17.1,"calls":44,"tris":49768,"points":2600,"programs":31,"geometries":34,"textures":9,"abilities":1,"instances":190,"particles":255,"foveation":1}
2026-10-01T03:44:33.246Z [live] PARTICLE CHECK {"w":2,"cond":"V2_NO_MIST","valid":true,"particlePeak":589,"checks":5,"particleCount":1,"emissionRate":1}
2026-10-01T03:44:33.246Z [live] WINDOW RESULT {"name":"V2_NO_MIST","age":[11.5,11.1,11.1],"js":[1.8,1.8,1.6],"top":["InputSystem:0.8 CastSystem:0.7 PanelUISystem:0.1","InputSystem:0.8 CastSystem:0.7 PanelUISystem:0.1","InputSystem:0.8 CastSystem:0.5 PanelUISystem:0.1"],"mean":11.23,"p95":12.1,"slowPct":1.7,"worst":17.1,"castMean":11.23,"idleMean":11.15}
2026-10-01T03:44:33.247Z [live] ## WINDOW 3/18 V2_NO_FROST
2026-10-01T03:44:35.255Z [live] {"w":3,"cond":"V2_NO_FROST","t":2,"scored":true,"fps":90.1,"ms":11.1,"js":3.3,"top":"InputSystem:1.6 CastSystem:1.1 PanelUISystem:0.2","worst":13.4,"casting":true,"particles":898,"particleCount":1,"emissionRate":1,"calls":22,"head":[0,0.76,0],"yaw":0,"pitch":-19}
2026-10-01T03:44:36.300Z [perf] {"mode":"xr","views":2,"target":"1680x1760","fps":89,"msMedian":11.1,"msP95":12.5,"msWorst":15.5,"calls":22,"tris":49724,"points":2600,"programs":31,"geometries":34,"textures":9,"abilities":1,"instances":190,"particles":513,"foveation":1}
2026-10-01T03:44:37.257Z [live] {"w":3,"cond":"V2_NO_FROST","t":4,"scored":true,"fps":87.3,"ms":11.5,"js":1.7,"top":"InputSystem:0.8 CastSystem:0.7 PanelUISystem:0.1","worst":15.5,"casting":true,"particles":363,"particleCount":1,"emissionRate":1,"calls":22,"head":[0,0.76,0],"yaw":0,"pitch":-19}
2026-10-01T03:44:39.263Z [live] {"w":3,"cond":"V2_NO_FROST","t":6,"scored":true,"fps":89.8,"ms":11.1,"js":1.7,"top":"InputSystem:0.9 CastSystem:0.5 PanelUISystem:0.1","worst":12.3,"casting":true,"particles":178,"particleCount":1,"emissionRate":1,"calls":16,"head":[0,0.76,0],"yaw":0,"pitch":-19}
2026-10-01T03:44:41.267Z [live] {"w":3,"cond":"V2_NO_FROST","t":8,"scored":true,"fps":83.3,"ms":12,"js":1.8,"top":"InputSystem:0.8 CastSystem:0.6 PanelUISystem:0.1","worst":18.7,"casting":true,"particles":923,"particleCount":1,"emissionRate":1,"calls":22,"head":[0,0.76,0],"yaw":0,"pitch":-19}
2026-10-01T03:44:41.309Z [perf] {"mode":"xr","views":2,"target":"1680x1760","fps":87.1,"msMedian":11.2,"msP95":14.3,"msWorst":18.7,"calls":22,"tris":49724,"points":2600,"programs":31,"geometries":34,"textures":9,"abilities":1,"instances":190,"particles":904,"foveation":1}
2026-10-01T03:44:43.268Z [live] {"w":3,"cond":"V2_NO_FROST","t":10,"scored":true,"fps":81.9,"ms":12.2,"js":1.8,"top":"InputSystem:0.8 CastSystem:0.7 PanelUISystem:0.1","worst":17.5,"casting":true,"particles":370,"particleCount":1,"emissionRate":1,"calls":22,"head":[0,0.76,0],"yaw":0,"pitch":-19}
2026-10-01T03:44:45.252Z [live] PARTICLE CHECK {"w":3,"cond":"V2_NO_FROST","valid":true,"particlePeak":923,"checks":5,"particleCount":1,"emissionRate":1}
2026-10-01T03:44:45.253Z [live] WINDOW RESULT {"name":"V2_NO_FROST","age":[11.5,11.8,11.1],"js":[1.8,1.8,1.7],"top":["InputSystem:0.8 CastSystem:0.6 PanelUISystem:0.1","InputSystem:0.8 CastSystem:0.7 PanelUISystem:0.1","InputSystem:0.9 CastSystem:0.5 PanelUISystem:0.1"],"mean":11.49,"p95":13.9,"slowPct":5,"worst":18.7,"castMean":11.52,"idleMean":11.15}
2026-10-01T03:44:45.253Z [live] ## WINDOW 4/18 V2_NO_SHARDS
2026-10-01T03:44:46.314Z [perf] {"mode":"xr","views":2,"target":"1680x1760","fps":86.9,"msMedian":11.2,"msP95":13.9,"msWorst":17.5,"calls":46,"tris":50270,"points":2600,"programs":31,"geometries":34,"textures":9,"abilities":1,"instances":190,"particles":511,"foveation":1}
2026-10-01T03:44:47.262Z [live] {"w":4,"cond":"V2_NO_SHARDS","t":2,"scored":true,"fps":82.6,"ms":12.1,"js":3.5,"top":"InputSystem:1.7 CastSystem:1.2 PanelUISystem:0.2","worst":17.7,"casting":true,"particles":534,"particleCount":1,"emissionRate":1,"calls":45,"head":[0,0.76,0],"yaw":0,"pitch":-19}
2026-10-01T03:44:49.263Z [live] {"w":4,"cond":"V2_NO_SHARDS","t":4,"scored":true,"fps":77,"ms":13,"js":1.7,"top":"InputSystem:0.8 CastSystem:0.6 PanelUISystem:0.1","worst":20.7,"casting":true,"particles":376,"particleCount":1,"emissionRate":1,"calls":45,"head":[0,0.76,0],"yaw":0,"pitch":-19}
2026-10-01T03:44:51.267Z [live] {"w":4,"cond":"V2_NO_SHARDS","t":6,"scored":true,"fps":89.8,"ms":11.1,"js":1.5,"top":"InputSystem:0.8 CastSystem:0.5 PanelUISystem:0.1","worst":13.1,"casting":true,"particles":184,"particleCount":1,"emissionRate":1,"calls":37,"head":[0,0.76,0],"yaw":0,"pitch":-19}
2026-10-01T03:44:51.322Z [perf] {"mode":"xr","views":2,"target":"1680x1760","fps":81.6,"msMedian":11.4,"msP95":16.3,"msWorst":20.7,"calls":45,"tris":45146,"points":2600,"programs":31,"geometries":34,"textures":9,"abilities":1,"instances":190,"particles":195,"foveation":1}
2026-10-01T03:44:53.289Z [live] {"w":4,"cond":"V2_NO_SHARDS","t":8,"scored":true,"fps":56.4,"ms":17.7,"js":1.2,"top":"CastSystem:0.6 InputSystem:0.3 PanelUISystem:0.1","worst":27.6,"casting":true,"particles":572,"particleCount":1,"emissionRate":1,"calls":46,"head":[0,0.76,0],"yaw":0,"pitch":-19}
2026-10-01T03:44:55.292Z [live] {"w":4,"cond":"V2_NO_SHARDS","t":10,"scored":true,"fps":55.4,"ms":18,"js":1.5,"top":"InputSystem:0.7 CastSystem:0.6 PanelUISystem:0.1","worst":25.8,"casting":true,"particles":373,"particleCount":1,"emissionRate":1,"calls":45,"head":[0,0.76,0],"yaw":0,"pitch":-19}
2026-10-01T03:44:56.329Z [perf] {"mode":"xr","views":2,"target":"1680x1760","fps":61.1,"msMedian":15,"msP95":23.3,"msWorst":27.6,"calls":45,"tris":49770,"points":2600,"programs":31,"geometries":34,"textures":9,"abilities":1,"instances":190,"particles":288,"foveation":1}
2026-10-01T03:44:57.261Z [live] PARTICLE CHECK {"w":4,"cond":"V2_NO_SHARDS","valid":true,"particlePeak":572,"checks":5,"particleCount":1,"emissionRate":1}
2026-10-01T03:44:57.261Z [live] WINDOW RESULT {"name":"V2_NO_SHARDS","age":[14.3,15.3,11.8],"js":[1.5,1.6,1.5],"top":["CastSystem:0.6 InputSystem:0.6 PanelUISystem:0.1","InputSystem:0.8 CastSystem:0.6 PanelUISystem:0.1","InputSystem:0.8 CastSystem:0.5 PanelUISystem:0.1"],"mean":13.62,"p95":21.8,"slowPct":30.6,"worst":27.6,"castMean":13.8,"idleMean":11.98}
2026-10-01T03:44:57.261Z [live] ## WINDOW 5/18 V2_NO_GLITTER
2026-10-01T03:44:59.276Z [live] {"w":5,"cond":"V2_NO_GLITTER","t":2,"scored":true,"fps":77.9,"ms":12.8,"js":3.2,"top":"InputSystem:1.6 CastSystem:1.1 PanelUISystem:0.1","worst":18.1,"casting":true,"particles":627,"particleCount":1,"emissionRate":1,"calls":44,"head":[0,0.76,0],"yaw":0,"pitch":-19}
2026-10-01T03:45:01.286Z [live] {"w":5,"cond":"V2_NO_GLITTER","t":4,"scored":true,"fps":76.1,"ms":13.1,"js":1.7,"top":"InputSystem:0.7 CastSystem:0.7 PanelUISystem:0.1","worst":17.4,"casting":true,"particles":126,"particleCount":1,"emissionRate":1,"calls":44,"head":[0,0.76,0],"yaw":0,"pitch":-19}
2026-10-01T03:45:01.330Z [perf] {"mode":"xr","views":2,"target":"1680x1760","fps":77,"msMedian":12.7,"msP95":16.5,"msWorst":18.1,"calls":44,"tris":49768,"points":2600,"programs":31,"geometries":34,"textures":9,"abilities":1,"instances":190,"particles":121,"foveation":1}
2026-10-01T03:45:03.288Z [live] {"w":5,"cond":"V2_NO_GLITTER","t":6,"scored":true,"fps":89.9,"ms":11.1,"js":1.5,"top":"InputSystem:0.8 CastSystem:0.5 PanelUISystem:0.1","worst":12.6,"casting":true,"particles":53,"particleCount":1,"emissionRate":1,"calls":38,"head":[0,0.76,0],"yaw":0,"pitch":-19}
2026-10-01T03:45:05.291Z [live] {"w":5,"cond":"V2_NO_GLITTER","t":8,"scored":true,"fps":57.4,"ms":17.4,"js":1.6,"top":"InputSystem:0.7 CastSystem:0.6 PanelUISystem:0.1","worst":26.4,"casting":true,"particles":620,"particleCount":1,"emissionRate":1,"calls":45,"head":[0,0.76,0],"yaw":0,"pitch":-19}
2026-10-01T03:45:06.330Z [perf] {"mode":"xr","views":2,"target":"1680x1760","fps":66.4,"msMedian":11.6,"msP95":25.7,"msWorst":30.3,"calls":45,"tris":49770,"points":2600,"programs":31,"geometries":34,"textures":9,"abilities":1,"instances":190,"particles":250,"foveation":1}
2026-10-01T03:45:07.295Z [live] {"w":5,"cond":"V2_NO_GLITTER","t":10,"scored":true,"fps":49.4,"ms":20.2,"js":1.5,"top":"InputSystem:0.7 CastSystem:0.5 PanelUISystem:0.1","worst":30.3,"casting":true,"particles":120,"particleCount":1,"emissionRate":1,"calls":44,"head":[0,0.76,0],"yaw":0,"pitch":-19}
2026-10-01T03:45:09.269Z [live] PARTICLE CHECK {"w":5,"cond":"V2_NO_GLITTER","valid":true,"particlePeak":627,"checks":5,"particleCount":1,"emissionRate":1}
2026-10-01T03:45:09.269Z [live] WINDOW RESULT {"name":"V2_NO_GLITTER","age":[14.7,16.1,11.7],"js":[1.7,1.6,1.5],"top":["InputSystem:0.8 CastSystem:0.6 PanelUISystem:0.1","InputSystem:0.7 CastSystem:0.6 PanelUISystem:0.1","InputSystem:0.8 CastSystem:0.5 PanelUISystem:0.1"],"mean":13.92,"p95":23.5,"slowPct":32.4,"worst":30.3,"castMean":14.17,"idleMean":11.79}
2026-10-01T03:45:09.270Z [live] ## WINDOW 6/18 V2_NO_SHOCKWAVES
2026-10-01T03:45:11.273Z [live] {"w":6,"cond":"V2_NO_SHOCKWAVES","t":2,"scored":true,"fps":82.4,"ms":12.1,"js":3.2,"top":"InputSystem:1.5 CastSystem:1.1 PanelUISystem:0.1","worst":19.5,"casting":true,"particles":892,"particleCount":1,"emissionRate":1,"calls":45,"head":[0,0.76,0],"yaw":0,"pitch":-19}
2026-10-01T03:45:11.341Z [perf] {"mode":"xr","views":2,"target":"1680x1760","fps":77.2,"msMedian":12.5,"msP95":17.3,"msWorst":24.1,"calls":45,"tris":49770,"points":2600,"programs":31,"geometries":34,"textures":9,"abilities":1,"instances":190,"particles":849,"foveation":1}
2026-10-01T03:45:13.275Z [live] {"w":6,"cond":"V2_NO_SHOCKWAVES","t":4,"scored":true,"fps":79.9,"ms":12.5,"js":1.7,"top":"InputSystem:0.8 CastSystem:0.6 PanelUISystem:0.1","worst":19.7,"casting":true,"particles":371,"particleCount":1,"emissionRate":1,"calls":45,"head":[0,0.76,0],"yaw":0,"pitch":-19}
2026-10-01T03:45:15.278Z [live] {"w":6,"cond":"V2_NO_SHOCKWAVES","t":6,"scored":true,"fps":89.9,"ms":11.1,"js":1.5,"top":"InputSystem:0.8 CastSystem:0.5 PanelUISystem:0.1","worst":12.3,"casting":false,"particles":188,"particleCount":1,"emissionRate":1,"calls":39,"head":[0,0.76,0],"yaw":0,"pitch":-19}
2026-10-01T03:45:16.352Z [perf] {"mode":"xr","views":2,"target":"1680x1760","fps":84,"msMedian":11.4,"msP95":14.5,"msWorst":19.7,"calls":65,"tris":50308,"points":2600,"programs":31,"geometries":34,"textures":9,"abilities":1,"instances":190,"particles":1264,"foveation":1}
2026-10-01T03:45:17.293Z [live] {"w":6,"cond":"V2_NO_SHOCKWAVES","t":8,"scored":true,"fps":67.5,"ms":14.8,"js":1.7,"top":"InputSystem:0.8 CastSystem:0.7 PanelUISystem:0.1","worst":25.1,"casting":true,"particles":920,"particleCount":1,"emissionRate":1,"calls":45,"head":[0,0.76,0],"yaw":0,"pitch":-19}
2026-10-01T03:45:19.298Z [live] {"w":6,"cond":"V2_NO_SHOCKWAVES","t":10,"scored":true,"fps":65.8,"ms":15.2,"js":1.6,"top":"InputSystem:0.7 CastSystem:0.6 PanelUISystem:0.1","worst":23,"casting":true,"particles":357,"particleCount":1,"emissionRate":1,"calls":44,"head":[0,0.76,0],"yaw":0,"pitch":-19}
2026-10-01T03:45:21.277Z [live] PARTICLE CHECK {"w":6,"cond":"V2_NO_SHOCKWAVES","valid":true,"particlePeak":920,"checks":5,"particleCount":1,"emissionRate":1}
2026-10-01T03:45:21.278Z [live] WINDOW RESULT {"name":"V2_NO_SHOCKWAVES","age":[13.3,13.8,11.1],"js":[1.7,1.6,1.5],"top":["InputSystem:0.8 CastSystem:0.7 PanelUISystem:0.1","InputSystem:0.8 CastSystem:0.6 PanelUISystem:0.1","InputSystem:0.8 CastSystem:0.5 PanelUISystem:0.1"],"mean":12.63,"p95":18.3,"slowPct":20,"worst":25.1,"castMean":12.8,"idleMean":11.14}
2026-10-01T03:45:21.278Z [live] ## WINDOW 7/18 V2_NO_BURSTS
2026-10-01T03:45:21.360Z [perf] {"mode":"xr","views":2,"target":"1680x1760","fps":73.3,"msMedian":11.7,"msP95":20,"msWorst":25.1,"calls":25,"tris":49730,"points":2600,"programs":31,"geometries":34,"textures":9,"abilities":1,"instances":190,"particles":31,"foveation":1}
2026-10-01T03:45:23.293Z [live] {"w":7,"cond":"V2_NO_BURSTS","t":2,"scored":true,"fps":72,"ms":13.9,"js":3.5,"top":"InputSystem:1.8 CastSystem:1.1 PanelUISystem:0.2","worst":27.6,"casting":true,"particles":886,"particleCount":1,"emissionRate":1,"calls":44,"head":[0,0.76,0],"yaw":0,"pitch":-19}
2026-10-01T03:45:25.298Z [live] {"w":7,"cond":"V2_NO_BURSTS","t":4,"scored":true,"fps":71.8,"ms":13.9,"js":1.7,"top":"InputSystem:0.9 CastSystem:0.6 PanelUISystem:0.1","worst":23.8,"casting":true,"particles":379,"particleCount":1,"emissionRate":1,"calls":44,"head":[0,0.76,0],"yaw":0,"pitch":-18}
2026-10-01T03:45:26.365Z [perf] {"mode":"xr","views":2,"target":"1680x1760","fps":75.5,"msMedian":11.8,"msP95":19,"msWorst":27.6,"calls":44,"tris":49768,"points":2600,"programs":32,"geometries":36,"textures":10,"abilities":1,"instances":190,"particles":281,"foveation":1}
2026-10-01T03:45:27.309Z [live] {"w":7,"cond":"V2_NO_BURSTS","t":6,"scored":true,"fps":89.5,"ms":11.2,"js":1.6,"top":"InputSystem:0.9 CastSystem:0.5 PanelUISystem:0.1","worst":22.2,"casting":true,"particles":174,"particleCount":1,"emissionRate":1,"calls":38,"head":[0,0.76,0],"yaw":0,"pitch":-19}
2026-10-01T03:45:29.310Z [live] {"w":7,"cond":"V2_NO_BURSTS","t":8,"scored":true,"fps":59.5,"ms":16.8,"js":1.7,"top":"InputSystem:0.8 CastSystem:0.6 PanelUISystem:0.1","worst":26.8,"casting":true,"particles":923,"particleCount":1,"emissionRate":1,"calls":46,"head":[0,0.76,0],"yaw":0,"pitch":-19}
2026-10-01T03:45:31.318Z [live] {"w":7,"cond":"V2_NO_BURSTS","t":10,"scored":true,"fps":57.3,"ms":17.5,"js":1.6,"top":"InputSystem:0.8 CastSystem:0.6 PanelUISystem:0.1","worst":25.9,"casting":true,"particles":363,"particleCount":1,"emissionRate":1,"calls":45,"head":[0,0.76,0],"yaw":0,"pitch":-19}
2026-10-01T03:45:31.377Z [perf] {"mode":"xr","views":2,"target":"1680x1760","fps":64.2,"msMedian":15.1,"msP95":22.2,"msWorst":26.8,"calls":45,"tris":49770,"points":2600,"programs":32,"geometries":36,"textures":10,"abilities":1,"instances":190,"particles":353,"foveation":1}
2026-10-01T03:45:33.286Z [live] PARTICLE CHECK {"w":7,"cond":"V2_NO_BURSTS","valid":true,"particlePeak":923,"checks":5,"particleCount":1,"emissionRate":1}
2026-10-01T03:45:33.286Z [live] WINDOW RESULT {"name":"V2_NO_BURSTS","age":[15.1,15.6,11.5],"js":[1.7,1.7,1.6],"top":["InputSystem:0.8 CastSystem:0.6 PanelUISystem:0.1","InputSystem:0.8 CastSystem:0.6 PanelUISystem:0.1","InputSystem:0.8 CastSystem:0.5 PanelUISystem:0.1"],"mean":13.8,"p95":21,"slowPct":35.6,"worst":27.6,"castMean":14.11,"idleMean":11.3}
2026-10-01T03:45:33.287Z [live] ## WINDOW 8/18 V2_NO_CRYSTALS
2026-10-01T03:45:35.289Z [live] {"w":8,"cond":"V2_NO_CRYSTALS","t":2,"scored":true,"fps":76.4,"ms":13.1,"js":3.4,"top":"InputSystem:1.7 CastSystem:1.1 PanelUISystem:0.2","worst":18.5,"casting":true,"particles":872,"particleCount":1,"emissionRate":1,"calls":38,"head":[0,0.76,0],"yaw":0,"pitch":-19}
2026-10-01T03:45:36.377Z [perf] {"mode":"xr","views":2,"target":"1680x1760","fps":80,"msMedian":12.1,"msP95":15.8,"msWorst":19.3,"calls":38,"tris":23168,"points":2600,"programs":32,"geometries":36,"textures":10,"abilities":1,"instances":190,"particles":498,"foveation":1}
2026-10-01T03:45:37.299Z [live] {"w":8,"cond":"V2_NO_CRYSTALS","t":4,"scored":true,"fps":80.6,"ms":12.4,"js":1.7,"top":"InputSystem:0.8 CastSystem:0.7 PanelUISystem:0.1","worst":20.3,"casting":true,"particles":368,"particleCount":1,"emissionRate":1,"calls":38,"head":[0,0.76,0],"yaw":0,"pitch":-19}
2026-10-01T03:45:39.298Z [live] {"w":8,"cond":"V2_NO_CRYSTALS","t":6,"scored":true,"fps":90,"ms":11.1,"js":1.6,"top":"InputSystem:0.8 CastSystem:0.5 PanelUISystem:0.1","worst":12,"casting":true,"particles":175,"particleCount":1,"emissionRate":1,"calls":38,"head":[0,0.76,0],"yaw":0,"pitch":-19}
2026-10-01T03:45:41.305Z [live] {"w":8,"cond":"V2_NO_CRYSTALS","t":8,"scored":true,"fps":52.4,"ms":19.1,"js":1.7,"top":"InputSystem:0.8 CastSystem:0.6 PanelUISystem:0.1","worst":48.4,"casting":true,"particles":915,"particleCount":1,"emissionRate":1,"calls":39,"head":[0,0.76,0],"yaw":0,"pitch":-19}
2026-10-01T03:45:41.394Z [perf] {"mode":"xr","views":2,"target":"1680x1760","fps":73.1,"msMedian":11.3,"msP95":23.5,"msWorst":48.4,"calls":39,"tris":23170,"points":2600,"programs":32,"geometries":36,"textures":10,"abilities":1,"instances":190,"particles":869,"foveation":1}
2026-10-01T03:45:43.310Z [live] {"w":8,"cond":"V2_NO_CRYSTALS","t":10,"scored":true,"fps":53.4,"ms":18.7,"js":1.7,"top":"InputSystem:0.8 CastSystem:0.6 PanelUISystem:0.1","worst":26.2,"casting":true,"particles":366,"particleCount":1,"emissionRate":1,"calls":38,"head":[0,0.76,0],"yaw":0,"pitch":-19}
2026-10-01T03:45:45.296Z [live] PARTICLE CHECK {"w":8,"cond":"V2_NO_CRYSTALS","valid":true,"particlePeak":915,"checks":5,"particleCount":1,"emissionRate":1}
2026-10-01T03:45:45.297Z [live] WINDOW RESULT {"name":"V2_NO_CRYSTALS","age":[15.5,15,11.5],"js":[1.7,1.7,1.5],"top":["InputSystem:0.8 CastSystem:0.6 PanelUISystem:0.1","InputSystem:0.8 CastSystem:0.6 PanelUISystem:0.1","InputSystem:0.8 CastSystem:0.5 PanelUISystem:0.1"],"mean":13.74,"p95":22.9,"slowPct":29.3,"worst":48.4,"castMean":14.04,"idleMean":11.34}
2026-10-01T03:45:45.297Z [live] ## WINDOW 9/18 NO_CAST
2026-10-01T03:45:46.395Z [perf] {"mode":"xr","views":2,"target":"1680x1760","fps":73.6,"msMedian":11.7,"msP95":23,"msWorst":26.2,"calls":16,"tris":23124,"points":2600,"programs":32,"geometries":36,"textures":10,"abilities":0,"instances":0,"particles":0,"foveation":1}
2026-10-01T03:45:47.307Z [live] {"w":9,"cond":"NO_CAST","t":2,"scored":true,"fps":89.5,"ms":11.2,"js":2.7,"top":"InputSystem:1.7 CastSystem:0.4 PanelUISystem:0.1","worst":14.8,"casting":false,"particles":0,"particleCount":1,"emissionRate":1,"calls":16,"head":[0,0.76,0],"yaw":0,"pitch":-19}
2026-10-01T03:45:49.306Z [live] {"w":9,"cond":"NO_CAST","t":4,"scored":true,"fps":90,"ms":11.1,"js":1.4,"top":"InputSystem:1.1 PanelUISystem:0.1 LocomotionSystem:0.1","worst":12.5,"casting":false,"particles":0,"particleCount":1,"emissionRate":1,"calls":16,"head":[0,0.76,0],"yaw":0,"pitch":-19}
2026-10-01T03:45:51.307Z [live] {"w":9,"cond":"NO_CAST","t":6,"scored":true,"fps":90,"ms":11.1,"js":1.4,"top":"InputSystem:1.0 PanelUISystem:0.1 LocomotionSystem:0.0","worst":12.8,"casting":false,"particles":0,"particleCount":1,"emissionRate":1,"calls":16,"head":[0,0.76,0],"yaw":0,"pitch":-19}
2026-10-01T03:45:51.395Z [perf] {"mode":"xr","views":2,"target":"1680x1760","fps":90,"msMedian":11.1,"msP95":12.2,"msWorst":12.8,"calls":16,"tris":23124,"points":2600,"programs":32,"geometries":36,"textures":10,"abilities":0,"instances":0,"particles":0,"foveation":1}
2026-10-01T03:45:53.319Z [live] {"w":9,"cond":"NO_CAST","t":8,"scored":true,"fps":90,"ms":11.1,"js":1.4,"top":"InputSystem:1.0 PanelUISystem:0.1 LocomotionSystem:0.0","worst":12.5,"casting":false,"particles":0,"particleCount":1,"emissionRate":1,"calls":16,"head":[0,0.76,0],"yaw":0,"pitch":-19}
2026-10-01T03:45:55.317Z [live] {"w":9,"cond":"NO_CAST","t":10,"scored":true,"fps":90,"ms":11.1,"js":1.4,"top":"InputSystem:1.0 PanelUISystem:0.1 LocomotionSystem:0.0","worst":12.4,"casting":false,"particles":0,"particleCount":1,"emissionRate":1,"calls":16,"head":[0,0.76,0],"yaw":0,"pitch":-19}
2026-10-01T03:45:56.396Z [perf] {"mode":"xr","views":2,"target":"1680x1760","fps":90,"msMedian":11.1,"msP95":12.1,"msWorst":12.5,"calls":16,"tris":23124,"points":2600,"programs":32,"geometries":36,"textures":10,"abilities":0,"instances":0,"particles":0,"foveation":1}
2026-10-01T03:45:57.306Z [live] PARTICLE CHECK {"w":9,"cond":"NO_CAST","valid":true,"particlePeak":0,"checks":5,"particleCount":1,"emissionRate":1}
2026-10-01T03:45:57.307Z [live] WINDOW RESULT {"name":"NO_CAST","age":[0,0,0],"js":[0,0,0],"top":["FrameUniformSystem:0.0 LocomotionSystem:0.0 InputSystem:0.0","FrameUniformSystem:0.0 LocomotionSystem:0.0 InputSystem:0.0","FrameUniformSystem:0.0 LocomotionSystem:0.0 InputSystem:0.0"],"mean":11.12,"p95":12.2,"slowPct":0.1,"worst":14.8,"castMean":0,"idleMean":11.12}
2026-10-01T03:45:57.307Z [live] ## WINDOW 10/18 NO_CAST
2026-10-01T03:45:59.307Z [live] {"w":10,"cond":"NO_CAST","t":2,"scored":true,"fps":90,"ms":11.1,"js":2.9,"top":"InputSystem:2.2 PanelUISystem:0.1 LocomotionSystem:0.1","worst":12.8,"casting":false,"particles":0,"particleCount":1,"emissionRate":1,"calls":16,"head":[0,0.76,0],"yaw":0,"pitch":-19}
2026-10-01T03:46:01.306Z [live] {"w":10,"cond":"NO_CAST","t":4,"scored":true,"fps":90,"ms":11.1,"js":1.4,"top":"InputSystem:1.1 PanelUISystem:0.1 CrystalBench:0.0","worst":12.8,"casting":false,"particles":0,"particleCount":1,"emissionRate":1,"calls":19,"head":[0,0.76,0],"yaw":0,"pitch":-19}
2026-10-01T03:46:01.406Z [perf] {"mode":"xr","views":2,"target":"1680x1760","fps":90,"msMedian":11.1,"msP95":12.1,"msWorst":12.8,"calls":19,"tris":27764,"points":2600,"programs":32,"geometries":36,"textures":10,"abilities":0,"instances":0,"particles":0,"foveation":1}
2026-10-01T03:46:03.319Z [live] {"w":10,"cond":"NO_CAST","t":6,"scored":true,"fps":89,"ms":11.2,"js":1.7,"top":"InputSystem:1.4 PanelUISystem:0.1 LocomotionSystem:0.0","worst":27.9,"casting":false,"particles":0,"particleCount":1,"emissionRate":1,"calls":16,"head":[0,0.76,0],"yaw":0,"pitch":-19}
2026-10-01T03:46:05.328Z [live] {"w":10,"cond":"NO_CAST","t":8,"scored":true,"fps":90,"ms":11.1,"js":1.8,"top":"InputSystem:1.5 PanelUISystem:0.1 ScreenSpaceUISystem:0.0","worst":12.4,"casting":false,"particles":0,"particleCount":1,"emissionRate":1,"calls":19,"head":[0,0.76,0],"yaw":0,"pitch":-19}
2026-10-01T03:46:06.417Z [perf] {"mode":"xr","views":2,"target":"1680x1760","fps":89.6,"msMedian":11.1,"msP95":11.9,"msWorst":27.9,"calls":19,"tris":27764,"points":2600,"programs":32,"geometries":36,"textures":10,"abilities":0,"instances":0,"particles":0,"foveation":1}
2026-10-01T03:46:07.339Z [live] {"w":10,"cond":"NO_CAST","t":10,"scored":true,"fps":90,"ms":11.1,"js":1.8,"top":"InputSystem:1.4 PanelUISystem:0.1 LocomotionSystem:0.0","worst":12.6,"casting":false,"particles":0,"particleCount":1,"emissionRate":1,"calls":16,"head":[0,0.76,0],"yaw":0,"pitch":-19}
2026-10-01T03:46:09.317Z [live] PARTICLE CHECK {"w":10,"cond":"NO_CAST","valid":true,"particlePeak":0,"checks":5,"particleCount":1,"emissionRate":1}
2026-10-01T03:46:09.317Z [live] WINDOW RESULT {"name":"NO_CAST","age":[0,0,0],"js":[0,0,0],"top":["FrameUniformSystem:0.0 LocomotionSystem:0.0 InputSystem:0.0","FrameUniformSystem:0.0 LocomotionSystem:0.0 InputSystem:0.0","FrameUniformSystem:0.0 LocomotionSystem:0.0 InputSystem:0.0"],"mean":11.13,"p95":12.1,"slowPct":0.3,"worst":27.9,"castMean":0,"idleMean":11.13}
2026-10-01T03:46:09.318Z [live] ## WINDOW 11/18 V2_NO_CRYSTALS
2026-10-01T03:46:11.328Z [live] {"w":11,"cond":"V2_NO_CRYSTALS","t":2,"scored":true,"fps":69.6,"ms":14.4,"js":3.8,"top":"InputSystem:2.5 CastSystem:0.6 PanelUISystem:0.2","worst":21.2,"casting":true,"particles":906,"particleCount":1,"emissionRate":1,"calls":42,"head":[0,0.76,0],"yaw":0,"pitch":-19}
2026-10-01T03:46:11.430Z [perf] {"mode":"xr","views":2,"target":"1680x1760","fps":81.2,"msMedian":11.4,"msP95":16.8,"msWorst":21.2,"calls":42,"tris":27810,"points":2600,"programs":32,"geometries":36,"textures":10,"abilities":1,"instances":190,"particles":862,"foveation":1}
2026-10-01T03:46:13.331Z [live] {"w":11,"cond":"V2_NO_CRYSTALS","t":4,"scored":true,"fps":70.9,"ms":14.1,"js":1.6,"top":"InputSystem:0.8 CastSystem:0.6 PanelUISystem:0.1","worst":19.7,"casting":true,"particles":388,"particleCount":1,"emissionRate":1,"calls":39,"head":[0,0.76,0],"yaw":0,"pitch":-19}
2026-10-01T03:46:15.334Z [live] {"w":11,"cond":"V2_NO_CRYSTALS","t":6,"scored":true,"fps":89.9,"ms":11.1,"js":1.5,"top":"InputSystem:0.8 CastSystem:0.4 PanelUISystem:0.1","worst":12.5,"casting":true,"particles":180,"particleCount":1,"emissionRate":1,"calls":39,"head":[0,0.76,0],"yaw":0,"pitch":-19}
2026-10-01T03:46:16.445Z [perf] {"mode":"xr","views":2,"target":"1680x1760","fps":76.6,"msMedian":11.6,"msP95":19.1,"msWorst":21.7,"calls":55,"tris":23700,"points":2600,"programs":32,"geometries":36,"textures":10,"abilities":1,"instances":190,"particles":1270,"foveation":1}
2026-10-01T03:46:17.349Z [live] {"w":11,"cond":"V2_NO_CRYSTALS","t":8,"scored":true,"fps":54.6,"ms":18.3,"js":1.7,"top":"InputSystem:0.8 CastSystem:0.6 PanelUISystem:0.1","worst":24.7,"casting":true,"particles":919,"particleCount":1,"emissionRate":1,"calls":39,"head":[0,0.76,0],"yaw":0,"pitch":-19}
2026-10-01T03:46:19.349Z [live] {"w":11,"cond":"V2_NO_CRYSTALS","t":10,"scored":true,"fps":58,"ms":17.3,"js":1.6,"top":"InputSystem:0.7 CastSystem:0.6 PanelUISystem:0.1","worst":24.1,"casting":true,"particles":389,"particleCount":1,"emissionRate":1,"calls":38,"head":[0,0.76,0],"yaw":0,"pitch":-19}
2026-10-01T03:46:21.330Z [live] PARTICLE CHECK {"w":11,"cond":"V2_NO_CRYSTALS","valid":true,"particlePeak":919,"checks":5,"particleCount":1,"emissionRate":1}
2026-10-01T03:46:21.331Z [live] WINDOW RESULT {"name":"V2_NO_CRYSTALS","age":[16,15.6,12.3],"js":[1.8,1.6,1.6],"top":["InputSystem:1.0 CastSystem:0.6 PanelUISystem:0.1","InputSystem:0.8 CastSystem:0.6 PanelUISystem:0.1","InputSystem:0.9 CastSystem:0.4 PanelUISystem:0.1"],"mean":14.43,"p95":20.6,"slowPct":46.6,"worst":24.7,"castMean":14.68,"idleMean":12.24}
2026-10-01T03:46:21.331Z [live] ## WINDOW 12/18 V2_NO_BURSTS
2026-10-01T03:46:21.447Z [perf] {"mode":"xr","views":2,"target":"1680x1760","fps":62.4,"msMedian":14.5,"msP95":22.2,"msWorst":24.7,"calls":32,"tris":54378,"points":2600,"programs":32,"geometries":36,"textures":10,"abilities":1,"instances":190,"particles":121,"foveation":1}
2026-10-01T03:46:23.335Z [live] {"w":12,"cond":"V2_NO_BURSTS","t":2,"scored":true,"fps":71,"ms":14.1,"js":3.7,"top":"InputSystem:2.1 CastSystem:1.0 PanelUISystem:0.1","worst":22.1,"casting":true,"particles":890,"particleCount":1,"emissionRate":1,"calls":48,"head":[0,0.76,0],"yaw":0,"pitch":-19}
2026-10-01T03:46:25.340Z [live] {"w":12,"cond":"V2_NO_BURSTS","t":4,"scored":true,"fps":62.8,"ms":15.9,"js":1.8,"top":"InputSystem:1.0 CastSystem:0.5 PanelUISystem:0.1","worst":21.8,"casting":true,"particles":380,"particleCount":1,"emissionRate":1,"calls":48,"head":[0,0.76,0],"yaw":0,"pitch":-19}
2026-10-01T03:46:26.448Z [perf] {"mode":"xr","views":2,"target":"1680x1760","fps":70.2,"msMedian":13.1,"msP95":20.1,"msWorst":22.1,"calls":48,"tris":54410,"points":2600,"programs":32,"geometries":36,"textures":10,"abilities":1,"instances":190,"particles":276,"foveation":1}
2026-10-01T03:46:27.350Z [live] {"w":12,"cond":"V2_NO_BURSTS","t":6,"scored":true,"fps":85.1,"ms":11.7,"js":1.9,"top":"InputSystem:1.2 CastSystem:0.5 PanelUISystem:0.1","worst":18.9,"casting":true,"particles":193,"particleCount":1,"emissionRate":1,"calls":42,"head":[0,0.76,0],"yaw":0,"pitch":-19}
2026-10-01T03:46:29.354Z [live] {"w":12,"cond":"V2_NO_BURSTS","t":8,"scored":true,"fps":50.4,"ms":19.9,"js":1.9,"top":"InputSystem:1.1 CastSystem:0.6 PanelUISystem:0.1","worst":27.1,"casting":true,"particles":925,"particleCount":1,"emissionRate":1,"calls":49,"head":[0,0.76,0],"yaw":0,"pitch":-19}
2026-10-01T03:46:31.365Z [live] {"w":12,"cond":"V2_NO_BURSTS","t":10,"scored":true,"fps":55.2,"ms":18.1,"js":1.8,"top":"InputSystem:1.0 CastSystem:0.5 PanelUISystem:0.1","worst":26.6,"casting":true,"particles":385,"particleCount":1,"emissionRate":1,"calls":48,"head":[0,0.76,0],"yaw":0,"pitch":-19}
2026-10-01T03:46:31.457Z [perf] {"mode":"xr","views":2,"target":"1680x1760","fps":59.5,"msMedian":16.4,"msP95":23.5,"msWorst":27.1,"calls":48,"tris":54410,"points":2600,"programs":32,"geometries":36,"textures":10,"abilities":1,"instances":190,"particles":373,"foveation":1}
2026-10-01T03:46:33.321Z [live] PARTICLE CHECK {"w":12,"cond":"V2_NO_BURSTS","valid":true,"particlePeak":925,"checks":5,"particleCount":1,"emissionRate":1}
2026-10-01T03:46:33.321Z [live] WINDOW RESULT {"name":"V2_NO_BURSTS","age":[16.4,17.1,12],"js":[2,1.8,1.9],"top":["InputSystem:1.1 CastSystem:0.6 PanelUISystem:0.1","InputSystem:1.0 CastSystem:0.5 PanelUISystem:0.1","InputSystem:1.1 CastSystem:0.5 PanelUISystem:0.1"],"mean":14.78,"p95":22.7,"slowPct":39.4,"worst":27.1,"castMean":15.14,"idleMean":11.87}
2026-10-01T03:46:33.322Z [live] ## WINDOW 13/18 V2_NO_SHOCKWAVES
2026-10-01T03:46:35.331Z [live] {"w":13,"cond":"V2_NO_SHOCKWAVES","t":2,"scored":true,"fps":74.1,"ms":13.5,"js":4.1,"top":"InputSystem:2.3 CastSystem:1.1 PanelUISystem:0.2","worst":24.8,"casting":true,"particles":878,"particleCount":1,"emissionRate":1,"calls":48,"head":[0,0.76,0],"yaw":0,"pitch":-19}
2026-10-01T03:46:36.465Z [perf] {"mode":"xr","views":2,"target":"1680x1760","fps":74.1,"msMedian":12.8,"msP95":18.5,"msWorst":24.8,"calls":48,"tris":54410,"points":2600,"programs":32,"geometries":36,"textures":10,"abilities":1,"instances":190,"particles":500,"foveation":1}
2026-10-01T03:46:37.339Z [live] {"w":13,"cond":"V2_NO_SHOCKWAVES","t":4,"scored":true,"fps":64.8,"ms":15.4,"js":1.8,"top":"InputSystem:1.0 CastSystem:0.6 PanelUISystem:0.1","worst":22.6,"casting":true,"particles":375,"particleCount":1,"emissionRate":1,"calls":48,"head":[0,0.76,0],"yaw":0,"pitch":-19}
2026-10-01T03:46:39.340Z [live] {"w":13,"cond":"V2_NO_SHOCKWAVES","t":6,"scored":true,"fps":73.9,"ms":13.5,"js":1.7,"top":"InputSystem:1.0 CastSystem:0.4 PanelUISystem:0.1","worst":20.1,"casting":true,"particles":198,"particleCount":1,"emissionRate":1,"calls":42,"head":[0,0.76,0],"yaw":0,"pitch":-19}
2026-10-01T03:46:41.350Z [live] {"w":13,"cond":"V2_NO_SHOCKWAVES","t":8,"scored":true,"fps":51.2,"ms":19.5,"js":1.8,"top":"InputSystem:1.0 CastSystem:0.6 PanelUISystem:0.1","worst":24.4,"casting":true,"particles":933,"particleCount":1,"emissionRate":1,"calls":49,"head":[0,0.76,0],"yaw":0,"pitch":-19}
2026-10-01T03:46:41.467Z [perf] {"mode":"xr","views":2,"target":"1680x1760","fps":63.4,"msMedian":14.4,"msP95":22.3,"msWorst":24.6,"calls":49,"tris":54412,"points":2600,"programs":32,"geometries":36,"textures":10,"abilities":1,"instances":190,"particles":877,"foveation":1}
2026-10-01T03:46:43.354Z [live] {"w":13,"cond":"V2_NO_SHOCKWAVES","t":10,"scored":true,"fps":49.9,"ms":20,"js":1.8,"top":"InputSystem:1.0 CastSystem:0.6 PanelUISystem:0.1","worst":25,"casting":true,"particles":385,"particleCount":1,"emissionRate":1,"calls":48,"head":[0,0.76,0],"yaw":0,"pitch":-19}
2026-10-01T03:46:45.328Z [live] PARTICLE CHECK {"w":13,"cond":"V2_NO_SHOCKWAVES","valid":true,"particlePeak":933,"checks":5,"particleCount":1,"emissionRate":1}
2026-10-01T03:46:45.328Z [live] WINDOW RESULT {"name":"V2_NO_SHOCKWAVES","age":[15.9,17.5,13.5],"js":[2,1.8,1.7],"top":["InputSystem:1.1 CastSystem:0.6 PanelUISystem:0.1","InputSystem:1.0 CastSystem:0.6 PanelUISystem:0.1","InputSystem:1.0 CastSystem:0.4 PanelUISystem:0.1"],"mean":15.45,"p95":22.2,"slowPct":57.1,"worst":25,"castMean":15.68,"idleMean":13.44}
2026-10-01T03:46:45.328Z [live] ## WINDOW 14/18 V2_NO_GLITTER
2026-10-01T03:46:46.474Z [perf] {"mode":"xr","views":2,"target":"1680x1760","fps":67.9,"msMedian":13.3,"msP95":22.4,"msWorst":25,"calls":48,"tris":54908,"points":2600,"programs":32,"geometries":36,"textures":10,"abilities":1,"instances":190,"particles":963,"foveation":1}
2026-10-01T03:46:47.345Z [live] {"w":14,"cond":"V2_NO_GLITTER","t":2,"scored":true,"fps":76.3,"ms":13.1,"js":3.7,"top":"InputSystem:2.1 CastSystem:1.0 PanelUISystem:0.1","worst":22.6,"casting":true,"particles":614,"particleCount":1,"emissionRate":1,"calls":47,"head":[0,0.76,0],"yaw":0,"pitch":-19}
2026-10-01T03:46:49.351Z [live] {"w":14,"cond":"V2_NO_GLITTER","t":4,"scored":true,"fps":72.3,"ms":13.8,"js":1.9,"top":"InputSystem:1.1 CastSystem:0.6 PanelUISystem:0.1","worst":20.1,"casting":true,"particles":129,"particleCount":1,"emissionRate":1,"calls":47,"head":[0,0.76,0],"yaw":0,"pitch":-19}
2026-10-01T03:46:51.361Z [live] {"w":14,"cond":"V2_NO_GLITTER","t":6,"scored":true,"fps":89.5,"ms":11.2,"js":1.9,"top":"InputSystem:1.2 CastSystem:0.5 PanelUISystem:0.1","worst":20.5,"casting":true,"particles":43,"particleCount":1,"emissionRate":1,"calls":41,"head":[0,0.76,0],"yaw":0,"pitch":-19}
2026-10-01T03:46:51.473Z [perf] {"mode":"xr","views":2,"target":"1680x1760","fps":78,"msMedian":11.6,"msP95":17.7,"msWorst":22.6,"calls":55,"tris":54424,"points":2600,"programs":32,"geometries":36,"textures":10,"abilities":1,"instances":190,"particles":141,"foveation":1}
2026-10-01T03:46:53.365Z [live] {"w":14,"cond":"V2_NO_GLITTER","t":8,"scored":true,"fps":53.9,"ms":18.5,"js":1.9,"top":"InputSystem:1.1 CastSystem:0.6 PanelUISystem:0.1","worst":23.1,"casting":true,"particles":614,"particleCount":1,"emissionRate":1,"calls":49,"head":[0,0.76,0],"yaw":0,"pitch":-19}
2026-10-01T03:46:55.374Z [live] {"w":14,"cond":"V2_NO_GLITTER","t":10,"scored":true,"fps":62.2,"ms":16.1,"js":1.8,"top":"InputSystem:1.0 CastSystem:0.5 PanelUISystem:0.1","worst":23.6,"casting":true,"particles":123,"particleCount":1,"emissionRate":1,"calls":48,"head":[0,0.76,0],"yaw":0,"pitch":-19}
2026-10-01T03:46:56.481Z [perf] {"mode":"xr","views":2,"target":"1680x1760","fps":64.6,"msMedian":16.2,"msP95":21.2,"msWorst":23.6,"calls":48,"tris":54410,"points":2600,"programs":32,"geometries":36,"textures":10,"abilities":1,"instances":190,"particles":74,"foveation":1}
2026-10-01T03:46:57.330Z [live] PARTICLE CHECK {"w":14,"cond":"V2_NO_GLITTER","valid":true,"particlePeak":614,"checks":5,"particleCount":1,"emissionRate":1}
2026-10-01T03:46:57.331Z [live] WINDOW RESULT {"name":"V2_NO_GLITTER","age":[15.3,15,11.1],"js":[2,1.9,1.8],"top":["InputSystem:1.1 CastSystem:0.6 PanelUISystem:0.1","InputSystem:1.0 CastSystem:0.6 PanelUISystem:0.1","InputSystem:1.1 CastSystem:0.4 PanelUISystem:0.1"],"mean":13.52,"p95":20.3,"slowPct":32.4,"worst":23.6,"castMean":13.81,"idleMean":11.12}
2026-10-01T03:46:57.331Z [live] ## WINDOW 15/18 V2_NO_SHARDS
2026-10-01T03:46:59.337Z [live] {"w":15,"cond":"V2_NO_SHARDS","t":2,"scored":true,"fps":63.3,"ms":15.8,"js":4.4,"top":"InputSystem:2.6 CastSystem:1.2 PanelUISystem:0.2","worst":23.8,"casting":true,"particles":547,"particleCount":1,"emissionRate":1,"calls":47,"head":[0,0.76,0],"yaw":0,"pitch":-19}
2026-10-01T03:47:01.343Z [live] {"w":15,"cond":"V2_NO_SHARDS","t":4,"scored":true,"fps":56.3,"ms":17.8,"js":1.8,"top":"InputSystem:1.0 CastSystem:0.6 PanelUISystem:0.1","worst":24,"casting":true,"particles":377,"particleCount":1,"emissionRate":1,"calls":47,"head":[0,0.76,0],"yaw":0,"pitch":-19}
2026-10-01T03:47:01.476Z [perf] {"mode":"xr","views":2,"target":"1680x1760","fps":65.2,"msMedian":15,"msP95":22.2,"msWorst":24,"calls":47,"tris":54408,"points":2600,"programs":32,"geometries":36,"textures":10,"abilities":1,"instances":190,"particles":367,"foveation":1}
2026-10-01T03:47:03.350Z [live] {"w":15,"cond":"V2_NO_SHARDS","t":6,"scored":true,"fps":73.8,"ms":13.6,"js":1.8,"top":"InputSystem:1.0 CastSystem:0.4 PanelUISystem:0.1","worst":18.5,"casting":true,"particles":188,"particleCount":1,"emissionRate":1,"calls":41,"head":[0,0.76,0],"yaw":0,"pitch":-19}
2026-10-01T03:47:05.356Z [live] {"w":15,"cond":"V2_NO_SHARDS","t":8,"scored":true,"fps":53.9,"ms":18.6,"js":1.9,"top":"InputSystem:1.0 CastSystem:0.6 PanelUISystem:0.1","worst":27.5,"casting":true,"particles":608,"particleCount":1,"emissionRate":1,"calls":48,"head":[0,0.76,0],"yaw":0,"pitch":-19}
2026-10-01T03:47:06.480Z [perf] {"mode":"xr","views":2,"target":"1680x1760","fps":61,"msMedian":15.8,"msP95":21.5,"msWorst":27.5,"calls":48,"tris":54410,"points":2600,"programs":32,"geometries":36,"textures":10,"abilities":1,"instances":190,"particles":498,"foveation":1}
2026-10-01T03:47:07.362Z [live] {"w":15,"cond":"V2_NO_SHARDS","t":10,"scored":true,"fps":63.2,"ms":15.8,"js":1.8,"top":"InputSystem:1.0 CastSystem:0.5 PanelUISystem:0.1","worst":23.1,"casting":true,"particles":384,"particleCount":1,"emissionRate":1,"calls":47,"head":[0,0.76,0],"yaw":0,"pitch":-19}
2026-10-01T03:47:09.339Z [live] PARTICLE CHECK {"w":15,"cond":"V2_NO_SHARDS","valid":true,"particlePeak":608,"checks":5,"particleCount":1,"emissionRate":1}
2026-10-01T03:47:09.339Z [live] WINDOW RESULT {"name":"V2_NO_SHARDS","age":[17,16.9,12.4],"js":[2,1.8,1.8],"top":["InputSystem:1.1 CastSystem:0.6 PanelUISystem:0.1","InputSystem:1.0 CastSystem:0.6 PanelUISystem:0.1","InputSystem:1.1 CastSystem:0.5 PanelUISystem:0.1"],"mean":15.1,"p95":21.4,"slowPct":51.7,"worst":27.5,"castMean":15.43,"idleMean":12.4}
2026-10-01T03:47:09.340Z [live] ## WINDOW 16/18 V2_NO_FROST
2026-10-01T03:47:11.353Z [live] {"w":16,"cond":"V2_NO_FROST","t":2,"scored":true,"fps":74.5,"ms":13.4,"js":4.2,"top":"InputSystem:2.5 CastSystem:1.1 PanelUISystem:0.1","worst":19.5,"casting":true,"particles":889,"particleCount":1,"emissionRate":1,"calls":25,"head":[0,0.76,0],"yaw":0,"pitch":-19}
2026-10-01T03:47:11.496Z [perf] {"mode":"xr","views":2,"target":"1680x1760","fps":79.6,"msMedian":11.6,"msP95":18,"msWorst":19.6,"calls":25,"tris":54364,"points":2600,"programs":32,"geometries":36,"textures":10,"abilities":1,"instances":190,"particles":824,"foveation":1}
2026-10-01T03:47:13.354Z [live] {"w":16,"cond":"V2_NO_FROST","t":4,"scored":true,"fps":77.5,"ms":12.9,"js":1.8,"top":"InputSystem:1.0 CastSystem:0.5 PanelUISystem:0.1","worst":19.3,"casting":true,"particles":368,"particleCount":1,"emissionRate":1,"calls":22,"head":[0,0.76,0],"yaw":0,"pitch":-19}
2026-10-01T03:47:15.360Z [live] {"w":16,"cond":"V2_NO_FROST","t":6,"scored":true,"fps":89.8,"ms":11.1,"js":1.7,"top":"InputSystem:0.9 CastSystem:0.5 PanelUISystem:0.1","worst":12.4,"casting":true,"particles":199,"particleCount":1,"emissionRate":1,"calls":16,"head":[0,0.76,0],"yaw":0,"pitch":-19}
2026-10-01T03:47:16.498Z [perf] {"mode":"xr","views":2,"target":"1680x1760","fps":85.8,"msMedian":11.2,"msP95":14.7,"msWorst":19.3,"calls":23,"tris":50224,"points":2600,"programs":32,"geometries":36,"textures":10,"abilities":1,"instances":190,"particles":1272,"foveation":1}
2026-10-01T03:47:17.364Z [live] {"w":16,"cond":"V2_NO_FROST","t":8,"scored":true,"fps":82.3,"ms":12.2,"js":1.7,"top":"InputSystem:0.8 CastSystem:0.6 PanelUISystem:0.1","worst":16.4,"casting":true,"particles":925,"particleCount":1,"emissionRate":1,"calls":22,"head":[0,0.76,0],"yaw":0,"pitch":-19}
2026-10-01T03:47:19.364Z [live] {"w":16,"cond":"V2_NO_FROST","t":10,"scored":true,"fps":73.5,"ms":13.6,"js":1.6,"top":"InputSystem:0.8 CastSystem:0.6 PanelUISystem:0.1","worst":20.4,"casting":true,"particles":386,"particleCount":1,"emissionRate":1,"calls":22,"head":[0,0.76,0],"yaw":0,"pitch":-19}
2026-10-01T03:47:21.346Z [live] PARTICLE CHECK {"w":16,"cond":"V2_NO_FROST","valid":true,"particlePeak":925,"checks":5,"particleCount":1,"emissionRate":1}
2026-10-01T03:47:21.347Z [live] WINDOW RESULT {"name":"V2_NO_FROST","age":[12.7,13.3,11.1],"js":[1.9,1.7,1.6],"top":["InputSystem:1.0 CastSystem:0.6 PanelUISystem:0.1","InputSystem:0.9 CastSystem:0.6 PanelUISystem:0.1","InputSystem:0.9 CastSystem:0.5 PanelUISystem:0.1"],"mean":12.32,"p95":17.3,"slowPct":18.7,"worst":20.4,"castMean":12.45,"idleMean":11.14}
2026-10-01T03:47:21.347Z [live] ## WINDOW 17/18 V2_NO_MIST
2026-10-01T03:47:21.499Z [perf] {"mode":"xr","views":2,"target":"1680x1760","fps":80.4,"msMedian":11.3,"msP95":17.3,"msWorst":20.4,"calls":32,"tris":49744,"points":2600,"programs":32,"geometries":36,"textures":10,"abilities":1,"instances":190,"particles":100,"foveation":1}
2026-10-01T03:47:23.351Z [live] {"w":17,"cond":"V2_NO_MIST","t":2,"scored":true,"fps":90.3,"ms":11.1,"js":3.3,"top":"InputSystem:1.6 CastSystem:1.1 PanelUISystem:0.1","worst":12.4,"casting":true,"particles":590,"particleCount":1,"emissionRate":1,"calls":45,"head":[0,0.76,0],"yaw":0,"pitch":-19}
2026-10-01T03:47:25.362Z [live] {"w":17,"cond":"V2_NO_MIST","t":4,"scored":true,"fps":90,"ms":11.1,"js":1.7,"top":"InputSystem:0.8 CastSystem:0.6 PanelUISystem:0.1","worst":12.3,"casting":true,"particles":258,"particleCount":1,"emissionRate":1,"calls":45,"head":[0,0.76,0],"yaw":0,"pitch":-19}
2026-10-01T03:47:26.503Z [perf] {"mode":"xr","views":2,"target":"1680x1760","fps":90.1,"msMedian":11.1,"msP95":11.9,"msWorst":12.4,"calls":45,"tris":49770,"points":2600,"programs":32,"geometries":36,"textures":10,"abilities":1,"instances":190,"particles":219,"foveation":1}
2026-10-01T03:47:27.369Z [live] {"w":17,"cond":"V2_NO_MIST","t":6,"scored":true,"fps":88.6,"ms":11.3,"js":1.5,"top":"InputSystem:0.8 CastSystem:0.5 PanelUISystem:0.1","worst":17.5,"casting":true,"particles":147,"particleCount":1,"emissionRate":1,"calls":39,"head":[0,0.76,0],"yaw":0,"pitch":-19}
2026-10-01T03:47:29.371Z [live] {"w":17,"cond":"V2_NO_MIST","t":8,"scored":true,"fps":82.9,"ms":12.1,"js":1.7,"top":"InputSystem:0.8 CastSystem:0.6 PanelUISystem:0.1","worst":15.5,"casting":true,"particles":630,"particleCount":1,"emissionRate":1,"calls":46,"head":[0,0.76,0],"yaw":0,"pitch":-19}
2026-10-01T03:47:31.374Z [live] {"w":17,"cond":"V2_NO_MIST","t":10,"scored":true,"fps":89.9,"ms":11.1,"js":1.7,"top":"InputSystem:0.8 CastSystem:0.7 PanelUISystem:0.1","worst":13.2,"casting":true,"particles":251,"particleCount":1,"emissionRate":1,"calls":45,"head":[0,0.76,0],"yaw":0,"pitch":-19}
2026-10-01T03:47:31.507Z [perf] {"mode":"xr","views":2,"target":"1680x1760","fps":86.5,"msMedian":11.3,"msP95":13.9,"msWorst":17.5,"calls":45,"tris":49770,"points":2600,"programs":32,"geometries":36,"textures":10,"abilities":1,"instances":190,"particles":248,"foveation":1}
2026-10-01T03:47:33.352Z [live] PARTICLE CHECK {"w":17,"cond":"V2_NO_MIST","valid":true,"particlePeak":630,"checks":5,"particleCount":1,"emissionRate":1}
2026-10-01T03:47:33.352Z [live] WINDOW RESULT {"name":"V2_NO_MIST","age":[11.5,11.1,11.2],"js":[1.7,1.7,1.6],"top":["InputSystem:0.8 CastSystem:0.6 PanelUISystem:0.1","InputSystem:0.8 CastSystem:0.6 PanelUISystem:0.1","InputSystem:0.8 CastSystem:0.5 PanelUISystem:0.1"],"mean":11.28,"p95":12.7,"slowPct":1.9,"worst":17.5,"castMean":11.28,"idleMean":11.35}
2026-10-01T03:47:33.352Z [live] ## WINDOW 18/18 BOTH_V2
2026-10-01T03:47:35.352Z [live] {"w":18,"cond":"BOTH_V2","t":2,"scored":true,"fps":70.5,"ms":14.2,"js":3.7,"top":"InputSystem:1.8 CastSystem:1.2 PanelUISystem:0.2","worst":18.7,"casting":true,"particles":887,"particleCount":1,"emissionRate":1,"calls":44,"head":[0,0.76,0],"yaw":0,"pitch":-19}
2026-10-01T03:47:36.519Z [perf] {"mode":"xr","views":2,"target":"1680x1760","fps":74.8,"msMedian":11.8,"msP95":18.2,"msWorst":20,"calls":44,"tris":49768,"points":2600,"programs":32,"geometries":36,"textures":10,"abilities":1,"instances":190,"particles":481,"foveation":1}
2026-10-01T03:47:37.359Z [live] {"w":18,"cond":"BOTH_V2","t":4,"scored":true,"fps":65.8,"ms":15.2,"js":1.5,"top":"InputSystem:0.7 CastSystem:0.6 PanelUISystem:0.1","worst":20,"casting":true,"particles":363,"particleCount":1,"emissionRate":1,"calls":44,"head":[0,0.76,0],"yaw":0,"pitch":-19}
2026-10-01T03:47:39.361Z [live] {"w":18,"cond":"BOTH_V2","t":6,"scored":true,"fps":88.9,"ms":11.2,"js":1.5,"top":"InputSystem:0.8 CastSystem:0.5 PanelUISystem:0.1","worst":20,"casting":false,"particles":187,"particleCount":1,"emissionRate":1,"calls":38,"head":[0,0.76,0],"yaw":0,"pitch":-19}
2026-10-01T03:47:41.370Z [live] {"w":18,"cond":"BOTH_V2","t":8,"scored":true,"fps":57.2,"ms":17.5,"js":1.6,"top":"InputSystem:0.8 CastSystem:0.6 PanelUISystem:0.1","worst":23.2,"casting":true,"particles":939,"particleCount":1,"emissionRate":1,"calls":46,"head":[0,0.76,0],"yaw":0,"pitch":-19}
2026-10-01T03:47:41.520Z [perf] {"mode":"xr","views":2,"target":"1680x1760","fps":72.8,"msMedian":11.9,"msP95":20.5,"msWorst":23.2,"calls":46,"tris":49772,"points":2600,"programs":32,"geometries":36,"textures":10,"abilities":1,"instances":190,"particles":862,"foveation":1}
2026-10-01T03:47:43.375Z [live] {"w":18,"cond":"BOTH_V2","t":10,"scored":true,"fps":53.9,"ms":18.6,"js":1.5,"top":"InputSystem:0.7 CastSystem:0.6 PanelUISystem:0.1","worst":28,"casting":true,"particles":390,"particleCount":1,"emissionRate":1,"calls":45,"head":[0,0.76,0],"yaw":0,"pitch":-19}
2026-10-01T03:47:45.359Z [live] PARTICLE CHECK {"w":18,"cond":"BOTH_V2","valid":true,"particlePeak":939,"checks":5,"particleCount":1,"emissionRate":1}
2026-10-01T03:47:45.359Z [live] WINDOW RESULT {"name":"BOTH_V2","age":[15.6,16.8,11.7],"js":[1.6,1.5,1.5],"top":["InputSystem:0.8 CastSystem:0.6 PanelUISystem:0.1","InputSystem:0.7 CastSystem:0.6 PanelUISystem:0.1","InputSystem:0.8 CastSystem:0.4 PanelUISystem:0.1"],"mean":14.34,"p95":21.1,"slowPct":43.5,"worst":28,"castMean":14.69,"idleMean":11.57}
2026-10-01T03:47:45.360Z [live] RESULTS [{"name":"BOTH_V2","mean":14.27,"p95":20.8,"slowPct":43.7,"castMean":14.55,"idleMean":11.91,"age":[15.6,16.3,11.8],"js":[1.6,1.6,1.6],"top":["InputSystem:0.8 CastSystem:0.6 PanelUISystem:0.1","InputSystem:0.7 CastSystem:0.6 PanelUISystem:0.1","InputSystem:0.8 CastSystem:0.5 PanelUISystem:0.1"],"worst":28,"windows":[14.19,14.34],"vsCurrent":0},{"name":"V2_NO_MIST","mean":11.25,"p95":12.4,"slowPct":1.8,"castMean":11.25,"idleMean":11.25,"age":[11.5,11.1,11.1],"js":[1.8,1.8,1.6],"top":["InputSystem:0.8 CastSystem:0.7 PanelUISystem:0.1","InputSystem:0.8 CastSystem:0.7 PanelUISystem:0.1","InputSystem:0.8 CastSystem:0.5 PanelUISystem:0.1"],"worst":17.5,"windows":[11.23,11.28],"vsCurrent":-3.02},{"name":"V2_NO_FROST","mean":11.91,"p95":15.6,"slowPct":11.85,"castMean":11.98,"idleMean":11.14,"age":[12.1,12.6,11.1],"js":[1.9,1.8,1.6],"top":["InputSystem:0.8 CastSystem:0.6 PanelUISystem:0.1","InputSystem:0.8 CastSystem:0.7 PanelUISystem:0.1","InputSystem:0.9 CastSystem:0.5 PanelUISystem:0.1"],"worst":20.4,"windows":[11.49,12.32],"vsCurrent":-2.36},{"name":"V2_NO_SHARDS","mean":14.36,"p95":21.6,"slowPct":41.15,"castMean":14.62,"idleMean":12.19,"age":[15.7,16.1,12.1],"js":[1.8,1.7,1.6],"top":["CastSystem:0.6 InputSystem:0.6 PanelUISystem:0.1","InputSystem:0.8 CastSystem:0.6 PanelUISystem:0.1","InputSystem:0.8 CastSystem:0.5 PanelUISystem:0.1"],"worst":27.6,"windows":[13.62,15.1],"vsCurrent":0.09},{"name":"V2_NO_GLITTER","mean":13.72,"p95":21.9,"slowPct":32.4,"castMean":13.99,"idleMean":11.45,"age":[15,15.6,11.4],"js":[1.9,1.8,1.6],"top":["InputSystem:0.8 CastSystem:0.6 PanelUISystem:0.1","InputSystem:0.7 CastSystem:0.6 PanelUISystem:0.1","InputSystem:0.8 CastSystem:0.5 PanelUISystem:0.1"],"worst":30.3,"windows":[13.92,13.52],"vsCurrent":-0.55},{"name":"V2_NO_SHOCKWAVES","mean":14.04,"p95":20.25,"slowPct":38.55,"castMean":14.24,"idleMean":12.29,"age":[14.6,15.7,12.3],"js":[1.9,1.7,1.6],"top":["InputSystem:0.8 CastSystem:0.7 PanelUISystem:0.1","InputSystem:0.8 CastSystem:0.6 PanelUISystem:0.1","InputSystem:0.8 CastSystem:0.5 PanelUISystem:0.1"],"worst":25.1,"windows":[12.63,15.45],"vsCurrent":-0.23},{"name":"V2_NO_BURSTS","mean":14.29,"p95":21.85,"slowPct":37.5,"castMean":14.63,"idleMean":11.59,"age":[15.8,16.4,11.8],"js":[1.9,1.8,1.8],"top":["InputSystem:0.8 CastSystem:0.6 PanelUISystem:0.1","InputSystem:0.8 CastSystem:0.6 PanelUISystem:0.1","InputSystem:0.8 CastSystem:0.5 PanelUISystem:0.1"],"worst":27.6,"windows":[13.8,14.78],"vsCurrent":0.02},{"name":"V2_NO_CRYSTALS","mean":14.09,"p95":21.75,"slowPct":37.95,"castMean":14.36,"idleMean":11.79,"age":[15.8,15.3,11.9],"js":[1.8,1.6,1.6],"top":["InputSystem:0.8 CastSystem:0.6 PanelUISystem:0.1","InputSystem:0.8 CastSystem:0.6 PanelUISystem:0.1","InputSystem:0.8 CastSystem:0.5 PanelUISystem:0.1"],"worst":48.4,"windows":[13.74,14.43],"vsCurrent":-0.18},{"name":"NO_CAST","mean":11.13,"p95":12.15,"slowPct":0.2,"castMean":0,"idleMean":11.13,"age":[0,0,0],"js":[0,0,0],"top":["FrameUniformSystem:0.0 LocomotionSystem:0.0 InputSystem:0.0","FrameUniformSystem:0.0 LocomotionSystem:0.0 InputSystem:0.0","FrameUniformSystem:0.0 LocomotionSystem:0.0 InputSystem:0.0"],"worst":27.9,"windows":[11.12,11.13],"vsCurrent":-3.14}]
2026-10-01T03:47:46.368Z [frame-probe] RESULTS {"mode":"xr","gpuTimer":false,"disjointCount":0,"skippedQueries":0,"pendingQueries":0,"windows":[{"w":1,"name":"BOTH_V2","interval":{"count":845,"mean":14.187,"p95":20.5,"worst":24.9},"cpuFrame":{"count":845,"mean":3.935,"p95":5.3,"worst":7.2},"update":{"count":845,"mean":1.671,"p95":2.3,"worst":4.9},"render":{"count":845,"mean":2.259,"p95":3.2,"worst":4.5},"gpu":{"count":0,"mean":null,"p95":null,"worst":null}},{"w":2,"name":"V2_NO_MIST","interval":{"count":1069,"mean":11.226,"p95":12.1,"worst":17.1},"cpuFrame":{"count":1069,"mean":4.357,"p95":5.5,"worst":6.9},"update":{"count":1069,"mean":1.79,"p95":2.3,"worst":4.4},"render":{"count":1069,"mean":2.562,"p95":3.4,"worst":4.3},"gpu":{"count":0,"mean":null,"p95":null,"worst":null}},{"w":3,"name":"V2_NO_FROST","interval":{"count":1045,"mean":11.489,"p95":13.9,"worst":18.7},"cpuFrame":{"count":1045,"mean":3.923,"p95":5,"worst":6.5},"update":{"count":1045,"mean":1.776,"p95":2.2,"worst":4.1},"render":{"count":1045,"mean":2.141,"p95":2.9,"worst":3.8},"gpu":{"count":0,"mean":null,"p95":null,"worst":null}},{"w":4,"name":"V2_NO_SHARDS","interval":{"count":882,"mean":13.617,"p95":21.8,"worst":27.6},"cpuFrame":{"count":882,"mean":3.998,"p95":5.2,"worst":6.5},"update":{"count":882,"mean":1.59,"p95":2.1,"worst":4.4},"render":{"count":882,"mean":2.401,"p95":3.2,"worst":4.3},"gpu":{"count":0,"mean":null,"p95":null,"worst":null}},{"w":5,"name":"V2_NO_GLITTER","interval":{"count":863,"mean":13.915,"p95":23.5,"worst":30.3},"cpuFrame":{"count":863,"mean":4.037,"p95":5.3,"worst":6.5},"update":{"count":863,"mean":1.631,"p95":2.2,"worst":3.1},"render":{"count":863,"mean":2.4,"p95":3.3,"worst":4.5},"gpu":{"count":0,"mean":null,"p95":null,"worst":null}},{"w":6,"name":"V2_NO_SHOCKWAVES","interval":{"count":951,"mean":12.627,"p95":18.3,"worst":25.1},"cpuFrame":{"count":951,"mean":4.092,"p95":5.2,"worst":6.6},"update":{"count":951,"mean":1.668,"p95":2.2,"worst":4.7},"render":{"count":951,"mean":2.418,"p95":3.3,"worst":4.2},"gpu":{"count":0,"mean":null,"p95":null,"worst":null}},{"w":7,"name":"V2_NO_BURSTS","interval":{"count":870,"mean":13.804,"p95":21,"worst":27.6},"cpuFrame":{"count":870,"mean":4.104,"p95":5.5,"worst":13.4},"update":{"count":870,"mean":1.684,"p95":2.2,"worst":5.1},"render":{"count":870,"mean":2.413,"p95":3.4,"worst":8.3},"gpu":{"count":0,"mean":null,"p95":null,"worst":null}},{"w":8,"name":"V2_NO_CRYSTALS","interval":{"count":874,"mean":13.741,"p95":22.9,"worst":48.4},"cpuFrame":{"count":874,"mean":3.524,"p95":4.4,"worst":5.4},"update":{"count":874,"mean":1.695,"p95":2.2,"worst":3.5},"render":{"count":874,"mean":1.824,"p95":2.4,"worst":3.2},"gpu":{"count":0,"mean":null,"p95":null,"worst":null}},{"w":9,"name":"NO_CAST","interval":{"count":1080,"mean":11.121,"p95":12.2,"worst":14.7},"cpuFrame":{"count":1080,"mean":2.97,"p95":3.6,"worst":5},"update":{"count":1080,"mean":1.444,"p95":1.8,"worst":3.3},"render":{"count":1080,"mean":1.519,"p95":2,"worst":2.5},"gpu":{"count":0,"mean":null,"p95":null,"worst":null}},{"w":10,"name":"NO_CAST","interval":{"count":1079,"mean":11.132,"p95":12.1,"worst":27.9},"cpuFrame":{"count":1079,"mean":3.284,"p95":4.3,"worst":6},"update":{"count":1079,"mean":1.653,"p95":2.2,"worst":4.1},"render":{"count":1079,"mean":1.627,"p95":2.2,"worst":2.9},"gpu":{"count":0,"mean":null,"p95":null,"worst":null}},{"w":11,"name":"V2_NO_CRYSTALS","interval":{"count":832,"mean":14.426,"p95":20.7,"worst":24.7},"cpuFrame":{"count":832,"mean":3.524,"p95":4.8,"worst":6.4},"update":{"count":832,"mean":1.698,"p95":2.4,"worst":3.7},"render":{"count":832,"mean":1.822,"p95":2.6,"worst":4.2},"gpu":{"count":0,"mean":null,"p95":null,"worst":null}},{"w":12,"name":"V2_NO_BURSTS","interval":{"count":812,"mean":14.78,"p95":22.7,"worst":27.1},"cpuFrame":{"count":812,"mean":4.428,"p95":5.9,"worst":6.9},"update":{"count":812,"mean":1.918,"p95":2.6,"worst":3.9},"render":{"count":812,"mean":2.507,"p95":3.5,"worst":4.5},"gpu":{"count":0,"mean":null,"p95":null,"worst":null}},{"w":13,"name":"V2_NO_SHOCKWAVES","interval":{"count":777,"mean":15.453,"p95":22.2,"worst":25},"cpuFrame":{"count":777,"mean":4.318,"p95":5.8,"worst":7.6},"update":{"count":777,"mean":1.877,"p95":2.5,"worst":4.2},"render":{"count":777,"mean":2.436,"p95":3.4,"worst":4.9},"gpu":{"count":0,"mean":null,"p95":null,"worst":null}},{"w":14,"name":"V2_NO_GLITTER","interval":{"count":888,"mean":13.517,"p95":20.3,"worst":23.6},"cpuFrame":{"count":888,"mean":4.405,"p95":5.8,"worst":7.1},"update":{"count":888,"mean":1.931,"p95":2.6,"worst":3.9},"render":{"count":888,"mean":2.471,"p95":3.4,"worst":4.8},"gpu":{"count":0,"mean":null,"p95":null,"worst":null}},{"w":15,"name":"V2_NO_SHARDS","interval":{"count":795,"mean":15.105,"p95":21.4,"worst":27.5},"cpuFrame":{"count":795,"mean":4.347,"p95":5.8,"worst":8.4},"update":{"count":795,"mean":1.901,"p95":2.6,"worst":3.6},"render":{"count":795,"mean":2.443,"p95":3.4,"worst":5.2},"gpu":{"count":0,"mean":null,"p95":null,"worst":null}},{"w":16,"name":"V2_NO_FROST","interval":{"count":975,"mean":12.316,"p95":17.3,"worst":20.4},"cpuFrame":{"count":975,"mean":3.836,"p95":5,"worst":5.9},"update":{"count":975,"mean":1.785,"p95":2.4,"worst":3.8},"render":{"count":975,"mean":2.048,"p95":2.8,"worst":3.9},"gpu":{"count":0,"mean":null,"p95":null,"worst":null}},{"w":17,"name":"V2_NO_MIST","interval":{"count":1064,"mean":11.284,"p95":12.6,"worst":17.4},"cpuFrame":{"count":1064,"mean":4.207,"p95":5.2,"worst":6.6},"update":{"count":1064,"mean":1.707,"p95":2.2,"worst":3.1},"render":{"count":1064,"mean":2.497,"p95":3.2,"worst":4.3},"gpu":{"count":0,"mean":null,"p95":null,"worst":null}},{"w":18,"name":"BOTH_V2","interval":{"count":837,"mean":14.344,"p95":21.1,"worst":28},"cpuFrame":{"count":837,"mean":3.896,"p95":5.3,"worst":6.1},"update":{"count":837,"mean":1.574,"p95":2.2,"worst":2.9},"render":{"count":837,"mean":2.32,"p95":3.3,"worst":4.3},"gpu":{"count":0,"mean":null,"p95":null,"worst":null}}]}
2026-10-01T03:47:46.527Z [perf] {"mode":"xr","views":2,"target":"1680x1760","fps":73.1,"msMedian":12.3,"msP95":22.8,"msWorst":28,"calls":46,"tris":50270,"points":2600,"programs":32,"geometries":36,"textures":10,"abilities":1,"instances":190,"particles":1185,"foveation":1}
