PAGE ERROR 
2026-10-01T03:18:53.770Z [vite] connecting...
2026-10-01T03:18:54.076Z [IWSDK Dev] Configuration: {device: metaQuest3, activation: localhost, verbose: false, sem: null, ai: null}
2026-10-01T03:18:54.089Z [vite] connected.
2026-10-01T03:18:58.102Z                                                  
▄▄▄▄▄▄  ▄▄      ▄▄   ▄▄▄▄    ▄▄▄▄▄     ▄▄   ▄▄▄ 
▀▀██▀▀  ██      ██ ▄█▀▀▀▀█   ██▀▀▀██   ██  ██▀  
  ██    ▀█▄ ██ ▄█▀ ██▄       ██    ██  ██▄██    
  ██     ██ ██ ██   ▀████▄   ██    ██  █████    
  ██     ███▀▀███       ▀██  ██    ██  ██  ██▄  
▄▄██▄▄   ███  ███  █▄▄▄▄▄█▀  ██▄▄▄██   ██   ██▄ 
▀▀▀▀▀▀   ▀▀▀  ▀▀▀   ▀▀▀▀▀    ▀▀▀▀▀     ▀▀    ▀▀                                                
===============================================
Immersive Web SDK v0.5.3
Three.js r181
EliCS v3.4.2
2026-10-01T03:19:05.139Z [frame-probe] GPU timer unavailable; use a device trace
2026-10-01T03:19:05.140Z [live] fixed-schedule probe: 12 windows x 12s (first 0s of each discarded). Move and look around normally.
2026-10-01T03:19:05.805Z THREE.WebGLRenderer: Can't change size while VR device is presenting.
2026-10-01T03:19:05.810Z WebGL: INVALID_ENUM: texParameter: invalid parameter
2026-10-01T03:19:10.794Z [perf] {"mode":"xr","views":2,"target":"1680x1760","fps":45,"msMedian":11.4,"msP95":40,"msWorst":688.9,"calls":83,"tris":44750,"points":2600,"programs":31,"geometries":33,"textures":9,"abilities":1,"instances":190,"particles":888,"foveation":1}
2026-10-01T03:19:13.796Z [live] ## WINDOW 1/12 CURRENT
2026-10-01T03:19:15.746Z [live] {"w":1,"cond":"CURRENT","t":2,"scored":true,"fps":20.8,"ms":48.1,"js":1.8,"top":"InputSystem:0.8 CastSystem:0.7 PanelUISystem:0.1","worst":96.2,"casting":true,"particles":905,"particleCount":1,"emissionRate":1,"calls":43,"head":[0.42,0.76,-0.46],"yaw":-145,"pitch":-19}
2026-10-01T03:19:15.837Z [perf] {"mode":"xr","views":2,"target":"1680x1760","fps":26.6,"msMedian":32.4,"msP95":90.3,"msWorst":96.2,"calls":43,"tris":49294,"points":2600,"programs":31,"geometries":33,"textures":9,"abilities":1,"instances":190,"particles":871,"foveation":1}
2026-10-01T03:19:16.798Z XRSession already exists
2026-10-01T03:19:17.755Z [live] {"w":1,"cond":"CURRENT","t":4,"scored":true,"fps":11.9,"ms":83.8,"js":1.7,"top":"InputSystem:0.8 CastSystem:0.6 CrystalBench:0.1","worst":101.2,"casting":true,"particles":368,"particleCount":1,"emissionRate":1,"calls":43,"head":[0.42,0.76,-0.46],"yaw":-145,"pitch":-19}
2026-10-01T03:19:19.757Z [live] {"w":1,"cond":"CURRENT","t":6,"scored":true,"fps":19.5,"ms":51.3,"js":1.7,"top":"InputSystem:0.8 CastSystem:0.5 PanelUISystem:0.1","worst":96.6,"casting":false,"particles":185,"particleCount":1,"emissionRate":1,"calls":37,"head":[0.42,0.76,-0.46],"yaw":-145,"pitch":-19}
2026-10-01T03:19:20.885Z [perf] {"mode":"xr","views":2,"target":"1680x1760","fps":16.2,"msMedian":59.9,"msP95":99.8,"msWorst":101.2,"calls":61,"tris":49828,"points":2600,"programs":31,"geometries":33,"textures":9,"abilities":1,"instances":190,"particles":1316,"foveation":1}
2026-10-01T03:19:21.813Z [live] {"w":1,"cond":"CURRENT","t":8.1,"scored":true,"fps":15.1,"ms":66.3,"js":2,"top":"InputSystem:0.9 CastSystem:0.7 PanelUISystem:0.1","worst":97,"casting":true,"particles":1010,"particleCount":1,"emissionRate":1,"calls":45,"head":[0.42,0.76,-0.46],"yaw":-145,"pitch":-19}
2026-10-01T03:19:23.861Z [live] {"w":1,"cond":"CURRENT","t":10.1,"scored":true,"fps":11.2,"ms":89.1,"js":1.7,"top":"InputSystem:0.8 CastSystem:0.6 PanelUISystem:0.1","worst":100.2,"casting":true,"particles":382,"particleCount":1,"emissionRate":1,"calls":44,"head":[0.42,0.76,-0.46],"yaw":-145,"pitch":-19}
2026-10-01T03:19:25.767Z [live] PARTICLE CHECK {"w":1,"cond":"CURRENT","valid":true,"particlePeak":1010,"checks":5,"particleCount":1,"emissionRate":1}
2026-10-01T03:19:25.767Z [live] WINDOW RESULT {"name":"CURRENT","age":[54.7,88.6,55.1],"js":[1.9,1.7,1.7],"top":["InputSystem:0.8 CastSystem:0.7 PanelUISystem:0.1","InputSystem:0.8 CastSystem:0.6 CrystalBench:0.1","InputSystem:0.8 CastSystem:0.5 PanelUISystem:0.1"],"mean":63.04,"p95":100.1,"slowPct":98.4,"worst":101.2,"castMean":61.46,"idleMean":84.72}
2026-10-01T03:19:25.768Z [live] ## WINDOW 2/12 MIST_V2
2026-10-01T03:19:25.920Z [perf] {"mode":"xr","views":2,"target":"1680x1760","fps":13.5,"msMedian":76.1,"msP95":100.1,"msWorst":100.2,"calls":14,"tris":22648,"points":2600,"programs":31,"geometries":33,"textures":9,"abilities":1,"instances":190,"particles":28,"foveation":1}
2026-10-01T03:19:27.794Z [live] {"w":2,"cond":"MIST_V2","t":2,"scored":true,"fps":39,"ms":25.7,"js":2.3,"top":"InputSystem:1.1 CastSystem:0.7 CrystalBench:0.1","worst":76.1,"casting":true,"particles":893,"particleCount":1,"emissionRate":1,"calls":42,"head":[0.42,0.76,-0.46],"yaw":-145,"pitch":-19}
2026-10-01T03:19:29.801Z [live] {"w":2,"cond":"MIST_V2","t":4,"scored":true,"fps":28.4,"ms":35.2,"js":1.6,"top":"InputSystem:0.7 CastSystem:0.5 PanelUISystem:0.1","worst":40.7,"casting":true,"particles":367,"particleCount":1,"emissionRate":1,"calls":42,"head":[0.42,0.76,-0.46],"yaw":-145,"pitch":-19}
2026-10-01T03:19:30.928Z [perf] {"mode":"xr","views":2,"target":"1680x1760","fps":34.7,"msMedian":29.8,"msP95":38.9,"msWorst":51.2,"calls":42,"tris":49292,"points":2600,"programs":31,"geometries":33,"textures":9,"abilities":1,"instances":190,"particles":273,"foveation":1}
2026-10-01T03:19:31.829Z [live] {"w":2,"cond":"MIST_V2","t":6.1,"scored":true,"fps":27.6,"ms":36.2,"js":1.6,"top":"InputSystem:0.8 CastSystem:0.5 PanelUISystem:0.1","worst":90.4,"casting":true,"particles":191,"particleCount":1,"emissionRate":1,"calls":36,"head":[0.42,0.76,-0.46],"yaw":-145,"pitch":-19}
2026-10-01T03:19:33.835Z [live] {"w":2,"cond":"MIST_V2","t":8.1,"scored":true,"fps":28.4,"ms":35.2,"js":1.7,"top":"InputSystem:0.7 CastSystem:0.6 PanelUISystem:0.1","worst":60.3,"casting":true,"particles":950,"particleCount":1,"emissionRate":1,"calls":47,"head":[0.42,0.76,-0.46],"yaw":-145,"pitch":-19}
2026-10-01T03:19:35.842Z [live] {"w":2,"cond":"MIST_V2","t":10.1,"scored":true,"fps":26.9,"ms":37.2,"js":1.6,"top":"InputSystem:0.7 CastSystem:0.6 PanelUISystem:0.1","worst":43.1,"casting":true,"particles":377,"particleCount":1,"emissionRate":1,"calls":46,"head":[0.42,0.76,-0.46],"yaw":-145,"pitch":-19}
2026-10-01T03:19:35.952Z [perf] {"mode":"xr","views":2,"target":"1680x1760","fps":26.1,"msMedian":37,"msP95":58.8,"msWorst":90.4,"calls":46,"tris":49300,"points":2600,"programs":31,"geometries":33,"textures":9,"abilities":1,"instances":190,"particles":359,"foveation":1}
2026-10-01T03:19:37.821Z [live] PARTICLE CHECK {"w":2,"cond":"MIST_V2","valid":true,"particlePeak":950,"checks":5,"particleCount":1,"emissionRate":1}
2026-10-01T03:19:37.822Z [live] WINDOW RESULT {"name":"MIST_V2","age":[29.6,36.6,36.6],"js":[1.7,1.6,1.5],"top":["InputSystem:0.8 CastSystem:0.6 PanelUISystem:0.1","InputSystem:0.7 CastSystem:0.6 PanelUISystem:0.1","InputSystem:0.7 CastSystem:0.5 PanelUISystem:0.1"],"mean":33.96,"p95":57.4,"slowPct":96.6,"worst":99.1,"castMean":32.33,"idleMean":76.76}
2026-10-01T03:19:37.822Z [live] ## WINDOW 3/12 FROST_V2
2026-10-01T03:19:39.909Z [live] {"w":3,"cond":"FROST_V2","t":2.1,"scored":true,"fps":27.3,"ms":36.6,"js":3,"top":"InputSystem:1.4 CastSystem:1.1 PanelUISystem:0.1","worst":93.6,"casting":true,"particles":849,"particleCount":1,"emissionRate":1,"calls":43,"head":[0.42,0.76,-0.46],"yaw":-145,"pitch":-19}
2026-10-01T03:19:40.961Z [perf] {"mode":"xr","views":2,"target":"1680x1760","fps":23.2,"msMedian":29.4,"msP95":98.2,"msWorst":100.4,"calls":43,"tris":49294,"points":2600,"programs":31,"geometries":33,"textures":9,"abilities":1,"instances":190,"particles":483,"foveation":1}
2026-10-01T03:19:41.937Z [live] {"w":3,"cond":"FROST_V2","t":4.1,"scored":true,"fps":11.3,"ms":88.1,"js":1.5,"top":"InputSystem:0.6 CastSystem:0.5 ScreenSpaceUISystem:0.1","worst":100.4,"casting":true,"particles":364,"particleCount":1,"emissionRate":1,"calls":43,"head":[0.42,0.76,-0.46],"yaw":-145,"pitch":-19}
2026-10-01T03:19:43.951Z [live] {"w":3,"cond":"FROST_V2","t":6.1,"scored":true,"fps":22.3,"ms":44.8,"js":1.4,"top":"InputSystem:0.7 CastSystem:0.5 PanelUISystem:0.1","worst":60.3,"casting":true,"particles":229,"particleCount":1,"emissionRate":1,"calls":45,"head":[0.42,0.76,-0.46],"yaw":-145,"pitch":-19}
2026-10-01T03:19:46.017Z [live] {"w":3,"cond":"FROST_V2","t":8.2,"scored":true,"fps":14.5,"ms":68.9,"js":1.5,"top":"InputSystem:0.6 CastSystem:0.6 PanelUISystem:0.1","worst":100.2,"casting":true,"particles":861,"particleCount":1,"emissionRate":1,"calls":45,"head":[0.42,0.76,-0.46],"yaw":-145,"pitch":-19}
2026-10-01T03:19:46.017Z [perf] {"mode":"xr","views":2,"target":"1680x1760","fps":17.2,"msMedian":46.1,"msP95":100,"msWorst":100.2,"calls":45,"tris":49298,"points":2600,"programs":31,"geometries":33,"textures":9,"abilities":1,"instances":190,"particles":861,"foveation":1}
2026-10-01T03:19:48.021Z [live] {"w":3,"cond":"FROST_V2","t":10.2,"scored":true,"fps":10,"ms":100,"js":1.6,"top":"InputSystem:0.7 CastSystem:0.6 PanelUISystem:0.1","worst":100.7,"casting":true,"particles":345,"particleCount":1,"emissionRate":1,"calls":44,"head":[0.42,0.76,-0.46],"yaw":-145,"pitch":-19}
2026-10-01T03:19:49.862Z [live] PARTICLE CHECK {"w":3,"cond":"FROST_V2","valid":true,"particlePeak":861,"checks":5,"particleCount":1,"emissionRate":1}
2026-10-01T03:19:49.863Z [live] WINDOW RESULT {"name":"FROST_V2","age":[45.8,95,50.8],"js":[1.6,1.5,1.4],"top":["InputSystem:0.7 CastSystem:0.6 PanelUISystem:0.1","InputSystem:0.7 CastSystem:0.5 PanelUISystem:0.0","InputSystem:0.7 CastSystem:0.5 PanelUISystem:0.1"],"mean":57.62,"p95":100,"slowPct":93.8,"worst":100.7,"castMean":58.32,"idleMean":50.14}
2026-10-01T03:19:49.863Z [live] ## WINDOW 4/12 BOTH_V2
2026-10-01T03:19:51.026Z [perf] {"mode":"xr","views":2,"target":"1680x1760","fps":20.8,"msMedian":46.1,"msP95":100.1,"msWorst":100.7,"calls":44,"tris":49794,"points":2600,"programs":31,"geometries":33,"textures":9,"abilities":1,"instances":190,"particles":1190,"foveation":1}
2026-10-01T03:19:51.887Z [live] {"w":4,"cond":"BOTH_V2","t":2,"scored":true,"fps":37.1,"ms":27,"js":2.3,"top":"InputSystem:1.1 CastSystem:0.8 PanelUISystem:0.1","worst":52.9,"casting":true,"particles":892,"particleCount":1,"emissionRate":1,"calls":43,"head":[0.42,0.76,-0.46],"yaw":-145,"pitch":-19}
2026-10-01T03:19:53.898Z [live] {"w":4,"cond":"BOTH_V2","t":4,"scored":true,"fps":32.3,"ms":31,"js":1.5,"top":"InputSystem:0.7 CastSystem:0.6 PanelUISystem:0.1","worst":36.6,"casting":true,"particles":381,"particleCount":1,"emissionRate":1,"calls":43,"head":[0.42,0.76,-0.46],"yaw":-145,"pitch":-19}
2026-10-01T03:19:55.900Z [live] {"w":4,"cond":"BOTH_V2","t":6,"scored":true,"fps":33.5,"ms":29.9,"js":1.3,"top":"InputSystem:0.7 CastSystem:0.5 PanelUISystem:0.1","worst":60.3,"casting":false,"particles":186,"particleCount":1,"emissionRate":1,"calls":37,"head":[0.42,0.76,-0.46],"yaw":-145,"pitch":-19}
2026-10-01T03:19:56.060Z [perf] {"mode":"xr","views":2,"target":"1680x1760","fps":32,"msMedian":31.6,"msP95":40.4,"msWorst":60.3,"calls":49,"tris":49306,"points":2600,"programs":31,"geometries":33,"textures":9,"abilities":1,"instances":190,"particles":300,"foveation":1}
2026-10-01T03:19:57.933Z [live] {"w":4,"cond":"BOTH_V2","t":8.1,"scored":true,"fps":30,"ms":33.3,"js":1.5,"top":"InputSystem:0.7 CastSystem:0.5 PanelUISystem:0.1","worst":43.6,"casting":true,"particles":935,"particleCount":1,"emissionRate":1,"calls":45,"head":[0.42,0.76,-0.46],"yaw":-145,"pitch":-19}
2026-10-01T03:19:59.946Z [live] {"w":4,"cond":"BOTH_V2","t":10.1,"scored":true,"fps":30.3,"ms":33,"js":1.4,"top":"InputSystem:0.7 CastSystem:0.5 PanelUISystem:0.1","worst":40.4,"casting":true,"particles":409,"particleCount":1,"emissionRate":1,"calls":44,"head":[0.42,0.76,-0.46],"yaw":-145,"pitch":-19}
2026-10-01T03:20:01.080Z [perf] {"mode":"xr","views":2,"target":"1680x1760","fps":32.9,"msMedian":29.9,"msP95":39.1,"msWorst":43.6,"calls":44,"tris":49296,"points":2600,"programs":31,"geometries":33,"textures":9,"abilities":1,"instances":190,"particles":292,"foveation":1}
2026-10-01T03:20:01.865Z [live] PARTICLE CHECK {"w":4,"cond":"BOTH_V2","valid":true,"particlePeak":935,"checks":5,"particleCount":1,"emissionRate":1}
2026-10-01T03:20:01.866Z [live] WINDOW RESULT {"name":"BOTH_V2","age":[29.8,32.2,29.1],"js":[1.6,1.5,1.4],"top":["InputSystem:0.7 CastSystem:0.6 PanelUISystem:0.1","InputSystem:0.7 CastSystem:0.5 PanelUISystem:0.1","InputSystem:0.7 CastSystem:0.5 PanelUISystem:0.1"],"mean":30.31,"p95":40.5,"slowPct":97.5,"worst":60.3,"castMean":29.58,"idleMean":40.75}
2026-10-01T03:20:01.866Z [live] ## WINDOW 5/12 NO_MIST_OR_FROST
2026-10-01T03:20:03.867Z [live] {"w":5,"cond":"NO_MIST_OR_FROST","t":2,"scored":true,"fps":66.9,"ms":14.9,"js":2.2,"top":"InputSystem:1.0 CastSystem:0.7 PanelUISystem:0.1","worst":39.7,"casting":true,"particles":608,"particleCount":1,"emissionRate":1,"calls":20,"head":[0.42,0.76,-0.46],"yaw":-145,"pitch":-19}
2026-10-01T03:20:05.874Z [live] {"w":5,"cond":"NO_MIST_OR_FROST","t":4,"scored":true,"fps":67.3,"ms":14.9,"js":1.5,"top":"InputSystem:0.7 CastSystem:0.5 PanelUISystem:0.1","worst":16.8,"casting":true,"particles":246,"particleCount":1,"emissionRate":1,"calls":20,"head":[0.42,0.76,-0.46],"yaw":-145,"pitch":-19}
2026-10-01T03:20:06.080Z [perf] {"mode":"xr","views":2,"target":"1680x1760","fps":60.6,"msMedian":14.8,"msP95":38.9,"msWorst":45.5,"calls":20,"tris":49248,"points":2600,"programs":31,"geometries":33,"textures":9,"abilities":1,"instances":190,"particles":243,"foveation":1}
2026-10-01T03:20:07.880Z [live] {"w":5,"cond":"NO_MIST_OR_FROST","t":6,"scored":true,"fps":78.3,"ms":12.8,"js":1.4,"top":"InputSystem:0.7 CastSystem:0.4 PanelUISystem:0.1","worst":15.8,"casting":true,"particles":140,"particleCount":1,"emissionRate":1,"calls":14,"head":[0.42,0.76,-0.46],"yaw":-145,"pitch":-19}
2026-10-01T03:20:09.885Z [live] {"w":5,"cond":"NO_MIST_OR_FROST","t":8,"scored":true,"fps":70.3,"ms":14.2,"js":1.5,"top":"InputSystem:0.7 CastSystem:0.5 PanelUISystem:0.1","worst":19.9,"casting":true,"particles":632,"particleCount":1,"emissionRate":1,"calls":20,"head":[0.42,0.76,-0.46],"yaw":-145,"pitch":-19}
2026-10-01T03:20:11.089Z [perf] {"mode":"xr","views":2,"target":"1680x1760","fps":72.9,"msMedian":14.4,"msP95":16.3,"msWorst":19.9,"calls":20,"tris":49248,"points":2600,"programs":31,"geometries":33,"textures":9,"abilities":1,"instances":190,"particles":304,"foveation":1}
2026-10-01T03:20:11.886Z [live] {"w":5,"cond":"NO_MIST_OR_FROST","t":10,"scored":true,"fps":67.5,"ms":14.8,"js":1.5,"top":"InputSystem:0.7 CastSystem:0.6 PanelUISystem:0.1","worst":16.5,"casting":true,"particles":252,"particleCount":1,"emissionRate":1,"calls":20,"head":[0.42,0.76,-0.46],"yaw":-145,"pitch":-19}
2026-10-01T03:20:13.868Z [live] PARTICLE CHECK {"w":5,"cond":"NO_MIST_OR_FROST","valid":true,"particlePeak":632,"checks":5,"particleCount":1,"emissionRate":1}
2026-10-01T03:20:13.868Z [live] WINDOW RESULT {"name":"NO_MIST_OR_FROST","age":[14.6,14.8,12.8],"js":[1.5,1.5,1.4],"top":["InputSystem:0.7 CastSystem:0.5 PanelUISystem:0.1","InputSystem:0.7 CastSystem:0.5 PanelUISystem:0.1","InputSystem:0.8 CastSystem:0.4 PanelUISystem:0.1"],"mean":14.01,"p95":16.4,"slowPct":65.5,"worst":39.7,"castMean":14.35,"idleMean":11.17}
2026-10-01T03:20:13.868Z [live] ## WINDOW 6/12 NO_CAST
2026-10-01T03:20:15.871Z [live] {"w":6,"cond":"NO_CAST","t":2,"scored":true,"fps":90,"ms":11.1,"js":2.5,"top":"InputSystem:1.6 CastSystem:0.4 PanelUISystem:0.1","worst":12.3,"casting":false,"particles":0,"particleCount":1,"emissionRate":1,"calls":14,"head":[0.42,0.76,-0.46],"yaw":-145,"pitch":-19}
2026-10-01T03:20:16.095Z [perf] {"mode":"xr","views":2,"target":"1680x1760","fps":81.8,"msMedian":11.4,"msP95":15.4,"msWorst":19.4,"calls":14,"tris":22648,"points":2600,"programs":31,"geometries":33,"textures":9,"abilities":0,"instances":0,"particles":0,"foveation":1}
2026-10-01T03:20:17.869Z [live] {"w":6,"cond":"NO_CAST","t":4,"scored":true,"fps":90,"ms":11.1,"js":1.2,"top":"InputSystem:0.9 PanelUISystem:0.1 ScreenSpaceUISystem:0.0","worst":13,"casting":false,"particles":0,"particleCount":1,"emissionRate":1,"calls":14,"head":[0.42,0.76,-0.46],"yaw":-145,"pitch":-19}
2026-10-01T03:20:19.868Z [live] {"w":6,"cond":"NO_CAST","t":6,"scored":true,"fps":90,"ms":11.1,"js":1.2,"top":"InputSystem:0.9 PanelUISystem:0.1 ScreenSpaceUISystem:0.0","worst":12.7,"casting":false,"particles":0,"particleCount":1,"emissionRate":1,"calls":14,"head":[0.42,0.76,-0.46],"yaw":-145,"pitch":-19}
2026-10-01T03:20:21.089Z [perf] {"mode":"xr","views":2,"target":"1680x1760","fps":90,"msMedian":11.1,"msP95":12,"msWorst":13,"calls":14,"tris":22648,"points":2600,"programs":31,"geometries":33,"textures":9,"abilities":0,"instances":0,"particles":0,"foveation":1}
2026-10-01T03:20:21.880Z [live] {"w":6,"cond":"NO_CAST","t":8,"scored":true,"fps":90,"ms":11.1,"js":1.2,"top":"InputSystem:0.9 PanelUISystem:0.1 StageSystem:0.0","worst":12.4,"casting":false,"particles":0,"particleCount":1,"emissionRate":1,"calls":14,"head":[0.42,0.76,-0.46],"yaw":-145,"pitch":-19}
2026-10-01T03:20:23.890Z [live] {"w":6,"cond":"NO_CAST","t":10,"scored":true,"fps":90,"ms":11.1,"js":1.2,"top":"InputSystem:0.9 PanelUISystem:0.1 LocomotionSystem:0.0","worst":12.6,"casting":false,"particles":0,"particleCount":1,"emissionRate":1,"calls":14,"head":[0.42,0.76,-0.46],"yaw":-145,"pitch":-19}
2026-10-01T03:20:25.869Z [live] PARTICLE CHECK {"w":6,"cond":"NO_CAST","valid":true,"particlePeak":0,"checks":5,"particleCount":1,"emissionRate":1}
2026-10-01T03:20:25.869Z [live] WINDOW RESULT {"name":"NO_CAST","age":[0,0,0],"js":[0,0,0],"top":["FrameUniformSystem:0.0 LocomotionSystem:0.0 InputSystem:0.0","FrameUniformSystem:0.0 LocomotionSystem:0.0 InputSystem:0.0","FrameUniformSystem:0.0 LocomotionSystem:0.0 InputSystem:0.0"],"mean":11.11,"p95":12,"slowPct":0,"worst":13,"castMean":0,"idleMean":11.11}
2026-10-01T03:20:25.869Z [live] ## WINDOW 7/12 NO_CAST
2026-10-01T03:20:26.101Z [perf] {"mode":"xr","views":2,"target":"1680x1760","fps":90,"msMedian":11.1,"msP95":12,"msWorst":12.6,"calls":14,"tris":22648,"points":2600,"programs":31,"geometries":33,"textures":9,"abilities":0,"instances":0,"particles":0,"foveation":1}
2026-10-01T03:20:27.868Z [live] {"w":7,"cond":"NO_CAST","t":2,"scored":true,"fps":90,"ms":11.1,"js":2.5,"top":"InputSystem:1.8 PanelUISystem:0.2 LocomotionSystem:0.1","worst":12.2,"casting":false,"particles":0,"particleCount":1,"emissionRate":1,"calls":14,"head":[0.42,0.76,-0.46],"yaw":-145,"pitch":-19}
2026-10-01T03:20:29.869Z [live] {"w":7,"cond":"NO_CAST","t":4,"scored":true,"fps":90,"ms":11.1,"js":1.2,"top":"InputSystem:0.9 PanelUISystem:0.1 CrystalBench:0.0","worst":12.1,"casting":false,"particles":0,"particleCount":1,"emissionRate":1,"calls":14,"head":[0.42,0.76,-0.46],"yaw":-145,"pitch":-19}
2026-10-01T03:20:31.101Z [perf] {"mode":"xr","views":2,"target":"1680x1760","fps":90,"msMedian":11.1,"msP95":11.8,"msWorst":12.2,"calls":14,"tris":22648,"points":2600,"programs":31,"geometries":33,"textures":9,"abilities":0,"instances":0,"particles":0,"foveation":1}
2026-10-01T03:20:31.868Z [live] {"w":7,"cond":"NO_CAST","t":6,"scored":true,"fps":90,"ms":11.1,"js":1.2,"top":"InputSystem:0.9 PanelUISystem:0.1 LevelSystem:0.0","worst":12.1,"casting":false,"particles":0,"particleCount":1,"emissionRate":1,"calls":14,"head":[0.42,0.76,-0.46],"yaw":-145,"pitch":-19}
2026-10-01T03:20:33.868Z [live] {"w":7,"cond":"NO_CAST","t":8,"scored":true,"fps":90,"ms":11.1,"js":1.2,"top":"InputSystem:0.9 PanelUISystem:0.1 ScreenSpaceUISystem:0.0","worst":12.4,"casting":false,"particles":0,"particleCount":1,"emissionRate":1,"calls":14,"head":[0.42,0.76,-0.46],"yaw":-145,"pitch":-19}
2026-10-01T03:20:35.879Z [live] {"w":7,"cond":"NO_CAST","t":10,"scored":true,"fps":90.1,"ms":11.1,"js":1.2,"top":"InputSystem:0.9 PanelUISystem:0.1 LocomotionSystem:0.0","worst":12.4,"casting":false,"particles":0,"particleCount":1,"emissionRate":1,"calls":14,"head":[0.42,0.76,-0.46],"yaw":-145,"pitch":-19}
2026-10-01T03:20:36.102Z [perf] {"mode":"xr","views":2,"target":"1680x1760","fps":90,"msMedian":11.1,"msP95":11.8,"msWorst":12.4,"calls":14,"tris":22648,"points":2600,"programs":31,"geometries":33,"textures":9,"abilities":0,"instances":0,"particles":0,"foveation":1}
2026-10-01T03:20:37.886Z [live] {"w":7,"cond":"NO_CAST","t":12,"scored":true,"fps":90,"ms":11.1,"js":1.2,"top":"InputSystem:0.9 PanelUISystem:0.1 ScreenSpaceUISystem:0.0","worst":12.4,"casting":false,"particles":0,"particleCount":1,"emissionRate":1,"calls":14,"head":[0.42,0.76,-0.46],"yaw":-145,"pitch":-19}
2026-10-01T03:20:37.886Z [live] PARTICLE CHECK {"w":7,"cond":"NO_CAST","valid":true,"particlePeak":0,"checks":6,"particleCount":1,"emissionRate":1}
2026-10-01T03:20:37.886Z [live] WINDOW RESULT {"name":"NO_CAST","age":[0,0,0],"js":[0,0,0],"top":["FrameUniformSystem:0.0 LocomotionSystem:0.0 InputSystem:0.0","FrameUniformSystem:0.0 LocomotionSystem:0.0 InputSystem:0.0","FrameUniformSystem:0.0 LocomotionSystem:0.0 InputSystem:0.0"],"mean":11.11,"p95":11.8,"slowPct":0,"worst":12.4,"castMean":0,"idleMean":11.11}
2026-10-01T03:20:37.887Z [live] ## WINDOW 8/12 NO_MIST_OR_FROST
2026-10-01T03:20:39.883Z [live] {"w":8,"cond":"NO_MIST_OR_FROST","t":2,"scored":true,"fps":69.9,"ms":14.3,"js":1.5,"top":"InputSystem:0.7 CastSystem:0.5 PanelUISystem:0.1","worst":22.5,"casting":true,"particles":601,"particleCount":1,"emissionRate":1,"calls":20,"head":[0.42,0.76,-0.46],"yaw":-145,"pitch":-19}
2026-10-01T03:20:41.103Z [perf] {"mode":"xr","views":2,"target":"1680x1760","fps":76.4,"msMedian":13.3,"msP95":16.2,"msWorst":22.5,"calls":20,"tris":49248,"points":2600,"programs":31,"geometries":33,"textures":9,"abilities":1,"instances":190,"particles":293,"foveation":1}
2026-10-01T03:20:41.885Z [live] {"w":8,"cond":"NO_MIST_OR_FROST","t":4,"scored":true,"fps":67.5,"ms":14.8,"js":1.5,"top":"InputSystem:0.7 CastSystem:0.6 PanelUISystem:0.1","worst":16.5,"casting":true,"particles":243,"particleCount":1,"emissionRate":1,"calls":20,"head":[0.42,0.76,-0.46],"yaw":-145,"pitch":-19}
2026-10-01T03:20:43.889Z [live] {"w":8,"cond":"NO_MIST_OR_FROST","t":6,"scored":true,"fps":78.2,"ms":12.8,"js":1.4,"top":"InputSystem:0.8 CastSystem:0.4 PanelUISystem:0.1","worst":18,"casting":false,"particles":126,"particleCount":1,"emissionRate":1,"calls":14,"head":[0.42,0.76,-0.46],"yaw":-145,"pitch":-19}
2026-10-01T03:20:45.892Z [live] {"w":8,"cond":"NO_MIST_OR_FROST","t":8,"scored":true,"fps":69,"ms":14.5,"js":1.6,"top":"InputSystem:0.7 CastSystem:0.5 PanelUISystem:0.1","worst":47.5,"casting":true,"particles":626,"particleCount":1,"emissionRate":1,"calls":20,"head":[0.42,0.76,-0.46],"yaw":-145,"pitch":-19}
2026-10-01T03:20:46.109Z [perf] {"mode":"xr","views":2,"target":"1680x1760","fps":72.3,"msMedian":14.2,"msP95":17.1,"msWorst":47.5,"calls":20,"tris":49248,"points":2600,"programs":31,"geometries":33,"textures":9,"abilities":1,"instances":190,"particles":541,"foveation":1}
2026-10-01T03:20:47.906Z [live] {"w":8,"cond":"NO_MIST_OR_FROST","t":10,"scored":true,"fps":67,"ms":14.9,"js":1.5,"top":"InputSystem:0.7 CastSystem:0.5 PanelUISystem:0.1","worst":19.5,"casting":true,"particles":253,"particleCount":1,"emissionRate":1,"calls":20,"head":[0.42,0.76,-0.46],"yaw":-145,"pitch":-19}
2026-10-01T03:20:49.891Z [live] PARTICLE CHECK {"w":8,"cond":"NO_MIST_OR_FROST","valid":true,"particlePeak":626,"checks":5,"particleCount":1,"emissionRate":1}
2026-10-01T03:20:49.891Z [live] WINDOW RESULT {"name":"NO_MIST_OR_FROST","age":[14.4,14.9,12.8],"js":[1.5,1.5,1.4],"top":["InputSystem:0.7 CastSystem:0.5 PanelUISystem:0.1","InputSystem:0.7 CastSystem:0.5 PanelUISystem:0.1","InputSystem:0.8 CastSystem:0.4 PanelUISystem:0.1"],"mean":13.97,"p95":16.6,"slowPct":66,"worst":47.5,"castMean":14.32,"idleMean":11.12}
2026-10-01T03:20:49.892Z [live] ## WINDOW 9/12 BOTH_V2
2026-10-01T03:20:51.121Z [perf] {"mode":"xr","views":2,"target":"1680x1760","fps":66.4,"msMedian":14.4,"msP95":29.8,"msWorst":45.6,"calls":44,"tris":49794,"points":2600,"programs":31,"geometries":33,"textures":9,"abilities":1,"instances":190,"particles":1194,"foveation":1}
2026-10-01T03:20:51.920Z [live] {"w":9,"cond":"BOTH_V2","t":2,"scored":true,"fps":37,"ms":27,"js":4.6,"top":"InputSystem:2.4 CastSystem:1.3 PanelUISystem:0.2","worst":46.4,"casting":true,"particles":886,"particleCount":1,"emissionRate":1,"calls":43,"head":[0.42,0.76,-0.46],"yaw":-145,"pitch":-19}
2026-10-01T03:20:53.913Z [live] {"w":9,"cond":"BOTH_V2","t":4,"scored":true,"fps":29,"ms":34.5,"js":1.5,"top":"InputSystem:0.7 CastSystem:0.5 PanelUISystem:0.1","worst":43.4,"casting":true,"particles":364,"particleCount":1,"emissionRate":1,"calls":43,"head":[0.42,0.76,-0.46],"yaw":-145,"pitch":-19}
2026-10-01T03:20:55.923Z [live] {"w":9,"cond":"BOTH_V2","t":6,"scored":true,"fps":32.4,"ms":30.8,"js":1.3,"top":"InputSystem:0.7 CastSystem:0.4 PanelUISystem:0.1","worst":63.8,"casting":false,"particles":187,"particleCount":1,"emissionRate":1,"calls":37,"head":[0.42,0.76,-0.46],"yaw":-145,"pitch":-19}
2026-10-01T03:20:56.130Z [perf] {"mode":"xr","views":2,"target":"1680x1760","fps":29.3,"msMedian":34.2,"msP95":45.1,"msWorst":63.8,"calls":53,"tris":49314,"points":2600,"programs":31,"geometries":33,"textures":9,"abilities":1,"instances":190,"particles":312,"foveation":1}
2026-10-01T03:20:57.933Z [live] {"w":9,"cond":"BOTH_V2","t":8,"scored":true,"fps":29.3,"ms":34.2,"js":1.5,"top":"InputSystem:0.7 CastSystem:0.5 PanelUISystem:0.1","worst":49.8,"casting":true,"particles":963,"particleCount":1,"emissionRate":1,"calls":45,"head":[0.42,0.76,-0.46],"yaw":-145,"pitch":-19}
2026-10-01T03:20:59.935Z [live] {"w":9,"cond":"BOTH_V2","t":10,"scored":true,"fps":28.5,"ms":35.1,"js":1.4,"top":"InputSystem:0.6 CastSystem:0.6 PanelUISystem:0.1","worst":44.4,"casting":true,"particles":381,"particleCount":1,"emissionRate":1,"calls":44,"head":[0.42,0.76,-0.46],"yaw":-145,"pitch":-19}
2026-10-01T03:21:01.149Z [perf] {"mode":"xr","views":2,"target":"1680x1760","fps":31.9,"msMedian":30.2,"msP95":42.8,"msWorst":49.8,"calls":44,"tris":49296,"points":2600,"programs":31,"geometries":33,"textures":9,"abilities":1,"instances":190,"particles":272,"foveation":1}
2026-10-01T03:21:01.920Z [live] PARTICLE CHECK {"w":9,"cond":"BOTH_V2","valid":true,"particlePeak":963,"checks":5,"particleCount":1,"emissionRate":1}
2026-10-01T03:21:01.922Z [live] WINDOW RESULT {"name":"BOTH_V2","age":[30,35.1,30.1],"js":[1.6,1.5,1.3],"top":["InputSystem:0.7 CastSystem:0.5 PanelUISystem:0.1","InputSystem:0.7 CastSystem:0.5 PanelUISystem:0.1","InputSystem:0.7 CastSystem:0.4 PanelUISystem:0.1"],"mean":31.57,"p95":44.5,"slowPct":94,"worst":63.8,"castMean":30.69,"idleMean":44.12}
2026-10-01T03:21:01.923Z [live] ## WINDOW 10/12 FROST_V2
2026-10-01T03:21:03.995Z [live] {"w":10,"cond":"FROST_V2","t":2.1,"scored":true,"fps":23.6,"ms":42.4,"js":3.3,"top":"InputSystem:1.6 CastSystem:1.1 PanelUISystem:0.2","worst":100.4,"casting":true,"particles":881,"particleCount":1,"emissionRate":1,"calls":42,"head":[0.42,0.76,-0.46],"yaw":-145,"pitch":-19}
2026-10-01T03:21:06.101Z [live] {"w":10,"cond":"FROST_V2","t":4.2,"scored":true,"fps":10,"ms":100,"js":1.5,"top":"InputSystem:0.8 CastSystem:0.5 PanelUISystem:0.1","worst":100.4,"casting":true,"particles":354,"particleCount":1,"emissionRate":1,"calls":42,"head":[0.42,0.76,-0.46],"yaw":-145,"pitch":-19}
2026-10-01T03:21:06.176Z [perf] {"mode":"xr","views":2,"target":"1680x1760","fps":17.7,"msMedian":41.9,"msP95":100.2,"msWorst":100.4,"calls":42,"tris":49292,"points":2600,"programs":31,"geometries":33,"textures":9,"abilities":1,"instances":190,"particles":350,"foveation":1}
2026-10-01T03:21:08.119Z [live] {"w":10,"cond":"FROST_V2","t":6.2,"scored":true,"fps":20.3,"ms":49.4,"js":1.3,"top":"InputSystem:0.7 CastSystem:0.4 PanelUISystem:0.1","worst":80.8,"casting":true,"particles":345,"particleCount":1,"emissionRate":1,"calls":49,"head":[0.42,0.76,-0.46],"yaw":-145,"pitch":-19}
2026-10-01T03:21:10.124Z [live] {"w":10,"cond":"FROST_V2","t":8.2,"scored":true,"fps":13.5,"ms":74.2,"js":1.5,"top":"InputSystem:0.7 CastSystem:0.6 PanelUISystem:0.1","worst":100.2,"casting":true,"particles":898,"particleCount":1,"emissionRate":1,"calls":45,"head":[0.42,0.76,-0.46],"yaw":-145,"pitch":-19}
2026-10-01T03:21:11.222Z [perf] {"mode":"xr","views":2,"target":"1680x1760","fps":15.5,"msMedian":51.8,"msP95":100.1,"msWorst":100.4,"calls":45,"tris":49298,"points":2600,"programs":31,"geometries":33,"textures":9,"abilities":1,"instances":190,"particles":498,"foveation":1}
2026-10-01T03:21:12.229Z [live] {"w":10,"cond":"FROST_V2","t":10.3,"scored":true,"fps":10,"ms":100,"js":1.5,"top":"InputSystem:0.7 CastSystem:0.6 PanelUISystem:0.1","worst":100.4,"casting":true,"particles":353,"particleCount":1,"emissionRate":1,"calls":44,"head":[0.42,0.76,-0.46],"yaw":-145,"pitch":-19}
2026-10-01T03:21:13.926Z [live] PARTICLE CHECK {"w":10,"cond":"FROST_V2","valid":true,"particlePeak":898,"checks":5,"particleCount":1,"emissionRate":1}
2026-10-01T03:21:13.927Z [live] WINDOW RESULT {"name":"FROST_V2","age":[51.4,100,53.4],"js":[1.5,1.5,1.4],"top":["InputSystem:0.7 CastSystem:0.5 PanelUISystem:0.1","InputSystem:0.7 CastSystem:0.5 PanelUISystem:0.1","InputSystem:0.7 CastSystem:0.4 PanelUISystem:0.1"],"mean":62.23,"p95":100.2,"slowPct":91.7,"worst":100.4,"castMean":63.45,"idleMean":50.41}
2026-10-01T03:21:13.927Z [live] ## WINDOW 11/12 MIST_V2
2026-10-01T03:21:15.939Z [live] {"w":11,"cond":"MIST_V2","t":2,"scored":true,"fps":36.3,"ms":27.6,"js":2.1,"top":"InputSystem:1.0 CastSystem:0.7 PanelUISystem:0.1","worst":48.2,"casting":true,"particles":896,"particleCount":1,"emissionRate":1,"calls":43,"head":[0.42,0.76,-0.46],"yaw":-145,"pitch":-19}
2026-10-01T03:21:16.255Z [perf] {"mode":"xr","views":2,"target":"1680x1760","fps":24.8,"msMedian":36.8,"msP95":99.9,"msWorst":100.3,"calls":43,"tris":49294,"points":2600,"programs":31,"geometries":33,"textures":9,"abilities":1,"instances":190,"particles":761,"foveation":1}
2026-10-01T03:21:17.962Z [live] {"w":11,"cond":"MIST_V2","t":4,"scored":true,"fps":28.2,"ms":35.5,"js":1.4,"top":"InputSystem:0.7 CastSystem:0.5 PanelUISystem:0.1","worst":43.7,"casting":true,"particles":382,"particleCount":1,"emissionRate":1,"calls":43,"head":[0.42,0.76,-0.46],"yaw":-145,"pitch":-19}
2026-10-01T03:21:19.992Z [live] {"w":11,"cond":"MIST_V2","t":6.1,"scored":true,"fps":26.1,"ms":38.3,"js":1.4,"top":"InputSystem:0.7 CastSystem:0.5 PanelUISystem:0.1","worst":96.4,"casting":true,"particles":182,"particleCount":1,"emissionRate":1,"calls":37,"head":[0.42,0.76,-0.46],"yaw":-145,"pitch":-19}
2026-10-01T03:21:21.270Z [perf] {"mode":"xr","views":2,"target":"1680x1760","fps":26.9,"msMedian":33.3,"msP95":65.1,"msWorst":96.4,"calls":44,"tris":49296,"points":2600,"programs":31,"geometries":33,"textures":9,"abilities":1,"instances":190,"particles":1226,"foveation":1}
2026-10-01T03:21:22.015Z [live] {"w":11,"cond":"MIST_V2","t":8.1,"scored":true,"fps":25.9,"ms":38.7,"js":1.6,"top":"InputSystem:0.7 CastSystem:0.5 PanelUISystem:0.1","worst":66.1,"casting":true,"particles":909,"particleCount":1,"emissionRate":1,"calls":44,"head":[0.42,0.76,-0.46],"yaw":-145,"pitch":-19}
2026-10-01T03:21:24.003Z [live] {"w":11,"cond":"MIST_V2","t":10.1,"scored":true,"fps":28.5,"ms":35.1,"js":1.4,"top":"InputSystem:0.7 CastSystem:0.5 PanelUISystem:0.0","worst":45.4,"casting":true,"particles":366,"particleCount":1,"emissionRate":1,"calls":43,"head":[0.42,0.76,-0.46],"yaw":-145,"pitch":-19}
2026-10-01T03:21:25.951Z [live] PARTICLE CHECK {"w":11,"cond":"MIST_V2","valid":true,"particlePeak":909,"checks":5,"particleCount":1,"emissionRate":1}
2026-10-01T03:21:25.951Z [live] WINDOW RESULT {"name":"MIST_V2","age":[32.2,35.7,37],"js":[1.5,1.4,1.4],"top":["InputSystem:0.7 CastSystem:0.5 PanelUISystem:0.1","InputSystem:0.7 CastSystem:0.5 PanelUISystem:0.1","InputSystem:0.7 CastSystem:0.5 PanelUISystem:0.1"],"mean":34.85,"p95":60.9,"slowPct":96.8,"worst":96.4,"castMean":33.08,"idleMean":76.75}
2026-10-01T03:21:25.952Z [live] ## WINDOW 12/12 CURRENT
2026-10-01T03:21:26.273Z [perf] {"mode":"xr","views":2,"target":"1680x1760","fps":28.4,"msMedian":33.8,"msP95":65.8,"msWorst":91.8,"calls":45,"tris":49796,"points":2600,"programs":31,"geometries":33,"textures":9,"abilities":1,"instances":190,"particles":847,"foveation":1}
2026-10-01T03:21:28.030Z [live] {"w":12,"cond":"CURRENT","t":2.1,"scored":true,"fps":22.6,"ms":44.2,"js":3.2,"top":"InputSystem:1.5 CastSystem:1.1 PanelUISystem:0.2","worst":100.4,"casting":true,"particles":848,"particleCount":1,"emissionRate":1,"calls":43,"head":[0.42,0.76,-0.46],"yaw":-145,"pitch":-19}
2026-10-01T03:21:30.130Z [live] {"w":12,"cond":"CURRENT","t":4.2,"scored":true,"fps":10,"ms":100,"js":1.4,"top":"InputSystem:0.7 CastSystem:0.5 PanelUISystem:0.1","worst":100.5,"casting":true,"particles":371,"particleCount":1,"emissionRate":1,"calls":43,"head":[0.42,0.76,-0.46],"yaw":-145,"pitch":-19}
2026-10-01T03:21:31.340Z [perf] {"mode":"xr","views":2,"target":"1680x1760","fps":15.4,"msMedian":61.4,"msP95":100.3,"msWorst":100.6,"calls":43,"tris":49294,"points":2600,"programs":31,"geometries":33,"textures":9,"abilities":1,"instances":190,"particles":267,"foveation":1}
2026-10-01T03:21:32.159Z [live] {"w":12,"cond":"CURRENT","t":6.2,"scored":true,"fps":16.8,"ms":59.6,"js":1.5,"top":"InputSystem:0.7 CastSystem:0.4 PanelUISystem:0.1","worst":100.6,"casting":true,"particles":212,"particleCount":1,"emissionRate":1,"calls":49,"head":[0.42,0.76,-0.46],"yaw":-145,"pitch":-19}
2026-10-01T03:21:34.233Z [live] {"w":12,"cond":"CURRENT","t":8.3,"scored":true,"fps":13.5,"ms":74.2,"js":1.5,"top":"InputSystem:0.7 CastSystem:0.5 PanelUISystem:0.1","worst":100.2,"casting":true,"particles":877,"particleCount":1,"emissionRate":1,"calls":46,"head":[0.42,0.76,-0.46],"yaw":-145,"pitch":-19}
2026-10-01T03:21:36.251Z [live] {"w":12,"cond":"CURRENT","t":10.3,"scored":true,"fps":12.4,"ms":80.8,"js":1.6,"top":"InputSystem:0.7 CastSystem:0.6 PanelUISystem:0.1","worst":97.3,"casting":true,"particles":349,"particleCount":1,"emissionRate":1,"calls":45,"head":[0.42,0.76,-0.46],"yaw":-145,"pitch":-19}
2026-10-01T03:21:36.380Z [perf] {"mode":"xr","views":2,"target":"1680x1760","fps":13.1,"msMedian":77.9,"msP95":99.8,"msWorst":100.2,"calls":45,"tris":49298,"points":2600,"programs":31,"geometries":33,"textures":9,"abilities":1,"instances":190,"particles":340,"foveation":1}
2026-10-01T03:21:37.955Z [live] PARTICLE CHECK {"w":12,"cond":"CURRENT","valid":true,"particlePeak":877,"checks":5,"particleCount":1,"emissionRate":1}
2026-10-01T03:21:37.957Z [live] WINDOW RESULT {"name":"CURRENT","age":[53.6,92.4,60.6],"js":[1.6,1.5,1.5],"top":["InputSystem:0.7 CastSystem:0.5 PanelUISystem:0.1","InputSystem:0.7 CastSystem:0.5 PanelUISystem:0.1","InputSystem:0.7 CastSystem:0.4 PanelUISystem:0.1"],"mean":65.23,"p95":100.1,"slowPct":95.1,"worst":100.6,"castMean":64.53,"idleMean":74.53}
2026-10-01T03:21:37.957Z [live] RESULTS [{"name":"CURRENT","mean":64.14,"p95":100.1,"slowPct":96.75,"castMean":63,"idleMean":79.63,"age":[54.2,90.5,57.9],"js":[1.8,1.6,1.6],"top":["InputSystem:0.8 CastSystem:0.7 PanelUISystem:0.1","InputSystem:0.8 CastSystem:0.6 CrystalBench:0.1","InputSystem:0.8 CastSystem:0.5 PanelUISystem:0.1"],"worst":101.2,"windows":[63.04,65.23],"vsCurrent":0},{"name":"MIST_V2","mean":34.41,"p95":59.15,"slowPct":96.7,"castMean":32.7,"idleMean":76.75,"age":[30.9,36.2,36.8],"js":[1.6,1.5,1.4],"top":["InputSystem:0.8 CastSystem:0.6 PanelUISystem:0.1","InputSystem:0.7 CastSystem:0.6 PanelUISystem:0.1","InputSystem:0.7 CastSystem:0.5 PanelUISystem:0.1"],"worst":99.1,"windows":[33.96,34.85],"vsCurrent":-29.73},{"name":"FROST_V2","mean":59.92,"p95":100.1,"slowPct":92.75,"castMean":60.89,"idleMean":50.27,"age":[48.6,97.5,52.1],"js":[1.6,1.5,1.4],"top":["InputSystem:0.7 CastSystem:0.6 PanelUISystem:0.1","InputSystem:0.7 CastSystem:0.5 PanelUISystem:0.0","InputSystem:0.7 CastSystem:0.5 PanelUISystem:0.1"],"worst":100.7,"windows":[57.62,62.23],"vsCurrent":-4.22},{"name":"BOTH_V2","mean":30.94,"p95":42.5,"slowPct":95.75,"castMean":30.13,"idleMean":42.44,"age":[29.9,33.7,29.6],"js":[1.6,1.5,1.4],"top":["InputSystem:0.7 CastSystem:0.6 PanelUISystem:0.1","InputSystem:0.7 CastSystem:0.5 PanelUISystem:0.1","InputSystem:0.7 CastSystem:0.5 PanelUISystem:0.1"],"worst":63.8,"windows":[30.31,31.57],"vsCurrent":-33.2},{"name":"NO_MIST_OR_FROST","mean":13.99,"p95":16.5,"slowPct":65.75,"castMean":14.34,"idleMean":11.14,"age":[14.5,14.9,12.8],"js":[1.5,1.5,1.4],"top":["InputSystem:0.7 CastSystem:0.5 PanelUISystem:0.1","InputSystem:0.7 CastSystem:0.5 PanelUISystem:0.1","InputSystem:0.8 CastSystem:0.4 PanelUISystem:0.1"],"worst":47.5,"windows":[14.01,13.97],"vsCurrent":-50.15},{"name":"NO_CAST","mean":11.11,"p95":11.9,"slowPct":0,"castMean":0,"idleMean":11.11,"age":[0,0,0],"js":[0,0,0],"top":["FrameUniformSystem:0.0 LocomotionSystem:0.0 InputSystem:0.0","FrameUniformSystem:0.0 LocomotionSystem:0.0 InputSystem:0.0","FrameUniformSystem:0.0 LocomotionSystem:0.0 InputSystem:0.0"],"worst":13,"windows":[11.11,11.11],"vsCurrent":-53.03}]
2026-10-01T03:21:39.022Z [frame-probe] RESULTS {"mode":"xr","gpuTimer":false,"disjointCount":0,"skippedQueries":0,"pendingQueries":0,"windows":[{"w":1,"name":"CURRENT","interval":{"count":190,"mean":63.014,"p95":100,"worst":101.2},"cpuFrame":{"count":190,"mean":4.026,"p95":5.3,"worst":7.3},"update":{"count":190,"mean":1.861,"p95":2.6,"worst":4.9},"render":{"count":190,"mean":2.162,"p95":3,"worst":4.2},"gpu":{"count":0,"mean":null,"p95":null,"worst":null}},{"w":2,"name":"MIST_V2","interval":{"count":355,"mean":33.956,"p95":57.4,"worst":99.1},"cpuFrame":{"count":355,"mean":3.651,"p95":5.1,"worst":6},"update":{"count":355,"mean":1.646,"p95":2.2,"worst":3.2},"render":{"count":355,"mean":2.002,"p95":3,"worst":3.9},"gpu":{"count":0,"mean":null,"p95":null,"worst":null}},{"w":3,"name":"FROST_V2","interval":{"count":209,"mean":57.617,"p95":100,"worst":100.7},"cpuFrame":{"count":209,"mean":3.615,"p95":5,"worst":5.8},"update":{"count":209,"mean":1.557,"p95":2.1,"worst":3.1},"render":{"count":209,"mean":2.054,"p95":3.1,"worst":3.6},"gpu":{"count":0,"mean":null,"p95":null,"worst":null}},{"w":4,"name":"BOTH_V2","interval":{"count":396,"mean":30.31,"p95":40.5,"worst":60.3},"cpuFrame":{"count":396,"mean":3.494,"p95":4.9,"worst":5.7},"update":{"count":396,"mean":1.501,"p95":2.2,"worst":3.2},"render":{"count":396,"mean":1.986,"p95":2.9,"worst":3.7},"gpu":{"count":0,"mean":null,"p95":null,"worst":null}},{"w":5,"name":"NO_MIST_OR_FROST","interval":{"count":857,"mean":14.006,"p95":16.4,"worst":39.7},"cpuFrame":{"count":857,"mean":3.144,"p95":4.3,"worst":6},"update":{"count":857,"mean":1.516,"p95":2.1,"worst":3.5},"render":{"count":857,"mean":1.623,"p95":2.4,"worst":2.8},"gpu":{"count":0,"mean":null,"p95":null,"worst":null}},{"w":6,"name":"NO_CAST","interval":{"count":1080,"mean":11.111,"p95":12,"worst":13},"cpuFrame":{"count":1080,"mean":2.647,"p95":3.3,"worst":5},"update":{"count":1080,"mean":1.261,"p95":1.7,"worst":3.3},"render":{"count":1080,"mean":1.378,"p95":1.8,"worst":2.3},"gpu":{"count":0,"mean":null,"p95":null,"worst":null}},{"w":7,"name":"NO_CAST","interval":{"count":1081,"mean":11.111,"p95":11.8,"worst":12.4},"cpuFrame":{"count":1081,"mean":2.668,"p95":3.3,"worst":5.4},"update":{"count":1081,"mean":1.265,"p95":1.8,"worst":3.7},"render":{"count":1081,"mean":1.395,"p95":1.8,"worst":2.2},"gpu":{"count":0,"mean":null,"p95":null,"worst":null}},{"w":8,"name":"NO_MIST_OR_FROST","interval":{"count":860,"mean":13.965,"p95":16.6,"worst":47.5},"cpuFrame":{"count":860,"mean":3.172,"p95":4.2,"worst":7.9},"update":{"count":860,"mean":1.532,"p95":2,"worst":3.8},"render":{"count":860,"mean":1.635,"p95":2.4,"worst":4.7},"gpu":{"count":0,"mean":null,"p95":null,"worst":null}},{"w":9,"name":"BOTH_V2","interval":{"count":381,"mean":31.573,"p95":44.5,"worst":63.8},"cpuFrame":{"count":381,"mean":3.439,"p95":4.6,"worst":5.6},"update":{"count":381,"mean":1.489,"p95":2,"worst":3.7},"render":{"count":381,"mean":1.947,"p95":2.8,"worst":3.4},"gpu":{"count":0,"mean":null,"p95":null,"worst":null}},{"w":10,"name":"FROST_V2","interval":{"count":193,"mean":62.231,"p95":100.2,"worst":100.5},"cpuFrame":{"count":193,"mean":3.345,"p95":4.6,"worst":5.8},"update":{"count":193,"mean":1.489,"p95":2.2,"worst":2.6},"render":{"count":193,"mean":1.852,"p95":2.8,"worst":3.3},"gpu":{"count":0,"mean":null,"p95":null,"worst":null}},{"w":11,"name":"MIST_V2","interval":{"count":345,"mean":34.853,"p95":60.9,"worst":96.3},"cpuFrame":{"count":345,"mean":3.454,"p95":4.7,"worst":6},"update":{"count":345,"mean":1.483,"p95":2,"worst":2.8},"render":{"count":345,"mean":1.966,"p95":2.8,"worst":3.6},"gpu":{"count":0,"mean":null,"p95":null,"worst":null}},{"w":12,"name":"CURRENT","interval":{"count":184,"mean":65.233,"p95":100.1,"worst":100.6},"cpuFrame":{"count":184,"mean":3.54,"p95":4.7,"worst":5.5},"update":{"count":184,"mean":1.555,"p95":2.2,"worst":2.8},"render":{"count":184,"mean":1.98,"p95":2.8,"worst":3.3},"gpu":{"count":0,"mean":null,"p95":null,"worst":null}}]}
