@iwer-injection-runtime:851 [IWSDK Dev] Configuration: {device: 'metaQuest3', activation: 'localhost', verbose: false, sem: null, ai: null, …}
@iwsdk_core.js?v=361afaaa:1519                                                  
▄▄▄▄▄▄  ▄▄      ▄▄   ▄▄▄▄    ▄▄▄▄▄     ▄▄   ▄▄▄ 
▀▀██▀▀  ██      ██ ▄█▀▀▀▀█   ██▀▀▀██   ██  ██▀  
  ██    ▀█▄ ██ ▄█▀ ██▄       ██    ██  ██▄██    
  ██     ██ ██ ██   ▀████▄   ██    ██  █████    
  ██     ███▀▀███       ▀██  ██    ██  ██  ██▄  
▄▄██▄▄   ███  ███  █▄▄▄▄▄█▀  ██▄▄▄██   ██   ██▄ 
▀▀▀▀▀▀   ▀▀▀  ▀▀▀   ▀▀▀▀▀    ▀▀▀▀▀     ▀▀    ▀▀                                                
===============================================
Immersive Web SDK v0.5.3
Three.js r181
EliCS v3.4.2
CrystalBench.ts:277 [bench] crystal rendering benchmark: 14 modes x (1.5s warmup + 4s measure)
CrystalBench.ts:458 [bench] rep1 --> NO_CAST  (floor: no ability at all, in-session reference)
CrystalBench.ts:481 [bench] settled NO_CAST -> abilities=0 particles=0 calls=9 CLEAN
chunk-ER7ZKBRH.js?v=361afaaa:265 THREE.WebGLRenderer: Can't change size while VR device is presenting.
warn @ chunk-ER7ZKBRH.js?v=361afaaa:265
WebGLRenderer.setSize @ chunk-ER7ZKBRH.js?v=361afaaa:42678
onWindowResize @ chunk-ZEFKGSF7.js?v=361afaaa:108062
panel.ts:24 WebGL: INVALID_ENUM: texParameter: invalid parameter
setTextureParameters @ chunk-ER7ZKBRH.js?v=361afaaa:38165
setupRenderTarget @ chunk-ER7ZKBRH.js?v=361afaaa:38965
WebGLRenderer.setRenderTarget @ chunk-ER7ZKBRH.js?v=361afaaa:43683
onAnimationFrame @ chunk-ER7ZKBRH.js?v=361afaaa:39816
onAnimationFrame @ chunk-ER7ZKBRH.js?v=361afaaa:31415
XRRequestFrame
start @ chunk-ER7ZKBRH.js?v=361afaaa:31422
WebXRManager.setSession @ chunk-ER7ZKBRH.js?v=361afaaa:39593
await in WebXRManager.setSession
onSessionStart @ chunk-ZEFKGSF7.js?v=361afaaa:27829
await in onSessionStart
(anonymous) @ chunk-ZEFKGSF7.js?v=361afaaa:27846
Promise.then
launchXR @ chunk-ZEFKGSF7.js?v=361afaaa:27846
launchXR @ chunk-ZEFKGSF7.js?v=361afaaa:97942
(anonymous) @ panel.ts:24
emitPointerEventRec @ chunk-ZEFKGSF7.js?v=361afaaa:18631
emitPointerEvent @ chunk-ZEFKGSF7.js?v=361afaaa:18620
up @ chunk-ZEFKGSF7.js?v=361afaaa:19072
emitEvent @ chunk-ZEFKGSF7.js?v=361afaaa:19801
update @ chunk-ZEFKGSF7.js?v=361afaaa:19866
update @ chunk-ZEFKGSF7.js?v=361afaaa:103348
update @ chunk-MGD6D3NL.js?v=361afaaa:1363
update @ chunk-ZEFKGSF7.js?v=361afaaa:98163
world.update @ chunk-ZEFKGSF7.js?v=361afaaa:105712
render @ chunk-ZEFKGSF7.js?v=361afaaa:108048
onAnimationFrame @ chunk-ER7ZKBRH.js?v=361afaaa:43038
onAnimationFrame @ chunk-ER7ZKBRH.js?v=361afaaa:31415
requestAnimationFrame
onAnimationFrame @ chunk-ER7ZKBRH.js?v=361afaaa:31416
requestAnimationFrame
onAnimationFrame @ chunk-ER7ZKBRH.js?v=361afaaa:31416
requestAnimationFrame
onAnimationFrame @ chunk-ER7ZKBRH.js?v=361afaaa:31416
requestAnimationFrame
onAnimationFrame @ chunk-ER7ZKBRH.js?v=361afaaa:31416
requestAnimationFrame
onAnimationFrame @ chunk-ER7ZKBRH.js?v=361afaaa:31416
requestAnimationFrame
onAnimationFrame @ chunk-ER7ZKBRH.js?v=361afaaa:31416
requestAnimationFrame
onAnimationFrame @ chunk-ER7ZKBRH.js?v=361afaaa:31416
requestAnimationFrame
onAnimationFrame @ chunk-ER7ZKBRH.js?v=361afaaa:31416
requestAnimationFrame
onAnimationFrame @ chunk-ER7ZKBRH.js?v=361afaaa:31416
requestAnimationFrame
onAnimationFrame @ chunk-ER7ZKBRH.js?v=361afaaa:31416
requestAnimationFrame
onAnimationFrame @ chunk-ER7ZKBRH.js?v=361afaaa:31416
requestAnimationFrame
onAnimationFrame @ chunk-ER7ZKBRH.js?v=361afaaa:31416
requestAnimationFrame
onAnimationFrame @ chunk-ER7ZKBRH.js?v=361afaaa:31416
requestAnimationFrame
onAnimationFrame @ chunk-ER7ZKBRH.js?v=361afaaa:31416
requestAnimationFrame
onAnimationFrame @ chunk-ER7ZKBRH.js?v=361afaaa:31416
requestAnimationFrame
onAnimationFrame @ chunk-ER7ZKBRH.js?v=361afaaa:31416
requestAnimationFrame
onAnimationFrame @ chunk-ER7ZKBRH.js?v=361afaaa:31416
requestAnimationFrame
onAnimationFrame @ chunk-ER7ZKBRH.js?v=361afaaa:31416
requestAnimationFrame
onAnimationFrame @ chunk-ER7ZKBRH.js?v=361afaaa:31416
requestAnimationFrame
onAnimationFrame @ chunk-ER7ZKBRH.js?v=361afaaa:31416
requestAnimationFrame
onAnimationFrame @ chunk-ER7ZKBRH.js?v=361afaaa:31416
requestAnimationFrame
onAnimationFrame @ chunk-ER7ZKBRH.js?v=361afaaa:31416
requestAnimationFrame
onAnimationFrame @ chunk-ER7ZKBRH.js?v=361afaaa:31416
requestAnimationFrame
onAnimationFrame @ chunk-ER7ZKBRH.js?v=361afaaa:31416
requestAnimationFrame
onAnimationFrame @ chunk-ER7ZKBRH.js?v=361afaaa:31416
requestAnimationFrame
onAnimationFrame @ chunk-ER7ZKBRH.js?v=361afaaa:31416
requestAnimationFrame
onAnimationFrame @ chunk-ER7ZKBRH.js?v=361afaaa:31416
requestAnimationFrame
onAnimationFrame @ chunk-ER7ZKBRH.js?v=361afaaa:31416
CrystalBench.ts:552 [bench] {"mode":"NO_CAST","rep":1,"median":11.2,"p95":19.5,"fps":78,"calls":12,"instances":0}
CrystalBench.ts:458 [bench] rep1 --> HIDDEN_ICE_MAT  (not drawn, ice material assigned (run 1 CRYSTALS_HIDDEN))
CrystalBench.ts:481 [bench] settled HIDDEN_ICE_MAT -> abilities=0 particles=0 calls=14 CLEAN
PerfSystem.ts:127 [perf] {"mode":"xr","views":2,"target":"1680x1760","fps":69.9,"msMedian":11.2,"msP95":34,"msWorst":145.5,"calls":41,"tris":27532,"points":2600,"programs":28,"geometries":34,"textures":12,"abilities":1,"instances":190,"particles":1176,"foveation":1}
CrystalBench.ts:552 [bench] {"mode":"HIDDEN_ICE_MAT","rep":1,"median":100.2,"p95":100.7,"fps":10,"calls":39,"instances":190}
CrystalBench.ts:458 [bench] rep1 --> HIDDEN_SIMPLE_MAT  (not drawn, cheap material assigned -> pairs with HIDDEN_ICE_MAT)
PerfSystem.ts:127 [perf] {"mode":"xr","views":2,"target":"1680x1760","fps":10,"msMedian":100.2,"msP95":100.6,"msWorst":100.8,"calls":15,"tris":26982,"points":2600,"programs":28,"geometries":34,"textures":12,"abilities":0,"instances":0,"particles":0,"foveation":1}
CrystalBench.ts:481 [bench] settled HIDDEN_SIMPLE_MAT -> abilities=0 particles=0 calls=15 CLEAN
PerfSystem.ts:127 [perf] {"mode":"xr","views":2,"target":"1680x1760","fps":10,"msMedian":100.2,"msP95":100.5,"msWorst":100.6,"calls":44,"tris":27040,"points":2600,"programs":28,"geometries":34,"textures":12,"abilities":1,"instances":190,"particles":395,"foveation":1}
CrystalBench.ts:552 [bench] {"mode":"HIDDEN_SIMPLE_MAT","rep":1,"median":100.2,"p95":100.5,"fps":10,"calls":44,"instances":190}
CrystalBench.ts:458 [bench] rep1 --> CURRENT  (baseline: custom ice shader + transparent + DoubleSide)
CrystalBench.ts:481 [bench] settled CURRENT -> abilities=0 particles=0 calls=14 CLEAN
PerfSystem.ts:127 [perf] {"mode":"xr","views":2,"target":"1680x1760","fps":10,"msMedian":100.2,"msP95":100.9,"msWorst":101.4,"calls":49,"tris":49316,"points":2600,"programs":32,"geometries":38,"textures":13,"abilities":1,"instances":190,"particles":994,"foveation":1}
CrystalBench.ts:552 [bench] {"mode":"CURRENT","rep":1,"median":100.2,"p95":100.7,"fps":10,"calls":49,"instances":190}
CrystalBench.ts:458 [bench] rep1 --> SIMPLE_OPAQUE  (cheapest possible fragment, no blend, no lighting)
PerfSystem.ts:127 [perf] {"mode":"xr","views":2,"target":"1680x1760","fps":10.3,"msMedian":100.2,"msP95":100.7,"msWorst":100.8,"calls":14,"tris":22658,"points":2600,"programs":32,"geometries":38,"textures":13,"abilities":0,"instances":0,"particles":0,"foveation":1}
CrystalBench.ts:481 [bench] settled SIMPLE_OPAQUE -> abilities=0 particles=0 calls=14 CLEAN
PerfSystem.ts:127 [perf] {"mode":"xr","views":2,"target":"1680x1760","fps":14.7,"msMedian":99.6,"msP95":100.3,"msWorst":100.5,"calls":41,"tris":36006,"points":2600,"programs":33,"geometries":38,"textures":13,"abilities":1,"instances":190,"particles":295,"foveation":1}
CrystalBench.ts:552 [bench] {"mode":"SIMPLE_OPAQUE","rep":1,"median":100,"p95":100.4,"fps":10,"calls":50,"instances":190}
CrystalBench.ts:458 [bench] rep1 --> SIMPLE_TRANSPARENT  (SIMPLE_OPAQUE + blending -> isolates overdraw)
CrystalBench.ts:481 [bench] settled SIMPLE_TRANSPARENT -> abilities=0 particles=0 calls=14 CLEAN
PerfSystem.ts:127 [perf] {"mode":"xr","views":2,"target":"1680x1760","fps":12.2,"msMedian":99.9,"msP95":100.4,"msWorst":101.3,"calls":40,"tris":36004,"points":2600,"programs":34,"geometries":38,"textures":13,"abilities":1,"instances":190,"particles":535,"foveation":1}
CrystalBench.ts:552 [bench] {"mode":"SIMPLE_TRANSPARENT","rep":1,"median":100,"p95":100.4,"fps":10,"calls":37,"instances":190}
CrystalBench.ts:458 [bench] rep1 --> STANDARD_OPAQUE  (stock PBR, opaque -> isolates normal lighting cost)
CrystalBench.ts:481 [bench] settled STANDARD_OPAQUE -> abilities=0 particles=0 calls=14 CLEAN
PerfSystem.ts:127 [perf] {"mode":"xr","views":2,"target":"1680x1760","fps":19.4,"msMedian":36.1,"msP95":100.2,"msWorst":100.4,"calls":42,"tris":36506,"points":2600,"programs":35,"geometries":38,"textures":13,"abilities":1,"instances":190,"particles":1176,"foveation":1}
CrystalBench.ts:552 [bench] {"mode":"STANDARD_OPAQUE","rep":1,"median":100,"p95":100.4,"fps":10,"calls":40,"instances":190}
CrystalBench.ts:458 [bench] rep1 --> ICE_OPAQUE  (full ice shader, opaque -> isolates custom shader cost)
PerfSystem.ts:127 [perf] {"mode":"xr","views":2,"target":"1680x1760","fps":10,"msMedian":100,"msP95":100.4,"msWorst":100.5,"calls":14,"tris":22658,"points":2600,"programs":35,"geometries":38,"textures":13,"abilities":0,"instances":0,"particles":0,"foveation":1}
CrystalBench.ts:481 [bench] settled ICE_OPAQUE -> abilities=0 particles=0 calls=15 CLEAN
PerfSystem.ts:127 [perf] {"mode":"xr","views":2,"target":"1680x1760","fps":27.1,"msMedian":15.4,"msP95":100.2,"msWorst":100.8,"calls":42,"tris":40330,"points":2600,"programs":36,"geometries":38,"textures":13,"abilities":1,"instances":190,"particles":407,"foveation":1}
CrystalBench.ts:552 [bench] {"mode":"ICE_OPAQUE","rep":1,"median":100,"p95":100.3,"fps":10.2,"calls":44,"instances":190}
CrystalBench.ts:458 [bench] rep1 --> ICE_SINGLE_SIDE  (CURRENT but FrontSide -> isolates double-sided fragments)
CrystalBench.ts:481 [bench] settled ICE_SINGLE_SIDE -> abilities=0 particles=0 calls=15 CLEAN
PerfSystem.ts:127 [perf] {"mode":"xr","views":2,"target":"1680x1760","fps":39.9,"msMedian":11.4,"msP95":100.1,"msWorst":100.5,"calls":41,"tris":40328,"points":2600,"programs":36,"geometries":38,"textures":13,"abilities":1,"instances":190,"particles":957,"foveation":1}
CrystalBench.ts:552 [bench] {"mode":"ICE_SINGLE_SIDE","rep":1,"median":100.1,"p95":100.5,"fps":10.8,"calls":41,"instances":190}
CrystalBench.ts:458 [bench] rep1 --> NO_PARTICLES  (hidden + no particle emission)
PerfSystem.ts:127 [perf] {"mode":"xr","views":2,"target":"1680x1760","fps":23.6,"msMedian":11.8,"msP95":100.4,"msWorst":100.6,"calls":15,"tris":26982,"points":2600,"programs":36,"geometries":38,"textures":13,"abilities":0,"instances":0,"particles":0,"foveation":1}
CrystalBench.ts:481 [bench] settled NO_PARTICLES -> abilities=0 particles=0 calls=15 CLEAN
PerfSystem.ts:127 [perf] {"mode":"xr","views":2,"target":"1680x1760","fps":18.9,"msMedian":64.7,"msP95":95.7,"msWorst":98.5,"calls":39,"tris":27030,"points":2600,"programs":36,"geometries":38,"textures":13,"abilities":1,"instances":190,"particles":0,"foveation":1}
CrystalBench.ts:552 [bench] {"mode":"NO_PARTICLES","rep":1,"median":93.8,"p95":98.5,"fps":10.8,"calls":39,"instances":190}
CrystalBench.ts:458 [bench] rep1 --> NO_DECALS  (hidden + no ground decals)
CrystalBench.ts:481 [bench] settled NO_DECALS -> abilities=0 particles=0 calls=15 CLEAN
PerfSystem.ts:127 [perf] {"mode":"xr","views":2,"target":"1680x1760","fps":48.8,"msMedian":11.4,"msP95":55.2,"msWorst":99.7,"calls":17,"tris":27458,"points":2600,"programs":36,"geometries":38,"textures":13,"abilities":1,"instances":190,"particles":594,"foveation":1}
CrystalBench.ts:552 [bench] {"mode":"NO_DECALS","rep":1,"median":11.8,"p95":41.9,"fps":54.2,"calls":17,"instances":190}
CrystalBench.ts:458 [bench] rep1 --> NO_BURSTS  (hidden + no burst spheres)
CrystalBench.ts:481 [bench] settled NO_BURSTS -> abilities=0 particles=0 calls=17 CLEAN
PerfSystem.ts:127 [perf] {"mode":"xr","views":2,"target":"1680x1760","fps":71.6,"msMedian":11.4,"msP95":27.4,"msWorst":52.8,"calls":41,"tris":27506,"points":2600,"programs":36,"geometries":38,"textures":13,"abilities":1,"instances":190,"particles":1169,"foveation":1}
CrystalBench.ts:552 [bench] {"mode":"NO_BURSTS","rep":1,"median":100,"p95":100.3,"fps":10.1,"calls":38,"instances":190}
CrystalBench.ts:458 [bench] rep1 --> NO_SIM  (hidden + no _updateSpikes (190 matrices + attribute upload))
PerfSystem.ts:127 [perf] {"mode":"xr","views":2,"target":"1680x1760","fps":13.2,"msMedian":99.7,"msP95":100.3,"msWorst":100.7,"calls":15,"tris":26982,"points":2600,"programs":37,"geometries":39,"textures":13,"abilities":0,"instances":0,"particles":0,"foveation":1}
CrystalBench.ts:481 [bench] settled NO_SIM -> abilities=0 particles=0 calls=15 CLEAN
PerfSystem.ts:127 [perf] {"mode":"xr","views":2,"target":"1680x1760","fps":10,"msMedian":100,"msP95":100.3,"msWorst":100.5,"calls":44,"tris":27040,"points":2600,"programs":37,"geometries":39,"textures":13,"abilities":1,"instances":190,"particles":410,"foveation":1}
CrystalBench.ts:552 [bench] {"mode":"NO_SIM","rep":1,"median":100,"p95":100.3,"fps":10,"calls":44,"instances":190}
CrystalBench.ts:458 [bench] rep1 --> NO_ANYTHING  (hidden + all of the above -> what remains is unaccounted)
CrystalBench.ts:481 [bench] settled NO_ANYTHING -> abilities=0 particles=0 calls=15 CLEAN
PerfSystem.ts:127 [perf] {"mode":"xr","views":2,"target":"1680x1760","fps":49.2,"msMedian":11.2,"msP95":99.9,"msWorst":100.4,"calls":15,"tris":26982,"points":2600,"programs":37,"geometries":39,"textures":13,"abilities":1,"instances":190,"particles":0,"foveation":1}
CrystalBench.ts:552 [bench] {"mode":"NO_ANYTHING","rep":1,"median":11.1,"p95":12,"fps":89.5,"calls":15,"instances":190}
CrystalBench.ts:458 [bench] rep2 --> NO_CAST  (floor: no ability at all, in-session reference)
PerfSystem.ts:127 [perf] {"mode":"xr","views":2,"target":"1680x1760","fps":89.6,"msMedian":11.1,"msP95":12,"msWorst":30.1,"calls":15,"tris":26982,"points":2600,"programs":37,"geometries":39,"textures":13,"abilities":0,"instances":0,"particles":0,"foveation":1}
CrystalBench.ts:481 [bench] settled NO_CAST -> abilities=0 particles=0 calls=15 CLEAN
PerfSystem.ts:127 [perf] {"mode":"xr","views":2,"target":"1680x1760","fps":90,"msMedian":11.1,"msP95":11.8,"msWorst":12.9,"calls":15,"tris":26982,"points":2600,"programs":37,"geometries":39,"textures":13,"abilities":0,"instances":0,"particles":0,"foveation":1}
CrystalBench.ts:552 [bench] {"mode":"NO_CAST","rep":2,"median":11.1,"p95":11.8,"fps":90,"calls":15,"instances":0}
CrystalBench.ts:458 [bench] rep2 --> HIDDEN_ICE_MAT  (not drawn, ice material assigned (run 1 CRYSTALS_HIDDEN))
CrystalBench.ts:481 [bench] settled HIDDEN_ICE_MAT -> abilities=0 particles=0 calls=15 CLEAN
PerfSystem.ts:127 [perf] {"mode":"xr","views":2,"target":"1680x1760","fps":61.9,"msMedian":11.1,"msP95":59.5,"msWorst":100.6,"calls":37,"tris":27026,"points":2600,"programs":37,"geometries":39,"textures":13,"abilities":1,"instances":190,"particles":638,"foveation":1}
CrystalBench.ts:552 [bench] {"mode":"HIDDEN_ICE_MAT","rep":2,"median":100.2,"p95":100.6,"fps":10,"calls":37,"instances":190}
CrystalBench.ts:458 [bench] rep2 --> HIDDEN_SIMPLE_MAT  (not drawn, cheap material assigned -> pairs with HIDDEN_ICE_MAT)
CrystalBench.ts:481 [bench] settled HIDDEN_SIMPLE_MAT -> abilities=0 particles=0 calls=15 CLEAN
PerfSystem.ts:127 [perf] {"mode":"xr","views":2,"target":"1680x1760","fps":13,"msMedian":100.1,"msP95":100.6,"msWorst":100.6,"calls":45,"tris":27540,"points":2600,"programs":37,"geometries":39,"textures":13,"abilities":1,"instances":190,"particles":1126,"foveation":1}
CrystalBench.ts:552 [bench] {"mode":"HIDDEN_SIMPLE_MAT","rep":2,"median":99.8,"p95":112.6,"fps":13.4,"calls":40,"instances":190}
CrystalBench.ts:458 [bench] rep2 --> CURRENT  (baseline: custom ice shader + transparent + DoubleSide)
CrystalBench.ts:481 [bench] settled CURRENT -> abilities=0 particles=0 calls=12 CLEAN
