2026-10-01T02:40:48.754Z [vite] connecting...
2026-10-01T02:40:48.755Z [IWSDK Dev] Configuration: {device: metaQuest3, activation: localhost, verbose: false, sem: null, ai: null}
2026-10-01T02:40:48.968Z [vite] connected.
2026-10-01T02:40:51.490Z                                                  
▄▄▄▄▄▄  ▄▄      ▄▄   ▄▄▄▄    ▄▄▄▄▄     ▄▄   ▄▄▄ 
▀▀██▀▀  ██      ██ ▄█▀▀▀▀█   ██▀▀▀██   ██  ██▀  
  ██    ▀█▄ ██ ▄█▀ ██▄       ██    ██  ██▄██    
  ██     ██ ██ ██   ▀████▄   ██    ██  █████    
  ██     ███▀▀███       ▀██  ██    ██  ██  ██▄  
▄▄██▄▄   ███  ███  █▄▄▄▄▄█▀  ██▄▄▄██   ██   ██▄ 
▀▀▀▀▀▀   ▀▀▀  ▀▀▀   ▀▀▀▀▀    ▀▀▀▀▀     ▀▀    ▀▀                                                
===============================================
Immersive Web SDK v0.5.3
Three.js r181
EliCS v3.4.2
2026-10-01T02:40:57.566Z [frame-probe] GPU timer unavailable; use a device trace
2026-10-01T02:40:57.567Z [live] fixed-schedule probe: 12 windows x 12s (first 0s of each discarded). Move and look around normally.
2026-10-01T02:40:58.223Z WebGL: INVALID_ENUM: texParameter: invalid parameter
2026-10-01T02:41:03.203Z [perf] {"mode":"xr","views":2,"target":"1680x1760","fps":39.9,"msMedian":11.3,"msP95":100.1,"msWorst":126.1,"calls":40,"tris":44664,"points":2600,"programs":28,"geometries":31,"textures":8,"abilities":1,"instances":190,"particles":492,"foveation":1}
2026-10-01T02:41:06.203Z [live] ## WINDOW 1/12 CURRENT
2026-10-01T02:41:08.154Z [live] {"w":1,"cond":"CURRENT","t":2.1,"scored":true,"fps":11.2,"ms":89.2,"js":1.2,"top":"CastSystem:0.6 InputSystem:0.2 PanelUISystem:0.1","worst":100.4,"casting":true,"particles":939,"particleCount":1,"emissionRate":1,"calls":47,"head":[0.35,0.79,-0.59],"yaw":-100,"pitch":-13}
2026-10-01T02:41:08.253Z [perf] {"mode":"xr","views":2,"target":"1680x1760","fps":10.5,"msMedian":100,"msP95":100.3,"msWorst":100.6,"calls":47,"tris":44678,"points":2600,"programs":28,"geometries":31,"textures":8,"abilities":1,"instances":190,"particles":900,"foveation":1}
2026-10-01T02:41:10.153Z [live] {"w":1,"cond":"CURRENT","t":4.1,"scored":true,"fps":10,"ms":100,"js":1.3,"top":"CastSystem:0.5 InputSystem:0.3 CrystalBench:0.1","worst":100.6,"casting":true,"particles":404,"particleCount":1,"emissionRate":1,"calls":47,"head":[0.35,0.79,-0.59],"yaw":-100,"pitch":-13}
2026-10-01T02:41:12.197Z [live] {"w":1,"cond":"CURRENT","t":6.1,"scored":true,"fps":11.7,"ms":85.2,"js":1.1,"top":"CastSystem:0.4 InputSystem:0.3 PanelUISystem:0.1","worst":100.1,"casting":false,"particles":206,"particleCount":1,"emissionRate":1,"calls":41,"head":[0.35,0.79,-0.59],"yaw":-100,"pitch":-13}
2026-10-01T02:41:13.296Z [perf] {"mode":"xr","views":2,"target":"1680x1760","fps":10.7,"msMedian":99.9,"msP95":100.3,"msWorst":100.6,"calls":78,"tris":45238,"points":2600,"programs":28,"geometries":31,"textures":8,"abilities":1,"instances":190,"particles":1299,"foveation":1}
2026-10-01T02:41:14.197Z [live] {"w":1,"cond":"CURRENT","t":8.1,"scored":true,"fps":10,"ms":100,"js":1.4,"top":"CastSystem:0.7 InputSystem:0.3 PanelUISystem:0.1","worst":101,"casting":true,"particles":1015,"particleCount":1,"emissionRate":1,"calls":48,"head":[0.35,0.79,-0.59],"yaw":-100,"pitch":-13}
2026-10-01T02:41:16.197Z [live] {"w":1,"cond":"CURRENT","t":10.1,"scored":true,"fps":10,"ms":100,"js":1.1,"top":"CastSystem:0.5 InputSystem:0.3 PanelUISystem:0.1","worst":100.4,"casting":true,"particles":404,"particleCount":1,"emissionRate":1,"calls":47,"head":[0.35,0.79,-0.59],"yaw":-100,"pitch":-13}
2026-10-01T02:41:18.159Z [live] PARTICLE CHECK {"w":1,"cond":"CURRENT","valid":true,"particlePeak":1015,"checks":5,"particleCount":1,"emissionRate":1}
2026-10-01T02:41:18.160Z [live] WINDOW RESULT {"name":"CURRENT","age":[94,100,89.5],"js":[1.3,1.2,1.4],"top":["CastSystem:0.6 InputSystem:0.3 PanelUISystem:0.1","CastSystem:0.5 InputSystem:0.3 PanelUISystem:0.1","CastSystem:0.5 InputSystem:0.5 PanelUISystem:0.1"],"mean":94.2,"p95":100.4,"slowPct":100,"worst":101,"castMean":93.77,"idleMean":99.89}
2026-10-01T02:41:18.160Z [live] ## WINDOW 2/12 NO_MIST
2026-10-01T02:41:18.359Z [perf] {"mode":"xr","views":2,"target":"1680x1760","fps":10.3,"msMedian":99.9,"msP95":100.5,"msWorst":101,"calls":12,"tris":18020,"points":2600,"programs":28,"geometries":31,"textures":8,"abilities":1,"instances":190,"particles":13,"foveation":1}
2026-10-01T02:41:20.179Z [live] {"w":2,"cond":"NO_MIST","t":2,"scored":true,"fps":25.7,"ms":38.8,"js":2.1,"top":"CastSystem:0.9 InputSystem:0.6 PanelUISystem:0.1","worst":100.4,"casting":true,"particles":632,"particleCount":1,"emissionRate":1,"calls":47,"head":[0.35,0.79,-0.59],"yaw":-100,"pitch":-13}
2026-10-01T02:41:22.214Z [live] {"w":2,"cond":"NO_MIST","t":4.1,"scored":true,"fps":29.5,"ms":33.9,"js":1.2,"top":"CastSystem:0.6 InputSystem:0.3 PanelUISystem:0.1","worst":37.2,"casting":true,"particles":253,"particleCount":1,"emissionRate":1,"calls":47,"head":[0.35,0.79,-0.59],"yaw":-100,"pitch":-13}
2026-10-01T02:41:23.382Z [perf] {"mode":"xr","views":2,"target":"1680x1760","fps":28.3,"msMedian":34,"msP95":42.2,"msWorst":100.4,"calls":47,"tris":44678,"points":2600,"programs":28,"geometries":31,"textures":8,"abilities":1,"instances":190,"particles":223,"foveation":1}
2026-10-01T02:41:24.236Z [live] {"w":2,"cond":"NO_MIST","t":6.1,"scored":true,"fps":21.3,"ms":47,"js":1.2,"top":"CastSystem:0.5 InputSystem:0.3 PanelUISystem:0.1","worst":100.2,"casting":false,"particles":153,"particleCount":1,"emissionRate":1,"calls":41,"head":[0.35,0.79,-0.59],"yaw":-100,"pitch":-13}
2026-10-01T02:41:26.242Z [live] {"w":2,"cond":"NO_MIST","t":8.1,"scored":true,"fps":21.9,"ms":45.6,"js":1.3,"top":"CastSystem:0.6 InputSystem:0.3 PanelUISystem:0.1","worst":100.3,"casting":true,"particles":685,"particleCount":1,"emissionRate":1,"calls":48,"head":[0.35,0.79,-0.59],"yaw":-100,"pitch":-13}
2026-10-01T02:41:28.267Z [live] {"w":2,"cond":"NO_MIST","t":10.1,"scored":true,"fps":29.1,"ms":34.3,"js":1.3,"top":"CastSystem:0.6 InputSystem:0.4 PanelUISystem:0.1","worst":37.1,"casting":true,"particles":247,"particleCount":1,"emissionRate":1,"calls":49,"head":[0.35,0.79,-0.59],"yaw":-100,"pitch":-13}
2026-10-01T02:41:28.423Z [perf] {"mode":"xr","views":2,"target":"1680x1760","fps":23.4,"msMedian":34.6,"msP95":100.2,"msWorst":100.3,"calls":47,"tris":44678,"points":2600,"programs":30,"geometries":32,"textures":9,"abilities":1,"instances":190,"particles":237,"foveation":1}
2026-10-01T02:41:30.170Z [live] PARTICLE CHECK {"w":2,"cond":"NO_MIST","valid":true,"particlePeak":685,"checks":5,"particleCount":1,"emissionRate":1}
2026-10-01T02:41:30.170Z [live] WINDOW RESULT {"name":"NO_MIST","age":[42.1,34,45.9],"js":[1.4,1.3,1.3],"top":["CastSystem:0.6 InputSystem:0.3 PanelUISystem:0.1","CastSystem:0.6 InputSystem:0.3 PanelUISystem:0.1","CastSystem:0.5 InputSystem:0.3 PanelUISystem:0.1"],"mean":40.04,"p95":99.9,"slowPct":100,"worst":100.6,"castMean":38.22,"idleMean":98.87}
2026-10-01T02:41:30.171Z [live] ## WINDOW 3/12 NO_FROST
2026-10-01T02:41:32.197Z [live] {"w":3,"cond":"NO_FROST","t":2,"scored":true,"fps":15.3,"ms":65.3,"js":3.3,"top":"CastSystem:1.5 InputSystem:0.9 PanelUISystem:0.2","worst":100.1,"casting":true,"particles":934,"particleCount":1,"emissionRate":1,"calls":18,"head":[0.35,0.79,-0.59],"yaw":-100,"pitch":-13}
2026-10-01T02:41:33.496Z [perf] {"mode":"xr","views":2,"target":"1680x1760","fps":16.2,"msMedian":49.7,"msP95":100.1,"msWorst":100.6,"calls":18,"tris":44620,"points":2600,"programs":30,"geometries":32,"textures":9,"abilities":1,"instances":190,"particles":472,"foveation":1}
2026-10-01T02:41:34.195Z [live] {"w":3,"cond":"NO_FROST","t":4,"scored":true,"fps":10,"ms":100,"js":1.3,"top":"CastSystem:0.6 InputSystem:0.3 CrystalBench:0.1","worst":100.3,"casting":true,"particles":372,"particleCount":1,"emissionRate":1,"calls":18,"head":[0.35,0.79,-0.59],"yaw":-100,"pitch":-13}
2026-10-01T02:41:36.200Z [live] {"w":3,"cond":"NO_FROST","t":6,"scored":true,"fps":22.9,"ms":43.6,"js":1,"top":"CastSystem:0.4 InputSystem:0.3 PanelUISystem:0.0","worst":100.3,"casting":true,"particles":185,"particleCount":1,"emissionRate":1,"calls":12,"head":[0.35,0.79,-0.59],"yaw":-100,"pitch":-13}
2026-10-01T02:41:38.252Z [live] {"w":3,"cond":"NO_FROST","t":8.1,"scored":true,"fps":18,"ms":55.5,"js":1.2,"top":"CastSystem:0.6 InputSystem:0.3 PanelUISystem:0.1","worst":100,"casting":true,"particles":913,"particleCount":1,"emissionRate":1,"calls":18,"head":[0.35,0.79,-0.59],"yaw":-100,"pitch":-13}
2026-10-01T02:41:38.552Z [perf] {"mode":"xr","views":2,"target":"1680x1760","fps":18.4,"msMedian":50.4,"msP95":100.1,"msWorst":100.3,"calls":18,"tris":44620,"points":2600,"programs":30,"geometries":32,"textures":9,"abilities":1,"instances":190,"particles":778,"foveation":1}
2026-10-01T02:41:40.353Z [live] {"w":3,"cond":"NO_FROST","t":10.2,"scored":true,"fps":10,"ms":100,"js":1.3,"top":"CastSystem:0.6 InputSystem:0.3 PanelUISystem:0.1","worst":100.7,"casting":true,"particles":339,"particleCount":1,"emissionRate":1,"calls":18,"head":[0.35,0.79,-0.59],"yaw":-100,"pitch":-13}
2026-10-01T02:41:42.188Z [live] PARTICLE CHECK {"w":3,"cond":"NO_FROST","valid":true,"particlePeak":934,"checks":5,"particleCount":1,"emissionRate":1}
2026-10-01T02:41:42.188Z [live] WINDOW RESULT {"name":"NO_FROST","age":[58.1,100,51.5],"js":[1.3,1.3,1],"top":["CastSystem:0.6 InputSystem:0.3 PanelUISystem:0.1","CastSystem:0.6 InputSystem:0.3 CrystalBench:0.1","CastSystem:0.4 InputSystem:0.3 PanelUISystem:0.1"],"mean":64.27,"p95":100.2,"slowPct":100,"worst":100.7,"castMean":73.31,"idleMean":24.98}
2026-10-01T02:41:42.189Z [live] ## WINDOW 4/12 NO_MIST_OR_FROST
2026-10-01T02:41:43.572Z [perf] {"mode":"xr","views":2,"target":"1680x1760","fps":23.7,"msMedian":25.3,"msP95":100.2,"msWorst":100.7,"calls":18,"tris":44620,"points":2600,"programs":30,"geometries":32,"textures":9,"abilities":1,"instances":190,"particles":817,"foveation":1}
2026-10-01T02:41:44.206Z [live] {"w":4,"cond":"NO_MIST_OR_FROST","t":2,"scored":true,"fps":47.1,"ms":21.2,"js":1.5,"top":"CastSystem:0.7 InputSystem:0.4 PanelUISystem:0.1","worst":28.8,"casting":true,"particles":591,"particleCount":1,"emissionRate":1,"calls":18,"head":[0.35,0.79,-0.59],"yaw":-100,"pitch":-13}
2026-10-01T02:41:46.221Z [live] {"w":4,"cond":"NO_MIST_OR_FROST","t":4,"scored":true,"fps":40.7,"ms":24.6,"js":1.2,"top":"CastSystem:0.6 InputSystem:0.3 PanelUISystem:0.1","worst":26.5,"casting":true,"particles":253,"particleCount":1,"emissionRate":1,"calls":18,"head":[0.35,0.79,-0.59],"yaw":-100,"pitch":-13}
2026-10-01T02:41:48.225Z [live] {"w":4,"cond":"NO_MIST_OR_FROST","t":6,"scored":true,"fps":61.9,"ms":16.2,"js":0.9,"top":"CastSystem:0.3 InputSystem:0.3 PanelUISystem:0.1","worst":26,"casting":true,"particles":136,"particleCount":1,"emissionRate":1,"calls":18,"head":[0.35,0.79,-0.59],"yaw":-100,"pitch":-13}
2026-10-01T02:41:48.587Z [perf] {"mode":"xr","views":2,"target":"1680x1760","fps":51.8,"msMedian":23.6,"msP95":26,"msWorst":27.4,"calls":20,"tris":45122,"points":2600,"programs":30,"geometries":32,"textures":9,"abilities":1,"instances":190,"particles":955,"foveation":1}
2026-10-01T02:41:50.247Z [live] {"w":4,"cond":"NO_MIST_OR_FROST","t":8.1,"scored":true,"fps":46.5,"ms":21.5,"js":1.1,"top":"CastSystem:0.5 InputSystem:0.3 PanelUISystem:0.1","worst":36.5,"casting":true,"particles":582,"particleCount":1,"emissionRate":1,"calls":18,"head":[0.35,0.79,-0.59],"yaw":-100,"pitch":-13}
2026-10-01T02:41:52.251Z [live] {"w":4,"cond":"NO_MIST_OR_FROST","t":10.1,"scored":true,"fps":40.9,"ms":24.5,"js":1.1,"top":"CastSystem:0.6 InputSystem:0.3 PanelUISystem:0.1","worst":26.3,"casting":true,"particles":253,"particleCount":1,"emissionRate":1,"calls":18,"head":[0.35,0.79,-0.59],"yaw":-100,"pitch":-13}
2026-10-01T02:41:53.598Z [perf] {"mode":"xr","views":2,"target":"1680x1760","fps":42.7,"msMedian":24.2,"msP95":26.3,"msWorst":36.5,"calls":18,"tris":44620,"points":2600,"programs":30,"geometries":32,"textures":9,"abilities":1,"instances":190,"particles":174,"foveation":1}
2026-10-01T02:41:54.192Z [live] PARTICLE CHECK {"w":4,"cond":"NO_MIST_OR_FROST","valid":true,"particlePeak":591,"checks":5,"particleCount":1,"emissionRate":1}
2026-10-01T02:41:54.192Z [live] WINDOW RESULT {"name":"NO_MIST_OR_FROST","age":[21.1,24.5,16.5],"js":[1.1,1.2,1],"top":["CastSystem:0.5 InputSystem:0.3 PanelUISystem:0.1","CastSystem:0.6 InputSystem:0.3 PanelUISystem:0.1","CastSystem:0.4 InputSystem:0.3 PanelUISystem:0.1"],"mean":20.14,"p95":26.3,"slowPct":70.6,"worst":36.5,"castMean":21.8,"idleMean":11.18}
2026-10-01T02:41:54.192Z [live] ## WINDOW 5/12 NO_SHOCKWAVES
2026-10-01T02:41:56.195Z [live] {"w":5,"cond":"NO_SHOCKWAVES","t":2,"scored":true,"fps":20.5,"ms":48.9,"js":3.9,"top":"CastSystem:1.6 InputSystem:1.2 PanelUISystem:0.3","worst":100.1,"casting":true,"particles":870,"particleCount":1,"emissionRate":1,"calls":41,"head":[0.35,0.79,-0.59],"yaw":-100,"pitch":-13}
2026-10-01T02:41:58.196Z [live] {"w":5,"cond":"NO_SHOCKWAVES","t":4,"scored":true,"fps":10,"ms":100,"js":1.1,"top":"CastSystem:0.6 InputSystem:0.2 PanelUISystem:0.1","worst":100.4,"casting":true,"particles":381,"particleCount":1,"emissionRate":1,"calls":41,"head":[0.35,0.79,-0.59],"yaw":-100,"pitch":-13}
2026-10-01T02:41:58.696Z [perf] {"mode":"xr","views":2,"target":"1680x1760","fps":23.3,"msMedian":12,"msP95":100.1,"msWorst":100.4,"calls":41,"tris":44666,"points":2600,"programs":30,"geometries":32,"textures":9,"abilities":1,"instances":190,"particles":337,"foveation":1}
2026-10-01T02:42:00.295Z [live] {"w":5,"cond":"NO_SHOCKWAVES","t":6.1,"scored":true,"fps":10,"ms":100,"js":1,"top":"CastSystem:0.4 InputSystem:0.2 PanelUISystem:0.1","worst":100.4,"casting":true,"particles":179,"particleCount":1,"emissionRate":1,"calls":35,"head":[0.35,0.79,-0.59],"yaw":-100,"pitch":-13}
2026-10-01T02:42:02.295Z [live] {"w":5,"cond":"NO_SHOCKWAVES","t":8.1,"scored":true,"fps":10,"ms":100,"js":1.2,"top":"CastSystem:0.6 InputSystem:0.2 PanelUISystem:0.1","worst":100.2,"casting":true,"particles":956,"particleCount":1,"emissionRate":1,"calls":48,"head":[0.35,0.79,-0.59],"yaw":-100,"pitch":-13}
2026-10-01T02:42:03.796Z [perf] {"mode":"xr","views":2,"target":"1680x1760","fps":10,"msMedian":100,"msP95":100.3,"msWorst":100.4,"calls":47,"tris":44678,"points":2600,"programs":30,"geometries":32,"textures":9,"abilities":1,"instances":190,"particles":492,"foveation":1}
2026-10-01T02:42:04.301Z [live] {"w":5,"cond":"NO_SHOCKWAVES","t":10.1,"scored":true,"fps":10,"ms":100,"js":1.2,"top":"CastSystem:0.6 InputSystem:0.3 PanelUISystem:0.1","worst":100.2,"casting":true,"particles":403,"particleCount":1,"emissionRate":1,"calls":47,"head":[0.35,0.79,-0.59],"yaw":-100,"pitch":-13}
2026-10-01T02:42:06.195Z [live] PARTICLE CHECK {"w":5,"cond":"NO_SHOCKWAVES","valid":true,"particlePeak":956,"checks":5,"particleCount":1,"emissionRate":1}
2026-10-01T02:42:06.196Z [live] WINDOW RESULT {"name":"NO_SHOCKWAVES","age":[64.5,100,100],"js":[1.1,1.2,1],"top":["CastSystem:0.6 InputSystem:0.3 PanelUISystem:0.1","CastSystem:0.6 InputSystem:0.3 PanelUISystem:0.1","CastSystem:0.5 InputSystem:0.3 PanelUISystem:0.1"],"mean":85.13,"p95":100.3,"slowPct":91.5,"worst":100.4,"castMean":83.87,"idleMean":100.03}
2026-10-01T02:42:06.196Z [live] ## WINDOW 6/12 NO_CAST
2026-10-01T02:42:08.201Z [live] {"w":6,"cond":"NO_CAST","t":2,"scored":true,"fps":70.3,"ms":14.2,"js":0.7,"top":"InputSystem:0.3 CastSystem:0.1 PanelUISystem:0.1","worst":100.3,"casting":false,"particles":0,"particleCount":1,"emissionRate":1,"calls":12,"head":[0.35,0.79,-0.59],"yaw":-100,"pitch":-13}
2026-10-01T02:42:08.802Z [perf] {"mode":"xr","views":2,"target":"1680x1760","fps":43.7,"msMedian":11.2,"msP95":100.1,"msWorst":100.3,"calls":12,"tris":18020,"points":2600,"programs":30,"geometries":32,"textures":9,"abilities":0,"instances":0,"particles":0,"foveation":1}
2026-10-01T02:42:10.201Z [live] {"w":6,"cond":"NO_CAST","t":4,"scored":true,"fps":90,"ms":11.1,"js":0.8,"top":"InputSystem:0.4 PanelUISystem:0.1 ScreenSpaceUISystem:0.0","worst":12.6,"casting":false,"particles":0,"particleCount":1,"emissionRate":1,"calls":12,"head":[0.35,0.79,-0.59],"yaw":-100,"pitch":-13}
2026-10-01T02:42:12.203Z [live] {"w":6,"cond":"NO_CAST","t":6,"scored":true,"fps":90,"ms":11.1,"js":0.7,"top":"InputSystem:0.3 PanelUISystem:0.1 StageSystem:0.0","worst":13.8,"casting":false,"particles":0,"particleCount":1,"emissionRate":1,"calls":12,"head":[0.35,0.79,-0.59],"yaw":-100,"pitch":-13}
2026-10-01T02:42:13.814Z [perf] {"mode":"xr","views":2,"target":"1680x1760","fps":90,"msMedian":11.1,"msP95":11.9,"msWorst":13.8,"calls":12,"tris":18020,"points":2600,"programs":30,"geometries":32,"textures":9,"abilities":0,"instances":0,"particles":0,"foveation":1}
2026-10-01T02:42:14.203Z [live] {"w":6,"cond":"NO_CAST","t":8,"scored":true,"fps":90,"ms":11.1,"js":0.7,"top":"InputSystem:0.4 PanelUISystem:0.1 ScreenSpaceUISystem:0.0","worst":12.3,"casting":false,"particles":0,"particleCount":1,"emissionRate":1,"calls":12,"head":[0.35,0.79,-0.59],"yaw":-100,"pitch":-13}
2026-10-01T02:42:16.204Z [live] {"w":6,"cond":"NO_CAST","t":10,"scored":true,"fps":90,"ms":11.1,"js":0.7,"top":"InputSystem:0.4 PanelUISystem:0.1 StageSystem:0.0","worst":12.1,"casting":false,"particles":0,"particleCount":1,"emissionRate":1,"calls":12,"head":[0.35,0.79,-0.59],"yaw":-100,"pitch":-13}
2026-10-01T02:42:18.203Z [live] {"w":6,"cond":"NO_CAST","t":12,"scored":true,"fps":90,"ms":11.1,"js":0.7,"top":"InputSystem:0.4 PanelUISystem:0.1 ScreenSpaceUISystem:0.0","worst":12.6,"casting":false,"particles":0,"particleCount":1,"emissionRate":1,"calls":12,"head":[0.35,0.79,-0.59],"yaw":-100,"pitch":-13}
2026-10-01T02:42:18.203Z [live] PARTICLE CHECK {"w":6,"cond":"NO_CAST","valid":true,"particlePeak":0,"checks":6,"particleCount":1,"emissionRate":1}
2026-10-01T02:42:18.204Z [live] WINDOW RESULT {"name":"NO_CAST","age":[0,0,0],"js":[0,0,0],"top":["FrameUniformSystem:0.0 LocomotionSystem:0.0 InputSystem:0.0","FrameUniformSystem:0.0 LocomotionSystem:0.0 InputSystem:0.0","FrameUniformSystem:0.0 LocomotionSystem:0.0 InputSystem:0.0"],"mean":11.53,"p95":11.9,"slowPct":0.8,"worst":100.3,"castMean":0,"idleMean":11.53}
2026-10-01T02:42:18.204Z [live] ## WINDOW 7/12 NO_CAST
2026-10-01T02:42:18.825Z [perf] {"mode":"xr","views":2,"target":"1680x1760","fps":90,"msMedian":11.1,"msP95":11.8,"msWorst":12.7,"calls":12,"tris":18020,"points":2600,"programs":30,"geometries":32,"textures":9,"abilities":0,"instances":0,"particles":0,"foveation":1}
2026-10-01T02:42:20.202Z [live] {"w":7,"cond":"NO_CAST","t":2,"scored":true,"fps":90,"ms":11.1,"js":0.8,"top":"InputSystem:0.4 PanelUISystem:0.1 StageSystem:0.1","worst":12.7,"casting":false,"particles":0,"particleCount":1,"emissionRate":1,"calls":12,"head":[0.35,0.79,-0.59],"yaw":-100,"pitch":-13}
2026-10-01T02:42:22.214Z [live] {"w":7,"cond":"NO_CAST","t":4,"scored":true,"fps":90,"ms":11.1,"js":0.8,"top":"InputSystem:0.4 PanelUISystem:0.1 ScreenSpaceUISystem:0.0","worst":12.1,"casting":false,"particles":0,"particleCount":1,"emissionRate":1,"calls":12,"head":[0.35,0.79,-0.59],"yaw":-100,"pitch":-13}
2026-10-01T02:42:23.825Z [perf] {"mode":"xr","views":2,"target":"1680x1760","fps":90,"msMedian":11.1,"msP95":11.8,"msWorst":12.1,"calls":12,"tris":18020,"points":2600,"programs":30,"geometries":32,"textures":9,"abilities":0,"instances":0,"particles":0,"foveation":1}
2026-10-01T02:42:24.215Z [live] {"w":7,"cond":"NO_CAST","t":6,"scored":true,"fps":90,"ms":11.1,"js":0.7,"top":"InputSystem:0.4 PanelUISystem:0.1 StageSystem:0.0","worst":12.1,"casting":false,"particles":0,"particleCount":1,"emissionRate":1,"calls":12,"head":[0.35,0.79,-0.59],"yaw":-100,"pitch":-13}
2026-10-01T02:42:26.214Z [live] {"w":7,"cond":"NO_CAST","t":8,"scored":true,"fps":90,"ms":11.1,"js":0.8,"top":"InputSystem:0.4 PanelUISystem:0.1 StageSystem:0.0","worst":12.6,"casting":false,"particles":0,"particleCount":1,"emissionRate":1,"calls":12,"head":[0.35,0.79,-0.59],"yaw":-100,"pitch":-13}
2026-10-01T02:42:28.222Z [live] {"w":7,"cond":"NO_CAST","t":10,"scored":true,"fps":90.1,"ms":11.1,"js":0.8,"top":"InputSystem:0.4 PanelUISystem:0.1 StageSystem:0.0","worst":12.7,"casting":false,"particles":0,"particleCount":1,"emissionRate":1,"calls":12,"head":[0.35,0.79,-0.59],"yaw":-100,"pitch":-13}
2026-10-01T02:42:28.835Z [perf] {"mode":"xr","views":2,"target":"1680x1760","fps":90,"msMedian":11.1,"msP95":11.9,"msWorst":12.7,"calls":12,"tris":18020,"points":2600,"programs":30,"geometries":32,"textures":9,"abilities":0,"instances":0,"particles":0,"foveation":1}
2026-10-01T02:42:30.215Z [live] PARTICLE CHECK {"w":7,"cond":"NO_CAST","valid":true,"particlePeak":0,"checks":5,"particleCount":1,"emissionRate":1}
2026-10-01T02:42:30.215Z [live] WINDOW RESULT {"name":"NO_CAST","age":[0,0,0],"js":[0,0,0],"top":["FrameUniformSystem:0.0 LocomotionSystem:0.0 InputSystem:0.0","FrameUniformSystem:0.0 LocomotionSystem:0.0 InputSystem:0.0","FrameUniformSystem:0.0 LocomotionSystem:0.0 InputSystem:0.0"],"mean":11.11,"p95":11.8,"slowPct":0,"worst":12.7,"castMean":0,"idleMean":11.11}
2026-10-01T02:42:30.216Z [live] ## WINDOW 8/12 NO_SHOCKWAVES
2026-10-01T02:42:32.296Z [live] {"w":8,"cond":"NO_SHOCKWAVES","t":2.1,"scored":true,"fps":20.2,"ms":49.6,"js":4.3,"top":"InputSystem:1.9 CastSystem:0.7 PanelUISystem:0.5","worst":100.4,"casting":true,"particles":878,"particleCount":1,"emissionRate":1,"calls":42,"head":[0.35,0.79,-0.59],"yaw":-100,"pitch":-13}
2026-10-01T02:42:33.896Z [perf] {"mode":"xr","views":2,"target":"1680x1760","fps":36,"msMedian":11.2,"msP95":100.1,"msWorst":100.4,"calls":42,"tris":44668,"points":2600,"programs":30,"geometries":32,"textures":9,"abilities":1,"instances":190,"particles":419,"foveation":1}
2026-10-01T02:42:34.296Z [live] {"w":8,"cond":"NO_SHOCKWAVES","t":4.1,"scored":true,"fps":10,"ms":100,"js":1.3,"top":"CastSystem:0.7 InputSystem:0.3 PanelUISystem:0.1","worst":100.3,"casting":true,"particles":371,"particleCount":1,"emissionRate":1,"calls":42,"head":[0.35,0.79,-0.59],"yaw":-100,"pitch":-13}
2026-10-01T02:42:36.295Z [live] {"w":8,"cond":"NO_SHOCKWAVES","t":6.1,"scored":true,"fps":10,"ms":100,"js":1.1,"top":"CastSystem:0.5 InputSystem:0.3 PanelUISystem:0.1","worst":100.3,"casting":false,"particles":189,"particleCount":1,"emissionRate":1,"calls":36,"head":[0.35,0.79,-0.59],"yaw":-100,"pitch":-13}
2026-10-01T02:42:38.296Z [live] {"w":8,"cond":"NO_SHOCKWAVES","t":8.1,"scored":true,"fps":10,"ms":100,"js":1.2,"top":"CastSystem:0.6 InputSystem:0.3 PanelUISystem:0.1","worst":100.5,"casting":true,"particles":1020,"particleCount":1,"emissionRate":1,"calls":48,"head":[0.35,0.79,-0.59],"yaw":-100,"pitch":-13}
2026-10-01T02:42:38.895Z [perf] {"mode":"xr","views":2,"target":"1680x1760","fps":10,"msMedian":100,"msP95":100.3,"msWorst":100.5,"calls":48,"tris":44680,"points":2600,"programs":30,"geometries":32,"textures":9,"abilities":1,"instances":190,"particles":728,"foveation":1}
2026-10-01T02:42:40.377Z [live] {"w":8,"cond":"NO_SHOCKWAVES","t":10.2,"scored":true,"fps":11.1,"ms":90.5,"js":1.2,"top":"CastSystem:0.6 InputSystem:0.3 CrystalBench:0.1","worst":100.2,"casting":true,"particles":406,"particleCount":1,"emissionRate":1,"calls":47,"head":[0.35,0.79,-0.59],"yaw":-100,"pitch":-13}
2026-10-01T02:42:42.268Z [live] PARTICLE CHECK {"w":8,"cond":"NO_SHOCKWAVES","valid":true,"particlePeak":1020,"checks":5,"particleCount":1,"emissionRate":1}
2026-10-01T02:42:42.268Z [live] WINDOW RESULT {"name":"NO_SHOCKWAVES","age":[64.7,95.3,86.7],"js":[1.2,1.2,1.1],"top":["CastSystem:0.6 InputSystem:0.3 PanelUISystem:0.1","CastSystem:0.6 InputSystem:0.3 CrystalBench:0.1","CastSystem:0.5 InputSystem:0.3 PanelUISystem:0.1"],"mean":80.37,"p95":100.2,"slowPct":92.7,"worst":100.5,"castMean":79.14,"idleMean":99.62}
2026-10-01T02:42:42.269Z [live] ## WINDOW 9/12 NO_MIST_OR_FROST
2026-10-01T02:42:43.910Z [perf] {"mode":"xr","views":2,"target":"1680x1760","fps":18.7,"msMedian":48,"msP95":100,"msWorst":100.3,"calls":18,"tris":44620,"points":2600,"programs":30,"geometries":32,"textures":9,"abilities":1,"instances":190,"particles":792,"foveation":1}
2026-10-01T02:42:44.275Z [live] {"w":9,"cond":"NO_MIST_OR_FROST","t":2,"scored":true,"fps":33.4,"ms":30,"js":1.5,"top":"CastSystem:0.8 InputSystem:0.4 PanelUISystem:0.1","worst":100.3,"casting":true,"particles":661,"particleCount":1,"emissionRate":1,"calls":18,"head":[0.35,0.79,-0.59],"yaw":-100,"pitch":-13}
2026-10-01T02:42:46.296Z [live] {"w":9,"cond":"NO_MIST_OR_FROST","t":4,"scored":true,"fps":40.8,"ms":24.5,"js":1.1,"top":"CastSystem:0.6 InputSystem:0.3 PanelUISystem:0.1","worst":26.6,"casting":true,"particles":245,"particleCount":1,"emissionRate":1,"calls":18,"head":[0.35,0.79,-0.59],"yaw":-100,"pitch":-13}
2026-10-01T02:42:48.289Z [live] {"w":9,"cond":"NO_MIST_OR_FROST","t":6,"scored":true,"fps":58.4,"ms":17.1,"js":1,"top":"CastSystem:0.4 InputSystem:0.3 PanelUISystem:0.1","worst":26.1,"casting":true,"particles":142,"particleCount":1,"emissionRate":1,"calls":12,"head":[0.35,0.79,-0.59],"yaw":-100,"pitch":-13}
2026-10-01T02:42:48.917Z [perf] {"mode":"xr","views":2,"target":"1680x1760","fps":50.3,"msMedian":23.6,"msP95":26,"msWorst":39.1,"calls":20,"tris":45122,"points":2600,"programs":30,"geometries":32,"textures":9,"abilities":1,"instances":190,"particles":960,"foveation":1}
2026-10-01T02:42:50.296Z [live] {"w":9,"cond":"NO_MIST_OR_FROST","t":8,"scored":true,"fps":46.8,"ms":21.4,"js":1.1,"top":"CastSystem:0.5 InputSystem:0.3 PanelUISystem:0.1","worst":39.1,"casting":true,"particles":607,"particleCount":1,"emissionRate":1,"calls":18,"head":[0.35,0.79,-0.59],"yaw":-100,"pitch":-13}
2026-10-01T02:42:52.301Z [live] {"w":9,"cond":"NO_MIST_OR_FROST","t":10,"scored":true,"fps":40.9,"ms":24.5,"js":1,"top":"CastSystem:0.5 InputSystem:0.3 PanelUISystem:0.1","worst":26,"casting":true,"particles":246,"particleCount":1,"emissionRate":1,"calls":18,"head":[0.35,0.79,-0.59],"yaw":-100,"pitch":-13}
2026-10-01T02:42:53.922Z [perf] {"mode":"xr","views":2,"target":"1680x1760","fps":45.2,"msMedian":24,"msP95":25.9,"msWorst":27.8,"calls":12,"tris":18020,"points":2600,"programs":30,"geometries":32,"textures":9,"abilities":0,"instances":0,"particles":161,"foveation":1}
2026-10-01T02:42:54.280Z [live] PARTICLE CHECK {"w":9,"cond":"NO_MIST_OR_FROST","valid":true,"particlePeak":661,"checks":5,"particleCount":1,"emissionRate":1}
2026-10-01T02:42:54.281Z [live] WINDOW RESULT {"name":"NO_MIST_OR_FROST","age":[24.9,24.5,16.9],"js":[1.1,1.1,1],"top":["CastSystem:0.5 InputSystem:0.3 PanelUISystem:0.1","CastSystem:0.6 InputSystem:0.3 PanelUISystem:0.1","CastSystem:0.4 InputSystem:0.3 PanelUISystem:0.1"],"mean":21.37,"p95":26.2,"slowPct":74.2,"worst":100.3,"castMean":23.08,"idleMean":11.2}
2026-10-01T02:42:54.282Z [live] ## WINDOW 10/12 NO_FROST
2026-10-01T02:42:56.348Z [live] {"w":10,"cond":"NO_FROST","t":2.1,"scored":true,"fps":22.7,"ms":44,"js":3.6,"top":"CastSystem:1.5 InputSystem:1.1 PanelUISystem:0.2","worst":100.6,"casting":true,"particles":860,"particleCount":1,"emissionRate":1,"calls":18,"head":[0.35,0.79,-0.59],"yaw":-100,"pitch":-13}
2026-10-01T02:42:58.348Z [live] {"w":10,"cond":"NO_FROST","t":4.1,"scored":true,"fps":10,"ms":100,"js":1.4,"top":"CastSystem:0.6 InputSystem:0.5 PanelUISystem:0.1","worst":100.6,"casting":true,"particles":375,"particleCount":1,"emissionRate":1,"calls":18,"head":[0.35,0.79,-0.59],"yaw":-100,"pitch":-13}
2026-10-01T02:42:58.947Z [perf] {"mode":"xr","views":2,"target":"1680x1760","fps":20.9,"msMedian":14.3,"msP95":100.2,"msWorst":100.6,"calls":18,"tris":44620,"points":2600,"programs":30,"geometries":32,"textures":9,"abilities":1,"instances":190,"particles":317,"foveation":1}
2026-10-01T02:43:00.356Z [live] {"w":10,"cond":"NO_FROST","t":6.1,"scored":true,"fps":13.9,"ms":71.7,"js":1,"top":"CastSystem:0.3 InputSystem:0.3 PanelUISystem:0.1","worst":100.4,"casting":true,"particles":212,"particleCount":1,"emissionRate":1,"calls":18,"head":[0.35,0.79,-0.59],"yaw":-100,"pitch":-13}
2026-10-01T02:43:02.415Z [live] {"w":10,"cond":"NO_FROST","t":8.1,"scored":true,"fps":15.5,"ms":64.4,"js":1,"top":"CastSystem:0.5 InputSystem:0.3 PanelUISystem:0.1","worst":100.5,"casting":true,"particles":901,"particleCount":1,"emissionRate":1,"calls":18,"head":[0.35,0.79,-0.59],"yaw":-100,"pitch":-13}
2026-10-01T02:43:04.014Z [perf] {"mode":"xr","views":2,"target":"1680x1760","fps":13.8,"msMedian":95.8,"msP95":100.3,"msWorst":100.5,"calls":18,"tris":44620,"points":2600,"programs":30,"geometries":32,"textures":9,"abilities":1,"instances":190,"particles":438,"foveation":1}
2026-10-01T02:43:04.514Z [live] {"w":10,"cond":"NO_FROST","t":10.2,"scored":true,"fps":10,"ms":100,"js":1,"top":"CastSystem:0.5 InputSystem:0.2 PanelUISystem:0.1","worst":100.1,"casting":true,"particles":365,"particleCount":1,"emissionRate":1,"calls":18,"head":[0.35,0.79,-0.59],"yaw":-100,"pitch":-13}
2026-10-01T02:43:06.289Z [live] PARTICLE CHECK {"w":10,"cond":"NO_FROST","valid":true,"particlePeak":901,"checks":5,"particleCount":1,"emissionRate":1}
2026-10-01T02:43:06.289Z [live] WINDOW RESULT {"name":"NO_FROST","age":[49.4,100,62.3],"js":[1.1,1.2,0.9],"top":["CastSystem:0.5 InputSystem:0.3 PanelUISystem:0.1","CastSystem:0.5 InputSystem:0.4 PanelUISystem:0.1","CastSystem:0.3 InputSystem:0.3 PanelUISystem:0.1"],"mean":64.91,"p95":100.2,"slowPct":89.2,"worst":100.6,"castMean":71.81,"idleMean":31.93}
2026-10-01T02:43:06.290Z [live] ## WINDOW 11/12 NO_MIST
2026-10-01T02:43:08.291Z [live] {"w":11,"cond":"NO_MIST","t":2,"scored":true,"fps":36.9,"ms":27.1,"js":1.5,"top":"CastSystem:0.7 InputSystem:0.4 PanelUISystem:0.1","worst":45,"casting":true,"particles":601,"particleCount":1,"emissionRate":1,"calls":41,"head":[0.35,0.79,-0.59],"yaw":-100,"pitch":-13}
2026-10-01T02:43:09.044Z [perf] {"mode":"xr","views":2,"target":"1680x1760","fps":27.4,"msMedian":32.6,"msP95":100,"msWorst":100.2,"calls":41,"tris":44666,"points":2600,"programs":30,"geometries":32,"textures":9,"abilities":1,"instances":190,"particles":316,"foveation":1}
2026-10-01T02:43:10.319Z [live] {"w":11,"cond":"NO_MIST","t":4,"scored":true,"fps":28.6,"ms":34.9,"js":1.1,"top":"CastSystem:0.6 InputSystem:0.3 PanelUISystem:0.1","worst":38.2,"casting":true,"particles":241,"particleCount":1,"emissionRate":1,"calls":41,"head":[0.35,0.79,-0.59],"yaw":-100,"pitch":-13}
2026-10-01T02:43:12.355Z [live] {"w":11,"cond":"NO_MIST","t":6.1,"scored":true,"fps":19.6,"ms":50.9,"js":1.1,"top":"CastSystem:0.5 InputSystem:0.3 PanelUISystem:0.1","worst":100.4,"casting":false,"particles":133,"particleCount":1,"emissionRate":1,"calls":35,"head":[0.35,0.79,-0.59],"yaw":-100,"pitch":-13}
2026-10-01T02:43:14.044Z [perf] {"mode":"xr","views":2,"target":"1680x1760","fps":21.8,"msMedian":36.5,"msP95":100.1,"msWorst":100.4,"calls":48,"tris":44680,"points":2600,"programs":30,"geometries":32,"textures":9,"abilities":1,"instances":190,"particles":805,"foveation":1}
2026-10-01T02:43:14.380Z [live] {"w":11,"cond":"NO_MIST","t":8.1,"scored":true,"fps":21.2,"ms":47.1,"js":1.1,"top":"CastSystem:0.6 InputSystem:0.3 PanelUISystem:0.1","worst":100.4,"casting":true,"particles":659,"particleCount":1,"emissionRate":1,"calls":48,"head":[0.35,0.79,-0.59],"yaw":-100,"pitch":-13}
2026-10-01T02:43:16.409Z [live] {"w":11,"cond":"NO_MIST","t":10.1,"scored":true,"fps":28.1,"ms":35.6,"js":1.1,"top":"CastSystem:0.6 InputSystem:0.3 PanelUISystem:0.1","worst":38.5,"casting":true,"particles":251,"particleCount":1,"emissionRate":1,"calls":47,"head":[0.35,0.79,-0.59],"yaw":-100,"pitch":-13}
2026-10-01T02:43:18.293Z [live] PARTICLE CHECK {"w":11,"cond":"NO_MIST","valid":true,"particlePeak":659,"checks":5,"particleCount":1,"emissionRate":1}
2026-10-01T02:43:18.293Z [live] WINDOW RESULT {"name":"NO_MIST","age":[34.4,35.3,48],"js":[1.1,1.1,1.1],"top":["CastSystem:0.5 InputSystem:0.3 PanelUISystem:0.1","CastSystem:0.6 InputSystem:0.3 PanelUISystem:0.1","CastSystem:0.5 InputSystem:0.3 PanelUISystem:0.1"],"mean":38.36,"p95":88.9,"slowPct":96.8,"worst":100.4,"castMean":36.35,"idleMean":99.17}
2026-10-01T02:43:18.293Z [live] ## WINDOW 12/12 CURRENT
2026-10-01T02:43:19.063Z [perf] {"mode":"xr","views":2,"target":"1680x1760","fps":24.3,"msMedian":35.6,"msP95":77.2,"msWorst":100.7,"calls":47,"tris":45176,"points":2600,"programs":30,"geometries":32,"textures":9,"abilities":1,"instances":190,"particles":1183,"foveation":1}
2026-10-01T02:43:20.349Z [live] {"w":12,"cond":"CURRENT","t":2.1,"scored":true,"fps":14.1,"ms":70.9,"js":2.7,"top":"CastSystem:1.3 InputSystem:0.7 PanelUISystem:0.2","worst":100.7,"casting":true,"particles":932,"particleCount":1,"emissionRate":1,"calls":45,"head":[0.35,0.79,-0.59],"yaw":-100,"pitch":-13}
2026-10-01T02:43:22.449Z [live] {"w":12,"cond":"CURRENT","t":4.2,"scored":true,"fps":10,"ms":100,"js":1.1,"top":"CastSystem:0.6 InputSystem:0.3 PanelUISystem:0.1","worst":100.2,"casting":true,"particles":372,"particleCount":1,"emissionRate":1,"calls":45,"head":[0.35,0.79,-0.59],"yaw":-100,"pitch":-13}
2026-10-01T02:43:24.148Z [perf] {"mode":"xr","views":2,"target":"1680x1760","fps":10.4,"msMedian":99.9,"msP95":100.3,"msWorst":100.5,"calls":39,"tris":18074,"points":2600,"programs":30,"geometries":32,"textures":9,"abilities":0,"instances":0,"particles":225,"foveation":1}
2026-10-01T02:43:24.449Z [live] {"w":12,"cond":"CURRENT","t":6.2,"scored":true,"fps":10,"ms":100,"js":1,"top":"CastSystem:0.5 InputSystem:0.3 PanelUISystem:0.1","worst":100.5,"casting":true,"particles":198,"particleCount":1,"emissionRate":1,"calls":39,"head":[0.35,0.79,-0.59],"yaw":-100,"pitch":-15}
2026-10-01T02:43:26.486Z [live] {"w":12,"cond":"CURRENT","t":8.2,"scored":true,"fps":11.3,"ms":88.6,"js":1.2,"top":"CastSystem:0.6 InputSystem:0.3 PanelUISystem:0.1","worst":100.3,"casting":true,"particles":970,"particleCount":1,"emissionRate":1,"calls":48,"head":[0.35,0.79,-0.59],"yaw":-100,"pitch":-15}
2026-10-01T02:43:28.530Z [live] {"w":12,"cond":"CURRENT","t":10.2,"scored":true,"fps":10.3,"ms":97.4,"js":1.1,"top":"CastSystem:0.6 InputSystem:0.2 PanelUISystem:0.1","worst":100.2,"casting":true,"particles":377,"particleCount":1,"emissionRate":1,"calls":47,"head":[0.35,0.79,-0.59],"yaw":-100,"pitch":-15}
2026-10-01T02:43:29.154Z [perf] {"mode":"xr","views":2,"target":"1680x1760","fps":11,"msMedian":98.4,"msP95":100.2,"msWorst":100.3,"calls":47,"tris":44678,"points":2600,"programs":30,"geometries":32,"textures":9,"abilities":1,"instances":190,"particles":320,"foveation":1}
2026-10-01T02:43:30.342Z [live] PARTICLE CHECK {"w":12,"cond":"CURRENT","valid":true,"particlePeak":970,"checks":5,"particleCount":1,"emissionRate":1}
2026-10-01T02:43:30.343Z [live] WINDOW RESULT {"name":"CURRENT","age":[78,98.9,89],"js":[1.2,1.1,1],"top":["CastSystem:0.6 InputSystem:0.3 PanelUISystem:0.1","CastSystem:0.6 InputSystem:0.2 PanelUISystem:0.1","CastSystem:0.5 InputSystem:0.2 PanelUISystem:0.1"],"mean":87.93,"p95":100.3,"slowPct":100,"worst":100.7,"castMean":87.2,"idleMean":99.72}
2026-10-01T02:43:30.343Z [live] RESULTS [{"name":"CURRENT","mean":91.06,"p95":100.35,"slowPct":100,"castMean":90.48,"idleMean":99.81,"age":[86,99.5,89.3],"js":[1.3,1.1,1.2],"top":["CastSystem:0.6 InputSystem:0.3 PanelUISystem:0.1","CastSystem:0.5 InputSystem:0.3 PanelUISystem:0.1","CastSystem:0.5 InputSystem:0.5 PanelUISystem:0.1"],"worst":101,"windows":[94.2,87.93],"vsCurrent":0},{"name":"NO_MIST","mean":39.2,"p95":94.4,"slowPct":98.4,"castMean":37.28,"idleMean":99.02,"age":[38.3,34.6,47],"js":[1.3,1.2,1.2],"top":["CastSystem:0.6 InputSystem:0.3 PanelUISystem:0.1","CastSystem:0.6 InputSystem:0.3 PanelUISystem:0.1","CastSystem:0.5 InputSystem:0.3 PanelUISystem:0.1"],"worst":100.6,"windows":[40.04,38.36],"vsCurrent":-51.86},{"name":"NO_FROST","mean":64.59,"p95":100.2,"slowPct":94.6,"castMean":72.56,"idleMean":28.45,"age":[53.8,100,56.9],"js":[1.2,1.3,0.9],"top":["CastSystem:0.6 InputSystem:0.3 PanelUISystem:0.1","CastSystem:0.6 InputSystem:0.3 CrystalBench:0.1","CastSystem:0.4 InputSystem:0.3 PanelUISystem:0.1"],"worst":100.7,"windows":[64.27,64.91],"vsCurrent":-26.47},{"name":"NO_MIST_OR_FROST","mean":20.76,"p95":26.25,"slowPct":72.4,"castMean":22.44,"idleMean":11.19,"age":[23,24.5,16.7],"js":[1.1,1.1,1],"top":["CastSystem:0.5 InputSystem:0.3 PanelUISystem:0.1","CastSystem:0.6 InputSystem:0.3 PanelUISystem:0.1","CastSystem:0.4 InputSystem:0.3 PanelUISystem:0.1"],"worst":100.3,"windows":[20.14,21.37],"vsCurrent":-70.3},{"name":"NO_SHOCKWAVES","mean":82.75,"p95":100.25,"slowPct":92.1,"castMean":81.5,"idleMean":99.83,"age":[64.6,97.7,93.3],"js":[1.1,1.2,1.1],"top":["CastSystem:0.6 InputSystem:0.3 PanelUISystem:0.1","CastSystem:0.6 InputSystem:0.3 PanelUISystem:0.1","CastSystem:0.5 InputSystem:0.3 PanelUISystem:0.1"],"worst":100.5,"windows":[85.13,80.37],"vsCurrent":-8.31},{"name":"NO_CAST","mean":11.32,"p95":11.85,"slowPct":0.4,"castMean":0,"idleMean":11.32,"age":[0,0,0],"js":[0,0,0],"top":["FrameUniformSystem:0.0 LocomotionSystem:0.0 InputSystem:0.0","FrameUniformSystem:0.0 LocomotionSystem:0.0 InputSystem:0.0","FrameUniformSystem:0.0 LocomotionSystem:0.0 InputSystem:0.0"],"worst":100.3,"windows":[11.53,11.11],"vsCurrent":-79.74}]
2026-10-01T02:43:31.376Z [frame-probe] RESULTS {"mode":"xr","gpuTimer":false,"disjointCount":0,"skippedQueries":0,"pendingQueries":0,"windows":[{"w":1,"name":"CURRENT","interval":{"count":127,"mean":94.161,"p95":100.4,"worst":101},"cpuFrame":{"count":127,"mean":3.386,"p95":5.2,"worst":12.2},"update":{"count":127,"mean":1.402,"p95":2.5,"worst":8.9},"render":{"count":127,"mean":1.978,"p95":3.2,"worst":4.7},"gpu":{"count":0,"mean":null,"p95":null,"worst":null}},{"w":2,"name":"NO_MIST","interval":{"count":300,"mean":40.039,"p95":99.9,"worst":100.6},"cpuFrame":{"count":300,"mean":3.622,"p95":4.8,"worst":34.2},"update":{"count":300,"mean":1.34,"p95":1.9,"worst":3.5},"render":{"count":300,"mean":2.276,"p95":3.2,"worst":32.2},"gpu":{"count":0,"mean":null,"p95":null,"worst":null}},{"w":3,"name":"NO_FROST","interval":{"count":187,"mean":64.267,"p95":100.2,"worst":100.7},"cpuFrame":{"count":187,"mean":2.629,"p95":4,"worst":5.9},"update":{"count":187,"mean":1.23,"p95":2,"worst":4.1},"render":{"count":187,"mean":1.396,"p95":2,"worst":2.8},"gpu":{"count":0,"mean":null,"p95":null,"worst":null}},{"w":4,"name":"NO_MIST_OR_FROST","interval":{"count":596,"mean":20.141,"p95":26.3,"worst":36.5},"cpuFrame":{"count":596,"mean":2.557,"p95":3.7,"worst":6.7},"update":{"count":596,"mean":1.112,"p95":1.6,"worst":5.2},"render":{"count":596,"mean":1.441,"p95":2.2,"worst":2.7},"gpu":{"count":0,"mean":null,"p95":null,"worst":null}},{"w":5,"name":"NO_SHOCKWAVES","interval":{"count":141,"mean":85.133,"p95":100.3,"worst":100.4},"cpuFrame":{"count":141,"mean":3.111,"p95":4.4,"worst":5.2},"update":{"count":141,"mean":1.155,"p95":1.7,"worst":3},"render":{"count":141,"mean":1.95,"p95":2.8,"worst":3.5},"gpu":{"count":0,"mean":null,"p95":null,"worst":null}},{"w":6,"name":"NO_CAST","interval":{"count":1041,"mean":11.535,"p95":11.9,"worst":100.3},"cpuFrame":{"count":1041,"mean":1.928,"p95":2.5,"worst":3.6},"update":{"count":1041,"mean":0.767,"p95":1.2,"worst":2.3},"render":{"count":1041,"mean":1.155,"p95":1.6,"worst":2},"gpu":{"count":0,"mean":null,"p95":null,"worst":null}},{"w":7,"name":"NO_CAST","interval":{"count":1081,"mean":11.111,"p95":11.8,"worst":12.7},"cpuFrame":{"count":1081,"mean":1.975,"p95":2.5,"worst":4.8},"update":{"count":1081,"mean":0.803,"p95":1.3,"worst":3.3},"render":{"count":1081,"mean":1.164,"p95":1.6,"worst":2.1},"gpu":{"count":0,"mean":null,"p95":null,"worst":null}},{"w":8,"name":"NO_SHOCKWAVES","interval":{"count":150,"mean":80.371,"p95":100.2,"worst":100.5},"cpuFrame":{"count":150,"mean":3.268,"p95":4.4,"worst":5.2},"update":{"count":150,"mean":1.23,"p95":1.8,"worst":3.5},"render":{"count":150,"mean":2.033,"p95":2.8,"worst":3.2},"gpu":{"count":0,"mean":null,"p95":null,"worst":null}},{"w":9,"name":"NO_MIST_OR_FROST","interval":{"count":562,"mean":21.372,"p95":26.2,"worst":100.2},"cpuFrame":{"count":562,"mean":2.436,"p95":3.5,"worst":4.9},"update":{"count":562,"mean":1.063,"p95":1.6,"worst":3.2},"render":{"count":562,"mean":1.367,"p95":2,"worst":3},"gpu":{"count":0,"mean":null,"p95":null,"worst":null}},{"w":10,"name":"NO_FROST","interval":{"count":185,"mean":64.914,"p95":100.2,"worst":100.7},"cpuFrame":{"count":185,"mean":2.494,"p95":3.7,"worst":4.8},"update":{"count":185,"mean":1.072,"p95":1.6,"worst":2.6},"render":{"count":185,"mean":1.414,"p95":2.2,"worst":2.8},"gpu":{"count":0,"mean":null,"p95":null,"worst":null}},{"w":11,"name":"NO_MIST","interval":{"count":313,"mean":38.358,"p95":88.9,"worst":100.4},"cpuFrame":{"count":313,"mean":3.088,"p95":4.3,"worst":5.4},"update":{"count":313,"mean":1.135,"p95":1.6,"worst":2.7},"render":{"count":313,"mean":1.948,"p95":2.8,"worst":3.7},"gpu":{"count":0,"mean":null,"p95":null,"worst":null}},{"w":12,"name":"CURRENT","interval":{"count":137,"mean":87.934,"p95":100.3,"worst":100.7},"cpuFrame":{"count":137,"mean":3.126,"p95":4.2,"worst":5.8},"update":{"count":137,"mean":1.159,"p95":1.7,"worst":2.1},"render":{"count":137,"mean":1.964,"p95":2.8,"worst":3.8},"gpu":{"count":0,"mean":null,"p95":null,"worst":null}}]}
