2026-10-01T03:21:51.477Z [perf] {"mode":"xr","views":2,"target":"1680x1760","fps":13.9,"msMedian":71.5,"msP95":100,"msWorst":100.1,"calls":47,"tris":49302,"points":2600,"programs":31,"geometries":33,"textures":9,"abilities":1,"instances":190,"particles":1189,"foveation":1}
PAGE ERROR 
2026-10-01T03:21:53.974Z [vite] connecting...
2026-10-01T03:21:53.975Z [IWSDK Dev] Configuration: {device: metaQuest3, activation: localhost, verbose: false, sem: null, ai: null}
2026-10-01T03:21:54.123Z [vite] connected.
2026-10-01T03:21:57.596Z                                                  
▄▄▄▄▄▄  ▄▄      ▄▄   ▄▄▄▄    ▄▄▄▄▄     ▄▄   ▄▄▄ 
▀▀██▀▀  ██      ██ ▄█▀▀▀▀█   ██▀▀▀██   ██  ██▀  
  ██    ▀█▄ ██ ▄█▀ ██▄       ██    ██  ██▄██    
  ██     ██ ██ ██   ▀████▄   ██    ██  █████    
  ██     ███▀▀███       ▀██  ██    ██  ██  ██▄  
▄▄██▄▄   ███  ███  █▄▄▄▄▄█▀  ██▄▄▄██   ██   ██▄ 
▀▀▀▀▀▀   ▀▀▀  ▀▀▀   ▀▀▀▀▀    ▀▀▀▀▀     ▀▀    ▀▀                                                
===============================================
Immersive Web SDK v0.5.3
Three.js r181
EliCS v3.4.2
2026-10-01T03:22:04.214Z [frame-probe] GPU timer unavailable; use a device trace
2026-10-01T03:22:04.214Z [live] fixed-schedule probe: 18 windows x 12s (first 0s of each discarded). Move and look around normally.
2026-10-01T03:22:04.873Z THREE.WebGLRenderer: Can't change size while VR device is presenting.
2026-10-01T03:22:04.877Z WebGL: INVALID_ENUM: texParameter: invalid parameter
2026-10-01T03:22:09.862Z [perf] {"mode":"xr","views":2,"target":"1680x1760","fps":51.1,"msMedian":11.6,"msP95":40.2,"msWorst":99.8,"calls":41,"tris":44666,"points":2600,"programs":31,"geometries":33,"textures":9,"abilities":1,"instances":190,"particles":528,"foveation":1}
2026-10-01T03:22:12.872Z [live] ## WINDOW 1/18 BOTH_V2
2026-10-01T03:22:14.842Z [live] {"w":1,"cond":"BOTH_V2","t":2,"scored":true,"fps":35.9,"ms":27.9,"js":1.3,"top":"CastSystem:0.7 InputSystem:0.3 PanelUISystem:0.1","worst":47.1,"casting":true,"particles":915,"particleCount":1,"emissionRate":1,"calls":41,"head":[0.42,0.76,-0.46],"yaw":-145,"pitch":-19}
2026-10-01T03:22:14.876Z [perf] {"mode":"xr","views":2,"target":"1680x1760","fps":34,"msMedian":27.9,"msP95":44.7,"msWorst":47.1,"calls":41,"tris":44666,"points":2600,"programs":31,"geometries":33,"textures":9,"abilities":1,"instances":190,"particles":903,"foveation":1}
2026-10-01T03:22:16.841Z [live] {"w":1,"cond":"BOTH_V2","t":4,"scored":true,"fps":30,"ms":33.4,"js":1.4,"top":"CastSystem:0.6 InputSystem:0.5 PanelUISystem:0.1","worst":41.2,"casting":true,"particles":360,"particleCount":1,"emissionRate":1,"calls":41,"head":[0.42,0.76,-0.46],"yaw":-145,"pitch":-19}
2026-10-01T03:22:18.867Z [live] {"w":1,"cond":"BOTH_V2","t":6,"scored":true,"fps":35.7,"ms":28.1,"js":1.1,"top":"CastSystem:0.5 InputSystem:0.3 PanelUISystem:0.1","worst":44.3,"casting":false,"particles":178,"particleCount":1,"emissionRate":1,"calls":35,"head":[0.42,0.76,-0.46],"yaw":-145,"pitch":-19}
2026-10-01T03:22:19.882Z [perf] {"mode":"xr","views":2,"target":"1680x1760","fps":33.4,"msMedian":28.5,"msP95":40,"msWorst":44.3,"calls":70,"tris":49856,"points":2600,"programs":31,"geometries":33,"textures":9,"abilities":1,"instances":190,"particles":1276,"foveation":1}
2026-10-01T03:22:20.904Z [live] {"w":1,"cond":"BOTH_V2","t":8.1,"scored":true,"fps":32.4,"ms":30.8,"js":1.6,"top":"InputSystem:0.6 CastSystem:0.6 PanelUISystem:0.1","worst":42.3,"casting":true,"particles":953,"particleCount":1,"emissionRate":1,"calls":45,"head":[0.42,0.76,-0.46],"yaw":-145,"pitch":-19}
2026-10-01T03:22:22.902Z [live] {"w":1,"cond":"BOTH_V2","t":10.1,"scored":true,"fps":27.9,"ms":35.8,"js":1.5,"top":"InputSystem:0.6 CastSystem:0.6 PanelUISystem:0.1","worst":40.7,"casting":true,"particles":375,"particleCount":1,"emissionRate":1,"calls":42,"head":[0.42,0.76,-0.46],"yaw":-145,"pitch":-19}
2026-10-01T03:22:24.830Z [live] PARTICLE CHECK {"w":1,"cond":"BOTH_V2","valid":true,"particlePeak":953,"checks":5,"particleCount":1,"emissionRate":1}
2026-10-01T03:22:24.831Z [live] WINDOW RESULT {"name":"BOTH_V2","age":[29.2,34.8,29.2],"js":[1.4,1.5,1.1],"top":["CastSystem:0.6 InputSystem:0.5 PanelUISystem:0.1","CastSystem:0.6 InputSystem:0.6 PanelUISystem:0.1","CastSystem:0.5 InputSystem:0.3 PanelUISystem:0.1"],"mean":30.85,"p95":40.7,"slowPct":96.7,"worst":50.9,"castMean":30.3,"idleMean":38.26}
2026-10-01T03:22:24.831Z [live] ## WINDOW 2/18 V2_NO_MIST
2026-10-01T03:22:24.910Z [perf] {"mode":"xr","views":2,"target":"1680x1760","fps":30,"msMedian":32.6,"msP95":40.7,"msWorst":50.9,"calls":12,"tris":18020,"points":2600,"programs":31,"geometries":33,"textures":9,"abilities":1,"instances":190,"particles":5,"foveation":1}
2026-10-01T03:22:26.840Z [live] {"w":2,"cond":"V2_NO_MIST","t":2,"scored":true,"fps":60.4,"ms":16.6,"js":1.8,"top":"CastSystem:0.8 InputSystem:0.4 PanelUISystem:0.1","worst":40.1,"casting":true,"particles":547,"particleCount":1,"emissionRate":1,"calls":41,"head":[0.42,0.76,-0.46],"yaw":-145,"pitch":-19}
2026-10-01T03:22:28.833Z [live] {"w":2,"cond":"V2_NO_MIST","t":4,"scored":true,"fps":57,"ms":17.6,"js":1.1,"top":"CastSystem:0.6 InputSystem:0.3 PanelUISystem:0.1","worst":19.4,"casting":true,"particles":238,"particleCount":1,"emissionRate":1,"calls":41,"head":[0.42,0.76,-0.46],"yaw":-145,"pitch":-19}
2026-10-01T03:22:29.931Z [perf] {"mode":"xr","views":2,"target":"1680x1760","fps":58.2,"msMedian":17.4,"msP95":19.5,"msWorst":24.6,"calls":41,"tris":44666,"points":2600,"programs":31,"geometries":33,"textures":9,"abilities":1,"instances":190,"particles":215,"foveation":1}
2026-10-01T03:22:30.861Z [live] {"w":2,"cond":"V2_NO_MIST","t":6,"scored":true,"fps":41.9,"ms":23.9,"js":1,"top":"CastSystem:0.5 InputSystem:0.2 PanelUISystem:0.1","worst":51.2,"casting":false,"particles":137,"particleCount":1,"emissionRate":1,"calls":35,"head":[0.42,0.76,-0.46],"yaw":-145,"pitch":-19}
2026-10-01T03:22:32.875Z [live] {"w":2,"cond":"V2_NO_MIST","t":8,"scored":true,"fps":45.8,"ms":21.9,"js":1.2,"top":"CastSystem:0.6 InputSystem:0.4 PanelUISystem:0.1","worst":45.8,"casting":true,"particles":622,"particleCount":1,"emissionRate":1,"calls":46,"head":[0.42,0.76,-0.46],"yaw":-145,"pitch":-19}
2026-10-01T03:22:34.889Z [live] {"w":2,"cond":"V2_NO_MIST","t":10.1,"scored":true,"fps":52.5,"ms":19,"js":1.5,"top":"InputSystem:0.7 CastSystem:0.6 PanelUISystem:0.1","worst":21.7,"casting":true,"particles":245,"particleCount":1,"emissionRate":1,"calls":45,"head":[0.42,0.76,-0.46],"yaw":-145,"pitch":-19}
2026-10-01T03:22:34.943Z [perf] {"mode":"xr","views":2,"target":"1680x1760","fps":45.3,"msMedian":19.4,"msP95":38.4,"msWorst":51.2,"calls":45,"tris":49298,"points":2600,"programs":31,"geometries":33,"textures":9,"abilities":1,"instances":190,"particles":244,"foveation":1}
2026-10-01T03:22:36.867Z [live] PARTICLE CHECK {"w":2,"cond":"V2_NO_MIST","valid":true,"particlePeak":622,"checks":5,"particleCount":1,"emissionRate":1}
2026-10-01T03:22:36.868Z [live] WINDOW RESULT {"name":"V2_NO_MIST","age":[18.9,18.3,24],"js":[1.2,1.3,1.2],"top":["CastSystem:0.6 InputSystem:0.3 PanelUISystem:0.1","CastSystem:0.6 InputSystem:0.5 PanelUISystem:0.1","InputSystem:0.5 CastSystem:0.5 PanelUISystem:0.1"],"mean":20.09,"p95":38.4,"slowPct":96.2,"worst":51.2,"castMean":19.17,"idleMean":39.03}
2026-10-01T03:22:36.869Z [live] ## WINDOW 3/18 V2_NO_FROST
2026-10-01T03:22:38.883Z [live] {"w":3,"cond":"V2_NO_FROST","t":2,"scored":true,"fps":43.6,"ms":22.9,"js":2.8,"top":"InputSystem:1.4 CastSystem:0.9 PanelUISystem:0.1","worst":42.3,"casting":true,"particles":878,"particleCount":1,"emissionRate":1,"calls":21,"head":[0.42,0.76,-0.46],"yaw":-145,"pitch":-19}
2026-10-01T03:22:39.960Z [perf] {"mode":"xr","views":2,"target":"1680x1760","fps":39.9,"msMedian":23.5,"msP95":40.9,"msWorst":49.6,"calls":18,"tris":44620,"points":2600,"programs":31,"geometries":33,"textures":9,"abilities":1,"instances":190,"particles":493,"foveation":1}
2026-10-01T03:22:40.901Z [live] {"w":3,"cond":"V2_NO_FROST","t":4,"scored":true,"fps":35.2,"ms":28.4,"js":1,"top":"CastSystem:0.6 InputSystem:0.2 PanelUISystem:0.1","worst":36.2,"casting":true,"particles":370,"particleCount":1,"emissionRate":1,"calls":18,"head":[0.42,0.76,-0.46],"yaw":-145,"pitch":-19}
2026-10-01T03:22:42.910Z [live] {"w":3,"cond":"V2_NO_FROST","t":6,"scored":true,"fps":65.4,"ms":15.3,"js":0.9,"top":"CastSystem:0.4 InputSystem:0.3 PanelUISystem:0.1","worst":23.4,"casting":true,"particles":189,"particleCount":1,"emissionRate":1,"calls":18,"head":[0.42,0.76,-0.46],"yaw":-146,"pitch":-19}
2026-10-01T03:22:44.937Z [live] {"w":3,"cond":"V2_NO_FROST","t":8.1,"scored":true,"fps":40.8,"ms":24.5,"js":1,"top":"CastSystem:0.5 InputSystem:0.2 PanelUISystem:0.1","worst":42.2,"casting":true,"particles":904,"particleCount":1,"emissionRate":1,"calls":18,"head":[0.42,0.76,-0.46],"yaw":-146,"pitch":-19}
2026-10-01T03:22:44.972Z [perf] {"mode":"xr","views":2,"target":"1680x1760","fps":50.2,"msMedian":19.7,"msP95":36,"msWorst":42.2,"calls":18,"tris":44620,"points":2600,"programs":31,"geometries":33,"textures":9,"abilities":1,"instances":190,"particles":893,"foveation":1}
2026-10-01T03:22:46.942Z [live] {"w":3,"cond":"V2_NO_FROST","t":10.1,"scored":true,"fps":32.4,"ms":30.9,"js":1,"top":"CastSystem:0.5 InputSystem:0.3 PanelUISystem:0.1","worst":41.8,"casting":true,"particles":364,"particleCount":1,"emissionRate":1,"calls":18,"head":[0.42,0.76,-0.46],"yaw":-146,"pitch":-19}
2026-10-01T03:22:48.872Z [live] PARTICLE CHECK {"w":3,"cond":"V2_NO_FROST","valid":true,"particlePeak":904,"checks":5,"particleCount":1,"emissionRate":1}
2026-10-01T03:22:48.873Z [live] WINDOW RESULT {"name":"V2_NO_FROST","age":[23.3,30,15.3],"js":[1.3,1.1,0.9],"top":["CastSystem:0.5 InputSystem:0.5 PanelUISystem:0.1","CastSystem:0.5 InputSystem:0.3 PanelUISystem:0.1","CastSystem:0.4 InputSystem:0.3 PanelUISystem:0.1"],"mean":21.17,"p95":36,"slowPct":66.7,"worst":42.3,"castMean":23.13,"idleMean":11.19}
2026-10-01T03:22:48.873Z [live] ## WINDOW 4/18 V2_NO_SHARDS
2026-10-01T03:22:50.001Z [perf] {"mode":"xr","views":2,"target":"1680x1760","fps":49.7,"msMedian":20.1,"msP95":36.1,"msWorst":41.8,"calls":42,"tris":45166,"points":2600,"programs":31,"geometries":33,"textures":9,"abilities":1,"instances":190,"particles":515,"foveation":1}
2026-10-01T03:22:50.892Z [live] {"w":4,"cond":"V2_NO_SHARDS","t":2,"scored":true,"fps":40.1,"ms":25,"js":2.5,"top":"CastSystem:1.1 InputSystem:0.7 PanelUISystem:0.2","worst":43.7,"casting":true,"particles":539,"particleCount":1,"emissionRate":1,"calls":41,"head":[0.42,0.76,-0.46],"yaw":-146,"pitch":-19}
2026-10-01T03:22:52.902Z [live] {"w":4,"cond":"V2_NO_SHARDS","t":4,"scored":true,"fps":28.4,"ms":35.2,"js":1.1,"top":"CastSystem:0.6 InputSystem:0.3 PanelUISystem:0.1","worst":41.6,"casting":true,"particles":376,"particleCount":1,"emissionRate":1,"calls":41,"head":[0.42,0.76,-0.46],"yaw":-146,"pitch":-19}
2026-10-01T03:22:54.930Z [live] {"w":4,"cond":"V2_NO_SHARDS","t":6.1,"scored":true,"fps":31,"ms":32.2,"js":1,"top":"CastSystem:0.4 InputSystem:0.3 PanelUISystem:0.1","worst":63.5,"casting":true,"particles":172,"particleCount":1,"emissionRate":1,"calls":38,"head":[0.42,0.76,-0.46],"yaw":-146,"pitch":-19}
2026-10-01T03:22:55.011Z [perf] {"mode":"xr","views":2,"target":"1680x1760","fps":29.1,"msMedian":35,"msP95":43,"msWorst":63.5,"calls":45,"tris":49298,"points":2600,"programs":31,"geometries":33,"textures":9,"abilities":1,"instances":190,"particles":202,"foveation":1}
2026-10-01T03:22:57.006Z [live] {"w":4,"cond":"V2_NO_SHARDS","t":8.1,"scored":true,"fps":31.8,"ms":31.4,"js":1.6,"top":"InputSystem:0.7 CastSystem:0.6 PanelUISystem:0.1","worst":47.4,"casting":true,"particles":595,"particleCount":1,"emissionRate":1,"calls":44,"head":[0.42,0.76,-0.46],"yaw":-146,"pitch":-19}
2026-10-01T03:22:59.021Z [live] {"w":4,"cond":"V2_NO_SHARDS","t":10.1,"scored":true,"fps":31.8,"ms":31.5,"js":1.5,"top":"InputSystem:0.7 CastSystem:0.6 PanelUISystem:0.1","worst":37.8,"casting":true,"particles":358,"particleCount":1,"emissionRate":1,"calls":43,"head":[0.42,0.76,-0.46],"yaw":-146,"pitch":-19}
2026-10-01T03:23:00.080Z [perf] {"mode":"xr","views":2,"target":"1680x1760","fps":34.2,"msMedian":29.2,"msP95":36.7,"msWorst":47.4,"calls":43,"tris":49294,"points":2600,"programs":31,"geometries":33,"textures":9,"abilities":1,"instances":190,"particles":266,"foveation":1}
2026-10-01T03:23:00.966Z [live] PARTICLE CHECK {"w":4,"cond":"V2_NO_SHARDS","valid":true,"particlePeak":595,"checks":5,"particleCount":1,"emissionRate":1}
2026-10-01T03:23:00.967Z [live] WINDOW RESULT {"name":"V2_NO_SHARDS","age":[27.7,33.7,29.9],"js":[1.3,1.3,1.2],"top":["CastSystem:0.6 InputSystem:0.5 PanelUISystem:0.1","CastSystem:0.6 InputSystem:0.5 PanelUISystem:0.1","InputSystem:0.5 CastSystem:0.4 PanelUISystem:0.1"],"mean":30.23,"p95":42,"slowPct":94.5,"worst":63.5,"castMean":29.44,"idleMean":40.99}
2026-10-01T03:23:00.967Z [live] ## WINDOW 5/18 V2_NO_GLITTER
2026-10-01T03:23:02.983Z [live] {"w":5,"cond":"V2_NO_GLITTER","t":2,"scored":true,"fps":35.8,"ms":27.9,"js":2.9,"top":"InputSystem:1.4 CastSystem:1.0 PanelUISystem:0.1","worst":52.5,"casting":true,"particles":609,"particleCount":1,"emissionRate":1,"calls":42,"head":[0.42,0.76,-0.46],"yaw":-146,"pitch":-19}
2026-10-01T03:23:04.991Z [live] {"w":5,"cond":"V2_NO_GLITTER","t":4,"scored":true,"fps":29.8,"ms":33.5,"js":1.5,"top":"InputSystem:0.7 CastSystem:0.5 PanelUISystem:0.1","worst":41.7,"casting":true,"particles":112,"particleCount":1,"emissionRate":1,"calls":42,"head":[0.42,0.76,-0.46],"yaw":-146,"pitch":-19}
2026-10-01T03:23:05.092Z [perf] {"mode":"xr","views":2,"target":"1680x1760","fps":31.9,"msMedian":34.5,"msP95":43.9,"msWorst":58.4,"calls":42,"tris":49292,"points":2600,"programs":31,"geometries":33,"textures":9,"abilities":1,"instances":190,"particles":104,"foveation":1}
2026-10-01T03:23:07.019Z [live] {"w":5,"cond":"V2_NO_GLITTER","t":6,"scored":true,"fps":34.6,"ms":28.9,"js":1.4,"top":"InputSystem:0.7 CastSystem:0.4 PanelUISystem:0.1","worst":50.1,"casting":true,"particles":40,"particleCount":1,"emissionRate":1,"calls":36,"head":[0.42,0.76,-0.46],"yaw":-146,"pitch":-19}
2026-10-01T03:23:09.025Z [live] {"w":5,"cond":"V2_NO_GLITTER","t":8.1,"scored":true,"fps":30.8,"ms":32.4,"js":1.6,"top":"InputSystem:0.7 CastSystem:0.6 PanelUISystem:0.1","worst":42.7,"casting":true,"particles":677,"particleCount":1,"emissionRate":1,"calls":46,"head":[0.42,0.76,-0.46],"yaw":-146,"pitch":-19}
2026-10-01T03:23:10.107Z [perf] {"mode":"xr","views":2,"target":"1680x1760","fps":31.1,"msMedian":33.7,"msP95":40,"msWorst":50.1,"calls":46,"tris":49300,"points":2600,"programs":31,"geometries":33,"textures":9,"abilities":1,"instances":190,"particles":263,"foveation":1}
2026-10-01T03:23:11.040Z [live] {"w":5,"cond":"V2_NO_GLITTER","t":10.1,"scored":true,"fps":28.8,"ms":34.7,"js":1.5,"top":"InputSystem:0.7 CastSystem:0.5 PanelUISystem:0.1","worst":42.7,"casting":true,"particles":130,"particleCount":1,"emissionRate":1,"calls":45,"head":[0.42,0.76,-0.46],"yaw":-146,"pitch":-19}
2026-10-01T03:23:12.988Z [live] PARTICLE CHECK {"w":5,"cond":"V2_NO_GLITTER","valid":true,"particlePeak":677,"checks":5,"particleCount":1,"emissionRate":1}
2026-10-01T03:23:12.988Z [live] WINDOW RESULT {"name":"V2_NO_GLITTER","age":[29.9,34.5,28.6],"js":[1.6,1.5,1.4],"top":["InputSystem:0.7 CastSystem:0.6 PanelUISystem:0.1","InputSystem:0.7 CastSystem:0.5 PanelUISystem:0.1","InputSystem:0.7 CastSystem:0.4 PanelUISystem:0.1"],"mean":30.82,"p95":40.9,"slowPct":95.9,"worst":52.5,"castMean":30.35,"idleMean":36.83}
2026-10-01T03:23:12.988Z [live] ## WINDOW 6/18 V2_NO_SHOCKWAVES
2026-10-01T03:23:15.011Z [live] {"w":6,"cond":"V2_NO_SHOCKWAVES","t":2,"scored":true,"fps":42.9,"ms":23.3,"js":2.6,"top":"InputSystem:1.3 CastSystem:0.9 PanelUISystem:0.1","worst":37.9,"casting":true,"particles":878,"particleCount":1,"emissionRate":1,"calls":43,"head":[0.42,0.76,-0.46],"yaw":-146,"pitch":-19}
2026-10-01T03:23:15.123Z [perf] {"mode":"xr","views":2,"target":"1680x1760","fps":37.5,"msMedian":26.8,"msP95":37.6,"msWorst":44.5,"calls":43,"tris":49294,"points":2600,"programs":31,"geometries":33,"textures":9,"abilities":1,"instances":190,"particles":824,"foveation":1}
2026-10-01T03:23:17.015Z [live] {"w":6,"cond":"V2_NO_SHOCKWAVES","t":4,"scored":true,"fps":31,"ms":32.3,"js":1.5,"top":"InputSystem:0.7 CastSystem:0.5 PanelUISystem:0.1","worst":40.1,"casting":true,"particles":368,"particleCount":1,"emissionRate":1,"calls":43,"head":[0.42,0.76,-0.46],"yaw":-146,"pitch":-19}
2026-10-01T03:23:19.030Z [live] {"w":6,"cond":"V2_NO_SHOCKWAVES","t":6,"scored":true,"fps":36.2,"ms":27.6,"js":1.4,"top":"InputSystem:0.7 CastSystem:0.4 PanelUISystem:0.1","worst":39.9,"casting":true,"particles":199,"particleCount":1,"emissionRate":1,"calls":37,"head":[0.42,0.76,-0.46],"yaw":-146,"pitch":-19}
2026-10-01T03:23:20.152Z [perf] {"mode":"xr","views":2,"target":"1680x1760","fps":33.4,"msMedian":29.8,"msP95":37.9,"msWorst":42.3,"calls":58,"tris":49822,"points":2600,"programs":31,"geometries":33,"textures":9,"abilities":1,"instances":190,"particles":1279,"foveation":1}
2026-10-01T03:23:21.045Z [live] {"w":6,"cond":"V2_NO_SHOCKWAVES","t":8.1,"scored":true,"fps":29.8,"ms":33.6,"js":1.5,"top":"InputSystem:0.7 CastSystem:0.6 PanelUISystem:0.1","worst":42.3,"casting":true,"particles":939,"particleCount":1,"emissionRate":1,"calls":43,"head":[0.42,0.76,-0.46],"yaw":-146,"pitch":-19}
2026-10-01T03:23:23.068Z [live] {"w":6,"cond":"V2_NO_SHOCKWAVES","t":10.1,"scored":true,"fps":27.8,"ms":36,"js":1.5,"top":"InputSystem:0.7 CastSystem:0.6 PanelUISystem:0.1","worst":45.6,"casting":true,"particles":377,"particleCount":1,"emissionRate":1,"calls":42,"head":[0.42,0.76,-0.46],"yaw":-146,"pitch":-19}
2026-10-01T03:23:24.992Z [live] PARTICLE CHECK {"w":6,"cond":"V2_NO_SHOCKWAVES","valid":true,"particlePeak":939,"checks":5,"particleCount":1,"emissionRate":1}
2026-10-01T03:23:24.993Z [live] WINDOW RESULT {"name":"V2_NO_SHOCKWAVES","age":[27.3,34.5,29.4],"js":[1.5,1.5,1.4],"top":["InputSystem:0.7 CastSystem:0.6 PanelUISystem:0.1","InputSystem:0.7 CastSystem:0.5 PanelUISystem:0.1","InputSystem:0.7 CastSystem:0.5 PanelUISystem:0.1"],"mean":30.09,"p95":43.2,"slowPct":94.2,"worst":65.9,"castMean":29.49,"idleMean":38.4}
2026-10-01T03:23:24.993Z [live] ## WINDOW 7/18 V2_NO_BURSTS
2026-10-01T03:23:25.164Z [perf] {"mode":"xr","views":2,"target":"1680x1760","fps":29.7,"msMedian":33.3,"msP95":45.2,"msWorst":65.9,"calls":30,"tris":49268,"points":2600,"programs":31,"geometries":33,"textures":9,"abilities":1,"instances":190,"particles":136,"foveation":1}
2026-10-01T03:23:27.018Z [live] {"w":7,"cond":"V2_NO_BURSTS","t":2,"scored":true,"fps":39.5,"ms":25.3,"js":2.7,"top":"InputSystem:1.3 CastSystem:0.9 PanelUISystem:0.1","worst":45,"casting":true,"particles":870,"particleCount":1,"emissionRate":1,"calls":43,"head":[0.42,0.76,-0.46],"yaw":-146,"pitch":-19}
2026-10-01T03:23:29.042Z [live] {"w":7,"cond":"V2_NO_BURSTS","t":4.1,"scored":true,"fps":29.6,"ms":33.8,"js":1.5,"top":"InputSystem:0.7 CastSystem:0.5 PanelUISystem:0.0","worst":41.4,"casting":true,"particles":366,"particleCount":1,"emissionRate":1,"calls":43,"head":[0.42,0.76,-0.46],"yaw":-146,"pitch":-19}
2026-10-01T03:23:30.197Z [perf] {"mode":"xr","views":2,"target":"1680x1760","fps":35.8,"msMedian":27.9,"msP95":40,"msWorst":45,"calls":43,"tris":49294,"points":2600,"programs":31,"geometries":35,"textures":10,"abilities":1,"instances":190,"particles":271,"foveation":1}
2026-10-01T03:23:31.078Z [live] {"w":7,"cond":"V2_NO_BURSTS","t":6.1,"scored":true,"fps":35.6,"ms":28.1,"js":1.5,"top":"InputSystem:0.8 CastSystem:0.5 PanelUISystem:0.1","worst":41.4,"casting":true,"particles":196,"particleCount":1,"emissionRate":1,"calls":38,"head":[0.42,0.76,-0.46],"yaw":-146,"pitch":-19}
2026-10-01T03:23:33.075Z [live] {"w":7,"cond":"V2_NO_BURSTS","t":8.1,"scored":true,"fps":29.4,"ms":34,"js":1.8,"top":"InputSystem:1.0 CastSystem:0.6 PanelUISystem:0.1","worst":43.7,"casting":true,"particles":934,"particleCount":1,"emissionRate":1,"calls":46,"head":[0.42,0.76,-0.46],"yaw":-146,"pitch":-19}
2026-10-01T03:23:35.103Z [live] {"w":7,"cond":"V2_NO_BURSTS","t":10.1,"scored":true,"fps":30.2,"ms":33.1,"js":1.2,"top":"CastSystem:0.6 InputSystem:0.4 PanelUISystem:0.1","worst":42.2,"casting":true,"particles":368,"particleCount":1,"emissionRate":1,"calls":42,"head":[0.42,0.76,-0.46],"yaw":-146,"pitch":-19}
2026-10-01T03:23:35.209Z [perf] {"mode":"xr","views":2,"target":"1680x1760","fps":29.5,"msMedian":34.7,"msP95":41.6,"msWorst":43.7,"calls":42,"tris":44668,"points":2600,"programs":31,"geometries":35,"textures":10,"abilities":1,"instances":190,"particles":346,"foveation":1}
2026-10-01T03:23:37.008Z [live] PARTICLE CHECK {"w":7,"cond":"V2_NO_BURSTS","valid":true,"particlePeak":934,"checks":5,"particleCount":1,"emissionRate":1}
2026-10-01T03:23:37.008Z [live] WINDOW RESULT {"name":"V2_NO_BURSTS","age":[28.8,34,29.2],"js":[1.7,1.3,1.3],"top":["InputSystem:0.8 CastSystem:0.6 PanelUISystem:0.1","CastSystem:0.6 InputSystem:0.5 PanelUISystem:0.1","InputSystem:0.5 CastSystem:0.5 PanelUISystem:0.1"],"mean":30.5,"p95":42.4,"slowPct":95.4,"worst":64.7,"castMean":29.78,"idleMean":40.75}
2026-10-01T03:23:37.009Z [live] ## WINDOW 8/18 V2_NO_CRYSTALS
2026-10-01T03:23:39.044Z [live] {"w":8,"cond":"V2_NO_CRYSTALS","t":2,"scored":true,"fps":27,"ms":37,"js":2.2,"top":"CastSystem:1.0 InputSystem:0.6 PanelUISystem:0.2","worst":56.4,"casting":true,"particles":892,"particleCount":1,"emissionRate":1,"calls":35,"head":[0.42,0.76,-0.46],"yaw":-146,"pitch":-19}
2026-10-01T03:23:40.219Z [perf] {"mode":"xr","views":2,"target":"1680x1760","fps":26.7,"msMedian":38.1,"msP95":57.3,"msWorst":64.7,"calls":35,"tris":18066,"points":2600,"programs":31,"geometries":35,"textures":10,"abilities":1,"instances":190,"particles":499,"foveation":1}
2026-10-01T03:23:41.081Z [live] {"w":8,"cond":"V2_NO_CRYSTALS","t":4.1,"scored":true,"fps":19.1,"ms":52.2,"js":1.2,"top":"CastSystem:0.6 InputSystem:0.3 PanelUISystem:0.1","worst":59.9,"casting":true,"particles":371,"particleCount":1,"emissionRate":1,"calls":35,"head":[0.42,0.76,-0.46],"yaw":-146,"pitch":-19}
2026-10-01T03:23:43.107Z [live] {"w":8,"cond":"V2_NO_CRYSTALS","t":6.1,"scored":true,"fps":24.2,"ms":41.3,"js":1.3,"top":"InputSystem:0.7 CastSystem:0.4 PanelUISystem:0.1","worst":47.3,"casting":true,"particles":184,"particleCount":1,"emissionRate":1,"calls":37,"head":[0.42,0.76,-0.46],"yaw":-146,"pitch":-19}
2026-10-01T03:23:45.134Z [live] {"w":8,"cond":"V2_NO_CRYSTALS","t":8.1,"scored":true,"fps":14.8,"ms":67.6,"js":1.7,"top":"InputSystem:0.8 CastSystem:0.6 PanelUISystem:0.1","worst":112.1,"casting":true,"particles":949,"particleCount":1,"emissionRate":1,"calls":42,"head":[0.42,0.76,-0.46],"yaw":-146,"pitch":-19}
2026-10-01T03:23:45.265Z [perf] {"mode":"xr","views":2,"target":"1680x1760","fps":19.6,"msMedian":44.5,"msP95":96.1,"msWorst":112.1,"calls":42,"tris":22704,"points":2600,"programs":31,"geometries":35,"textures":10,"abilities":1,"instances":190,"particles":879,"foveation":1}
2026-10-01T03:23:47.151Z [live] {"w":8,"cond":"V2_NO_CRYSTALS","t":10.1,"scored":true,"fps":16.9,"ms":59.3,"js":1.6,"top":"InputSystem:0.7 CastSystem:0.6 PanelUISystem:0.1","worst":71.3,"casting":true,"particles":364,"particleCount":1,"emissionRate":1,"calls":41,"head":[0.42,0.76,-0.46],"yaw":-146,"pitch":-19}
2026-10-01T03:23:49.034Z [live] PARTICLE CHECK {"w":8,"cond":"V2_NO_CRYSTALS","valid":true,"particlePeak":949,"checks":5,"particleCount":1,"emissionRate":1}
2026-10-01T03:23:49.034Z [live] WINDOW RESULT {"name":"V2_NO_CRYSTALS","age":[47.1,56.3,43.8],"js":[1.3,1.4,1.4],"top":["CastSystem:0.6 InputSystem:0.5 PanelUISystem:0.1","CastSystem:0.6 InputSystem:0.5 PanelUISystem:0.1","InputSystem:0.7 CastSystem:0.4 PanelUISystem:0.1"],"mean":48.49,"p95":70.2,"slowPct":97.6,"worst":112.1,"castMean":49.22,"idleMean":41.42}
2026-10-01T03:23:49.034Z [live] ## WINDOW 9/18 NO_CAST
2026-10-01T03:23:50.267Z [perf] {"mode":"xr","views":2,"target":"1680x1760","fps":34.8,"msMedian":11.8,"msP95":64,"msWorst":71.3,"calls":14,"tris":22648,"points":2600,"programs":31,"geometries":35,"textures":10,"abilities":0,"instances":0,"particles":0,"foveation":1}
2026-10-01T03:23:51.036Z [live] {"w":9,"cond":"NO_CAST","t":2,"scored":true,"fps":84.9,"ms":11.8,"js":1.5,"top":"InputSystem:1.0 CastSystem:0.1 PanelUISystem:0.1","worst":42.9,"casting":false,"particles":0,"particleCount":1,"emissionRate":1,"calls":14,"head":[0.42,0.76,-0.46],"yaw":-146,"pitch":-19}
2026-10-01T03:23:53.038Z [live] {"w":9,"cond":"NO_CAST","t":4,"scored":true,"fps":90,"ms":11.1,"js":1.3,"top":"InputSystem:0.9 PanelUISystem:0.1 CrystalBench:0.0","worst":12.2,"casting":false,"particles":0,"particleCount":1,"emissionRate":1,"calls":14,"head":[0.42,0.76,-0.46],"yaw":-146,"pitch":-19}
2026-10-01T03:23:55.038Z [live] {"w":9,"cond":"NO_CAST","t":6,"scored":true,"fps":90,"ms":11.1,"js":1.3,"top":"InputSystem:1.0 PanelUISystem:0.1 LocomotionSystem:0.0","worst":12.4,"casting":false,"particles":0,"particleCount":1,"emissionRate":1,"calls":14,"head":[0.42,0.76,-0.46],"yaw":-146,"pitch":-19}
2026-10-01T03:23:55.271Z [perf] {"mode":"xr","views":2,"target":"1680x1760","fps":89.9,"msMedian":11.1,"msP95":11.9,"msWorst":12.4,"calls":14,"tris":22648,"points":2600,"programs":31,"geometries":35,"textures":10,"abilities":0,"instances":0,"particles":0,"foveation":1}
2026-10-01T03:23:57.039Z [live] {"w":9,"cond":"NO_CAST","t":8,"scored":true,"fps":90,"ms":11.1,"js":1.3,"top":"InputSystem:0.9 PanelUISystem:0.1 ScreenSpaceUISystem:0.0","worst":12.4,"casting":false,"particles":0,"particleCount":1,"emissionRate":1,"calls":14,"head":[0.42,0.76,-0.46],"yaw":-146,"pitch":-19}
2026-10-01T03:23:59.049Z [live] {"w":9,"cond":"NO_CAST","t":10,"scored":true,"fps":90,"ms":11.1,"js":1.2,"top":"InputSystem:0.9 PanelUISystem:0.1 LocomotionSystem:0.0","worst":12.2,"casting":false,"particles":0,"particleCount":1,"emissionRate":1,"calls":14,"head":[0.42,0.76,-0.46],"yaw":-146,"pitch":-19}
2026-10-01T03:24:00.272Z [perf] {"mode":"xr","views":2,"target":"1680x1760","fps":90,"msMedian":11.1,"msP95":11.9,"msWorst":12.4,"calls":14,"tris":22648,"points":2600,"programs":31,"geometries":35,"textures":10,"abilities":0,"instances":0,"particles":0,"foveation":1}
2026-10-01T03:24:01.038Z [live] PARTICLE CHECK {"w":9,"cond":"NO_CAST","valid":true,"particlePeak":0,"checks":5,"particleCount":1,"emissionRate":1}
2026-10-01T03:24:01.039Z [live] WINDOW RESULT {"name":"NO_CAST","age":[0,0,0],"js":[0,0,0],"top":["FrameUniformSystem:0.0 LocomotionSystem:0.0 InputSystem:0.0","FrameUniformSystem:0.0 LocomotionSystem:0.0 InputSystem:0.0","FrameUniformSystem:0.0 LocomotionSystem:0.0 InputSystem:0.0"],"mean":11.22,"p95":11.9,"slowPct":0.6,"worst":42.9,"castMean":0,"idleMean":11.22}
2026-10-01T03:24:01.039Z [live] ## WINDOW 10/18 NO_CAST
2026-10-01T03:24:03.038Z [live] {"w":10,"cond":"NO_CAST","t":2,"scored":true,"fps":90,"ms":11.1,"js":2.4,"top":"InputSystem:1.8 PanelUISystem:0.1 ScreenSpaceUISystem:0.1","worst":12.2,"casting":false,"particles":0,"particleCount":1,"emissionRate":1,"calls":14,"head":[0.42,0.76,-0.46],"yaw":-146,"pitch":-19}
2026-10-01T03:24:05.038Z [live] {"w":10,"cond":"NO_CAST","t":4,"scored":true,"fps":90,"ms":11.1,"js":1.2,"top":"InputSystem:0.9 PanelUISystem:0.1 LocomotionSystem:0.0","worst":12.3,"casting":false,"particles":0,"particleCount":1,"emissionRate":1,"calls":14,"head":[0.42,0.76,-0.46],"yaw":-146,"pitch":-19}
2026-10-01T03:24:05.283Z [perf] {"mode":"xr","views":2,"target":"1680x1760","fps":90,"msMedian":11.1,"msP95":11.9,"msWorst":12.3,"calls":14,"tris":22648,"points":2600,"programs":31,"geometries":35,"textures":10,"abilities":0,"instances":0,"particles":0,"foveation":1}
2026-10-01T03:24:07.050Z [live] {"w":10,"cond":"NO_CAST","t":6,"scored":true,"fps":90,"ms":11.1,"js":1.2,"top":"InputSystem:0.8 PanelUISystem:0.1 ScreenSpaceUISystem:0.0","worst":12.3,"casting":false,"particles":0,"particleCount":1,"emissionRate":1,"calls":14,"head":[0.42,0.76,-0.46],"yaw":-146,"pitch":-19}
2026-10-01T03:24:09.060Z [live] {"w":10,"cond":"NO_CAST","t":8,"scored":true,"fps":90,"ms":11.1,"js":1.1,"top":"InputSystem:0.8 PanelUISystem:0.1 ScreenSpaceUISystem:0.0","worst":12.2,"casting":false,"particles":0,"particleCount":1,"emissionRate":1,"calls":14,"head":[0.42,0.76,-0.46],"yaw":-146,"pitch":-19}
2026-10-01T03:24:10.294Z [perf] {"mode":"xr","views":2,"target":"1680x1760","fps":90,"msMedian":11.1,"msP95":11.8,"msWorst":12.5,"calls":15,"tris":22660,"points":2600,"programs":31,"geometries":35,"textures":10,"abilities":0,"instances":0,"particles":0,"foveation":1}
2026-10-01T03:24:11.060Z [live] {"w":10,"cond":"NO_CAST","t":10,"scored":true,"fps":90,"ms":11.1,"js":1,"top":"InputSystem:0.7 PanelUISystem:0.1 StageSystem:0.0","worst":12.5,"casting":false,"particles":0,"particleCount":1,"emissionRate":1,"calls":15,"head":[0.42,0.76,-0.46],"yaw":-146,"pitch":-19}
2026-10-01T03:24:13.038Z [live] PARTICLE CHECK {"w":10,"cond":"NO_CAST","valid":true,"particlePeak":0,"checks":5,"particleCount":1,"emissionRate":1}
2026-10-01T03:24:13.039Z [live] WINDOW RESULT {"name":"NO_CAST","age":[0,0,0],"js":[0,0,0],"top":["FrameUniformSystem:0.0 LocomotionSystem:0.0 InputSystem:0.0","FrameUniformSystem:0.0 LocomotionSystem:0.0 InputSystem:0.0","FrameUniformSystem:0.0 LocomotionSystem:0.0 InputSystem:0.0"],"mean":11.11,"p95":11.8,"slowPct":0,"worst":13.5,"castMean":0,"idleMean":11.11}
2026-10-01T03:24:13.039Z [live] ## WINDOW 11/18 V2_NO_CRYSTALS
2026-10-01T03:24:15.080Z [live] {"w":11,"cond":"V2_NO_CRYSTALS","t":2,"scored":true,"fps":28.4,"ms":35.2,"js":3.8,"top":"InputSystem:1.8 CastSystem:0.7 PanelUISystem:0.3","worst":62.3,"casting":true,"particles":869,"particleCount":1,"emissionRate":1,"calls":34,"head":[0.42,0.76,-0.46],"yaw":-146,"pitch":-19}
2026-10-01T03:24:15.312Z [perf] {"mode":"xr","views":2,"target":"1680x1760","fps":61.6,"msMedian":11.2,"msP95":53,"msWorst":62.3,"calls":34,"tris":18064,"points":2600,"programs":31,"geometries":35,"textures":10,"abilities":1,"instances":190,"particles":763,"foveation":1}
2026-10-01T03:24:17.090Z [live] {"w":11,"cond":"V2_NO_CRYSTALS","t":4.1,"scored":true,"fps":18.9,"ms":52.9,"js":1.4,"top":"CastSystem:0.6 InputSystem:0.5 PanelUISystem:0.1","worst":58.4,"casting":true,"particles":375,"particleCount":1,"emissionRate":1,"calls":36,"head":[0.42,0.76,-0.46],"yaw":-146,"pitch":-19}
2026-10-01T03:24:19.129Z [live] {"w":11,"cond":"V2_NO_CRYSTALS","t":6.1,"scored":true,"fps":23.5,"ms":42.5,"js":1.4,"top":"InputSystem:0.7 CastSystem:0.4 PanelUISystem:0.1","worst":48.2,"casting":true,"particles":183,"particleCount":1,"emissionRate":1,"calls":36,"head":[0.42,0.76,-0.46],"yaw":-146,"pitch":-19}
2026-10-01T03:24:20.361Z [perf] {"mode":"xr","views":2,"target":"1680x1760","fps":20,"msMedian":45.7,"msP95":74.5,"msWorst":96.2,"calls":38,"tris":22696,"points":2600,"programs":31,"geometries":35,"textures":10,"abilities":1,"instances":190,"particles":1221,"foveation":1}
2026-10-01T03:24:21.161Z [live] {"w":11,"cond":"V2_NO_CRYSTALS","t":8.1,"scored":true,"fps":16.7,"ms":59.8,"js":1.6,"top":"InputSystem:0.7 CastSystem:0.6 PanelUISystem:0.1","worst":96.2,"casting":true,"particles":871,"particleCount":1,"emissionRate":1,"calls":38,"head":[0.42,0.76,-0.46],"yaw":-146,"pitch":-19}
2026-10-01T03:24:23.182Z [live] {"w":11,"cond":"V2_NO_CRYSTALS","t":10.1,"scored":true,"fps":17.8,"ms":56.1,"js":1.5,"top":"InputSystem:0.7 CastSystem:0.6 PanelUISystem:0.1","worst":67.8,"casting":true,"particles":347,"particleCount":1,"emissionRate":1,"calls":37,"head":[0.42,0.76,-0.46],"yaw":-146,"pitch":-19}
2026-10-01T03:24:25.078Z [live] PARTICLE CHECK {"w":11,"cond":"V2_NO_CRYSTALS","valid":true,"particlePeak":871,"checks":5,"particleCount":1,"emissionRate":1}
2026-10-01T03:24:25.079Z [live] WINDOW RESULT {"name":"V2_NO_CRYSTALS","age":[43.8,55.1,43.5],"js":[1.4,1.5,1.4],"top":["CastSystem:0.6 InputSystem:0.5 PanelUISystem:0.1","InputSystem:0.6 CastSystem:0.6 PanelUISystem:0.1","InputSystem:0.7 CastSystem:0.4 PanelUISystem:0.1"],"mean":46.85,"p95":66.9,"slowPct":95.3,"worst":96.2,"castMean":47.5,"idleMean":41.1}
2026-10-01T03:24:25.079Z [live] ## WINDOW 12/18 V2_NO_BURSTS
2026-10-01T03:24:25.367Z [perf] {"mode":"xr","views":2,"target":"1680x1760","fps":22.8,"msMedian":46.8,"msP95":62.8,"msWorst":67.8,"calls":41,"tris":49290,"points":2600,"programs":31,"geometries":35,"textures":10,"abilities":1,"instances":190,"particles":472,"foveation":1}
2026-10-01T03:24:27.093Z [live] {"w":12,"cond":"V2_NO_BURSTS","t":2,"scored":true,"fps":40.7,"ms":24.5,"js":2.2,"top":"InputSystem:1.1 CastSystem:0.7 PanelUISystem:0.1","worst":43.3,"casting":true,"particles":908,"particleCount":1,"emissionRate":1,"calls":43,"head":[0.42,0.76,-0.46],"yaw":-146,"pitch":-19}
2026-10-01T03:24:29.112Z [live] {"w":12,"cond":"V2_NO_BURSTS","t":4,"scored":true,"fps":30.7,"ms":32.6,"js":1.5,"top":"InputSystem:0.7 CastSystem:0.6 PanelUISystem:0.1","worst":37,"casting":true,"particles":394,"particleCount":1,"emissionRate":1,"calls":43,"head":[0.42,0.76,-0.46],"yaw":-146,"pitch":-19}
2026-10-01T03:24:30.372Z [perf] {"mode":"xr","views":2,"target":"1680x1760","fps":34.6,"msMedian":29.1,"msP95":36.9,"msWorst":43.3,"calls":43,"tris":49294,"points":2600,"programs":31,"geometries":35,"textures":10,"abilities":1,"instances":190,"particles":268,"foveation":1}
2026-10-01T03:24:31.140Z [live] {"w":12,"cond":"V2_NO_BURSTS","t":6.1,"scored":true,"fps":33,"ms":30.3,"js":1.4,"top":"InputSystem:0.7 CastSystem:0.5 PanelUISystem:0.1","worst":55.7,"casting":true,"particles":188,"particleCount":1,"emissionRate":1,"calls":37,"head":[0.42,0.76,-0.46],"yaw":-146,"pitch":-19}
2026-10-01T03:24:33.149Z [live] {"w":12,"cond":"V2_NO_BURSTS","t":8.1,"scored":true,"fps":31.4,"ms":31.9,"js":1.4,"top":"InputSystem:0.7 CastSystem:0.5 PanelUISystem:0.1","worst":42.8,"casting":true,"particles":918,"particleCount":1,"emissionRate":1,"calls":44,"head":[0.42,0.76,-0.46],"yaw":-146,"pitch":-19}
2026-10-01T03:24:35.158Z [live] {"w":12,"cond":"V2_NO_BURSTS","t":10.1,"scored":true,"fps":31.9,"ms":31.4,"js":1.5,"top":"InputSystem:0.7 CastSystem:0.5 PanelUISystem:0.1","worst":36.4,"casting":true,"particles":348,"particleCount":1,"emissionRate":1,"calls":43,"head":[0.42,0.76,-0.46],"yaw":-146,"pitch":-19}
2026-10-01T03:24:35.377Z [perf] {"mode":"xr","views":2,"target":"1680x1760","fps":30.8,"msMedian":33,"msP95":41.6,"msWorst":55.7,"calls":43,"tris":49294,"points":2600,"programs":31,"geometries":35,"textures":10,"abilities":1,"instances":190,"particles":329,"foveation":1}
2026-10-01T03:24:37.091Z [live] PARTICLE CHECK {"w":12,"cond":"V2_NO_BURSTS","valid":true,"particlePeak":918,"checks":5,"particleCount":1,"emissionRate":1}
2026-10-01T03:24:37.091Z [live] WINDOW RESULT {"name":"V2_NO_BURSTS","age":[27.7,32.4,28.5],"js":[1.5,1.5,1.4],"top":["InputSystem:0.7 CastSystem:0.5 PanelUISystem:0.1","InputSystem:0.7 CastSystem:0.6 PanelUISystem:0.1","InputSystem:0.7 CastSystem:0.5 PanelUISystem:0.1"],"mean":29.37,"p95":40.6,"slowPct":95.4,"worst":55.7,"castMean":28.71,"idleMean":38.67}
2026-10-01T03:24:37.091Z [live] ## WINDOW 13/18 V2_NO_SHOCKWAVES
2026-10-01T03:24:39.126Z [live] {"w":13,"cond":"V2_NO_SHOCKWAVES","t":2,"scored":true,"fps":37.4,"ms":26.8,"js":2.9,"top":"InputSystem:1.4 CastSystem:1.0 PanelUISystem:0.1","worst":41.7,"casting":true,"particles":859,"particleCount":1,"emissionRate":1,"calls":43,"head":[0.42,0.76,-0.46],"yaw":-146,"pitch":-19}
2026-10-01T03:24:40.390Z [perf] {"mode":"xr","views":2,"target":"1680x1760","fps":34.1,"msMedian":31.7,"msP95":40.9,"msWorst":47.2,"calls":43,"tris":49294,"points":2600,"programs":31,"geometries":35,"textures":10,"abilities":1,"instances":190,"particles":478,"foveation":1}
2026-10-01T03:24:41.147Z [live] {"w":13,"cond":"V2_NO_SHOCKWAVES","t":4.1,"scored":true,"fps":28.7,"ms":34.8,"js":1.6,"top":"InputSystem:0.7 CastSystem:0.6 PanelUISystem:0.1","worst":41.4,"casting":true,"particles":377,"particleCount":1,"emissionRate":1,"calls":43,"head":[0.42,0.76,-0.46],"yaw":-146,"pitch":-19}
2026-10-01T03:24:43.187Z [live] {"w":13,"cond":"V2_NO_SHOCKWAVES","t":6.1,"scored":true,"fps":31.8,"ms":31.4,"js":1.3,"top":"InputSystem:0.7 CastSystem:0.4 PanelUISystem:0.1","worst":50.2,"casting":true,"particles":178,"particleCount":1,"emissionRate":1,"calls":37,"head":[0.42,0.76,-0.46],"yaw":-146,"pitch":-19}
2026-10-01T03:24:45.219Z [live] {"w":13,"cond":"V2_NO_SHOCKWAVES","t":8.1,"scored":true,"fps":31.5,"ms":31.7,"js":1.5,"top":"InputSystem:0.7 CastSystem:0.5 PanelUISystem:0.1","worst":43.9,"casting":true,"particles":907,"particleCount":1,"emissionRate":1,"calls":45,"head":[0.42,0.76,-0.46],"yaw":-146,"pitch":-19}
2026-10-01T03:24:45.402Z [perf] {"mode":"xr","views":2,"target":"1680x1760","fps":31.7,"msMedian":30.6,"msP95":43.7,"msWorst":50.2,"calls":45,"tris":49298,"points":2600,"programs":31,"geometries":35,"textures":10,"abilities":1,"instances":190,"particles":817,"foveation":1}
2026-10-01T03:24:47.235Z [live] {"w":13,"cond":"V2_NO_SHOCKWAVES","t":10.1,"scored":true,"fps":30.2,"ms":33.1,"js":1.5,"top":"InputSystem:0.7 CastSystem:0.5 PanelUISystem:0.1","worst":38.5,"casting":true,"particles":375,"particleCount":1,"emissionRate":1,"calls":44,"head":[0.42,0.76,-0.46],"yaw":-146,"pitch":-19}
2026-10-01T03:24:49.122Z [live] PARTICLE CHECK {"w":13,"cond":"V2_NO_SHOCKWAVES","valid":true,"particlePeak":907,"checks":5,"particleCount":1,"emissionRate":1}
2026-10-01T03:24:49.122Z [live] WINDOW RESULT {"name":"V2_NO_SHOCKWAVES","age":[28.9,34.5,31.5],"js":[1.5,1.5,1.4],"top":["InputSystem:0.7 CastSystem:0.5 PanelUISystem:0.1","InputSystem:0.7 CastSystem:0.6 PanelUISystem:0.1","InputSystem:0.7 CastSystem:0.4 PanelUISystem:0.1"],"mean":31.49,"p95":43.9,"slowPct":96.6,"worst":65.6,"castMean":30.55,"idleMean":46.17}
2026-10-01T03:24:49.123Z [live] ## WINDOW 14/18 V2_NO_GLITTER
2026-10-01T03:24:50.420Z [perf] {"mode":"xr","views":2,"target":"1680x1760","fps":34.5,"msMedian":28.1,"msP95":46.4,"msWorst":65.6,"calls":43,"tris":49294,"points":2600,"programs":31,"geometries":35,"textures":10,"abilities":1,"instances":190,"particles":936,"foveation":1}
2026-10-01T03:24:51.142Z [live] {"w":14,"cond":"V2_NO_GLITTER","t":2,"scored":true,"fps":39.6,"ms":25.2,"js":2.5,"top":"InputSystem:1.2 CastSystem:0.8 PanelUISystem:0.1","worst":45.4,"casting":true,"particles":625,"particleCount":1,"emissionRate":1,"calls":43,"head":[0.42,0.76,-0.46],"yaw":-146,"pitch":-19}
2026-10-01T03:24:53.155Z [live] {"w":14,"cond":"V2_NO_GLITTER","t":4,"scored":true,"fps":30.8,"ms":32.5,"js":1.5,"top":"InputSystem:0.7 CastSystem:0.5 PanelUISystem:0.1","worst":41.6,"casting":true,"particles":130,"particleCount":1,"emissionRate":1,"calls":43,"head":[0.42,0.76,-0.46],"yaw":-146,"pitch":-19}
2026-10-01T03:24:55.177Z [live] {"w":14,"cond":"V2_NO_GLITTER","t":6.1,"scored":true,"fps":32.6,"ms":30.6,"js":1.4,"top":"InputSystem:0.7 CastSystem:0.4 PanelUISystem:0.1","worst":64.8,"casting":true,"particles":52,"particleCount":1,"emissionRate":1,"calls":37,"head":[0.42,0.76,-0.46],"yaw":-146,"pitch":-19}
2026-10-01T03:24:55.438Z [perf] {"mode":"xr","views":2,"target":"1680x1760","fps":30.9,"msMedian":32.7,"msP95":43.4,"msWorst":64.8,"calls":62,"tris":49332,"points":2600,"programs":31,"geometries":35,"textures":10,"abilities":1,"instances":190,"particles":390,"foveation":1}
2026-10-01T03:24:57.193Z [live] {"w":14,"cond":"V2_NO_GLITTER","t":8.1,"scored":true,"fps":27.8,"ms":36,"js":1.4,"top":"InputSystem:0.7 CastSystem:0.5 PanelUISystem:0.1","worst":48.6,"casting":true,"particles":636,"particleCount":1,"emissionRate":1,"calls":45,"head":[0.42,0.76,-0.46],"yaw":-146,"pitch":-19}
2026-10-01T03:24:59.201Z [live] {"w":14,"cond":"V2_NO_GLITTER","t":10.1,"scored":true,"fps":27.4,"ms":36.5,"js":1.5,"top":"InputSystem:0.7 CastSystem:0.6 PanelUISystem:0.1","worst":43.7,"casting":true,"particles":119,"particleCount":1,"emissionRate":1,"calls":44,"head":[0.42,0.76,-0.46],"yaw":-146,"pitch":-19}
2026-10-01T03:25:00.466Z [perf] {"mode":"xr","views":2,"target":"1680x1760","fps":30.2,"msMedian":32.8,"msP95":42.9,"msWorst":45.5,"calls":44,"tris":49296,"points":2600,"programs":31,"geometries":35,"textures":10,"abilities":1,"instances":190,"particles":61,"foveation":1}
2026-10-01T03:25:01.138Z [live] PARTICLE CHECK {"w":14,"cond":"V2_NO_GLITTER","valid":true,"particlePeak":636,"checks":5,"particleCount":1,"emissionRate":1}
2026-10-01T03:25:01.138Z [live] WINDOW RESULT {"name":"V2_NO_GLITTER","age":[29.5,34.7,30.8],"js":[1.4,1.5,1.4],"top":["InputSystem:0.7 CastSystem:0.5 PanelUISystem:0.1","InputSystem:0.7 CastSystem:0.6 PanelUISystem:0.1","InputSystem:0.7 CastSystem:0.4 PanelUISystem:0.1"],"mean":31.54,"p95":43.5,"slowPct":95.8,"worst":64.8,"castMean":30.72,"idleMean":43.75}
2026-10-01T03:25:01.138Z [live] ## WINDOW 15/18 V2_NO_SHARDS
2026-10-01T03:25:03.159Z [live] {"w":15,"cond":"V2_NO_SHARDS","t":2,"scored":true,"fps":40.1,"ms":24.9,"js":2.6,"top":"InputSystem:1.3 CastSystem:0.9 PanelUISystem:0.1","worst":44.7,"casting":true,"particles":560,"particleCount":1,"emissionRate":1,"calls":43,"head":[0.42,0.76,-0.46],"yaw":-146,"pitch":-19}
2026-10-01T03:25:05.169Z [live] {"w":15,"cond":"V2_NO_SHARDS","t":4,"scored":true,"fps":29.8,"ms":33.5,"js":1.5,"top":"InputSystem:0.7 CastSystem:0.6 PanelUISystem:0.1","worst":40.5,"casting":true,"particles":369,"particleCount":1,"emissionRate":1,"calls":43,"head":[0.42,0.76,-0.46],"yaw":-146,"pitch":-19}
2026-10-01T03:25:05.473Z [perf] {"mode":"xr","views":2,"target":"1680x1760","fps":33.6,"msMedian":29.9,"msP95":44.6,"msWorst":52.2,"calls":43,"tris":49294,"points":2600,"programs":31,"geometries":35,"textures":10,"abilities":1,"instances":190,"particles":331,"foveation":1}
2026-10-01T03:25:07.194Z [live] {"w":15,"cond":"V2_NO_SHARDS","t":6.1,"scored":true,"fps":35.1,"ms":28.5,"js":1.4,"top":"InputSystem:0.7 CastSystem:0.4 PanelUISystem:0.1","worst":46.1,"casting":true,"particles":183,"particleCount":1,"emissionRate":1,"calls":37,"head":[0.42,0.76,-0.46],"yaw":-146,"pitch":-19}
2026-10-01T03:25:09.201Z [live] {"w":15,"cond":"V2_NO_SHARDS","t":8.1,"scored":true,"fps":29.9,"ms":33.4,"js":1.5,"top":"InputSystem:0.7 CastSystem:0.5 PanelUISystem:0.1","worst":41.3,"casting":true,"particles":608,"particleCount":1,"emissionRate":1,"calls":46,"head":[0.42,0.76,-0.46],"yaw":-146,"pitch":-19}
2026-10-01T03:25:10.502Z [perf] {"mode":"xr","views":2,"target":"1680x1760","fps":30.8,"msMedian":34.9,"msP95":40.2,"msWorst":46.1,"calls":47,"tris":49312,"points":2600,"programs":31,"geometries":35,"textures":10,"abilities":1,"instances":190,"particles":488,"foveation":1}
2026-10-01T03:25:11.225Z [live] {"w":15,"cond":"V2_NO_SHARDS","t":10.1,"scored":true,"fps":30.6,"ms":32.7,"js":1.5,"top":"InputSystem:0.7 CastSystem:0.5 PanelUISystem:0.1","worst":39.8,"casting":true,"particles":399,"particleCount":1,"emissionRate":1,"calls":43,"head":[0.42,0.76,-0.46],"yaw":-146,"pitch":-19}
2026-10-01T03:25:13.173Z [live] PARTICLE CHECK {"w":15,"cond":"V2_NO_SHARDS","valid":true,"particlePeak":608,"checks":5,"particleCount":1,"emissionRate":1}
2026-10-01T03:25:13.174Z [live] WINDOW RESULT {"name":"V2_NO_SHARDS","age":[28.5,33.4,29.5],"js":[1.5,1.5,1.3],"top":["InputSystem:0.7 CastSystem:0.5 PanelUISystem:0.1","InputSystem:0.7 CastSystem:0.6 PanelUISystem:0.1","InputSystem:0.6 CastSystem:0.4 PanelUISystem:0.1"],"mean":30.32,"p95":41.9,"slowPct":96.2,"worst":62.4,"castMean":29.54,"idleMean":42.42}
2026-10-01T03:25:13.174Z [live] ## WINDOW 16/18 V2_NO_FROST
2026-10-01T03:25:15.190Z [live] {"w":16,"cond":"V2_NO_FROST","t":2,"scored":true,"fps":43.6,"ms":22.9,"js":1.8,"top":"CastSystem:0.8 InputSystem:0.6 PanelUISystem:0.1","worst":44.7,"casting":true,"particles":885,"particleCount":1,"emissionRate":1,"calls":18,"head":[0.42,0.76,-0.46],"yaw":-146,"pitch":-19}
2026-10-01T03:25:15.533Z [perf] {"mode":"xr","views":2,"target":"1680x1760","fps":37.2,"msMedian":26,"msP95":44.6,"msWorst":62.4,"calls":18,"tris":44620,"points":2600,"programs":31,"geometries":35,"textures":10,"abilities":1,"instances":190,"particles":728,"foveation":1}
2026-10-01T03:25:17.210Z [live] {"w":16,"cond":"V2_NO_FROST","t":4,"scored":true,"fps":34.2,"ms":29.3,"js":1.2,"top":"CastSystem:0.5 InputSystem:0.4 PanelUISystem:0.1","worst":38.4,"casting":true,"particles":357,"particleCount":1,"emissionRate":1,"calls":21,"head":[0.42,0.76,-0.46],"yaw":-146,"pitch":-19}
2026-10-01T03:25:19.210Z [live] {"w":16,"cond":"V2_NO_FROST","t":6,"scored":true,"fps":65.5,"ms":15.3,"js":1.3,"top":"InputSystem:0.7 CastSystem:0.4 PanelUISystem:0.1","worst":24.4,"casting":true,"particles":195,"particleCount":1,"emissionRate":1,"calls":21,"head":[0.42,0.76,-0.46],"yaw":-146,"pitch":-19}
2026-10-01T03:25:20.544Z [perf] {"mode":"xr","views":2,"target":"1680x1760","fps":50.5,"msMedian":20.4,"msP95":31.4,"msWorst":33.4,"calls":21,"tris":49260,"points":2600,"programs":31,"geometries":35,"textures":10,"abilities":1,"instances":190,"particles":1196,"foveation":1}
2026-10-01T03:25:21.214Z [live] {"w":16,"cond":"V2_NO_FROST","t":8,"scored":true,"fps":40.9,"ms":24.4,"js":1.4,"top":"InputSystem:0.7 CastSystem:0.5 PanelUISystem:0.1","worst":38.2,"casting":true,"particles":924,"particleCount":1,"emissionRate":1,"calls":21,"head":[0.42,0.76,-0.46],"yaw":-146,"pitch":-19}
2026-10-01T03:25:23.236Z [live] {"w":16,"cond":"V2_NO_FROST","t":10.1,"scored":true,"fps":33.6,"ms":29.7,"js":1.3,"top":"CastSystem:0.5 InputSystem:0.5 PanelUISystem:0.1","worst":39.1,"casting":true,"particles":371,"particleCount":1,"emissionRate":1,"calls":18,"head":[0.42,0.76,-0.46],"yaw":-146,"pitch":-19}
2026-10-01T03:25:25.176Z [live] PARTICLE CHECK {"w":16,"cond":"V2_NO_FROST","valid":true,"particlePeak":924,"checks":5,"particleCount":1,"emissionRate":1}
2026-10-01T03:25:25.177Z [live] WINDOW RESULT {"name":"V2_NO_FROST","age":[23.3,29.8,15.7],"js":[1.2,1.2,1.1],"top":["CastSystem:0.5 InputSystem:0.5 PanelUISystem:0.1","CastSystem:0.5 InputSystem:0.4 PanelUISystem:0.1","InputSystem:0.5 CastSystem:0.4 PanelUISystem:0.1"],"mean":21.36,"p95":35.3,"slowPct":66.9,"worst":44.7,"castMean":23.3,"idleMean":11.19}
2026-10-01T03:25:25.177Z [live] ## WINDOW 17/18 V2_NO_MIST
2026-10-01T03:25:25.553Z [perf] {"mode":"xr","views":2,"target":"1680x1760","fps":48.7,"msMedian":21.1,"msP95":36.6,"msWorst":39.1,"calls":43,"tris":45168,"points":2600,"programs":31,"geometries":35,"textures":10,"abilities":1,"instances":190,"particles":823,"foveation":1}
2026-10-01T03:25:27.204Z [live] {"w":17,"cond":"V2_NO_MIST","t":2,"scored":true,"fps":62.7,"ms":16,"js":2,"top":"CastSystem:0.8 InputSystem:0.7 PanelUISystem:0.1","worst":21.7,"casting":true,"particles":604,"particleCount":1,"emissionRate":1,"calls":43,"head":[0.42,0.76,-0.46],"yaw":-146,"pitch":-19}
2026-10-01T03:25:29.202Z [live] {"w":17,"cond":"V2_NO_MIST","t":4,"scored":true,"fps":56.1,"ms":17.8,"js":1.5,"top":"InputSystem:0.7 CastSystem:0.5 PanelUISystem:0.1","worst":20.5,"casting":true,"particles":248,"particleCount":1,"emissionRate":1,"calls":43,"head":[0.42,0.76,-0.46],"yaw":-146,"pitch":-19}
2026-10-01T03:25:30.566Z [perf] {"mode":"xr","views":2,"target":"1680x1760","fps":54.3,"msMedian":17.9,"msP95":21.7,"msWorst":49.1,"calls":43,"tris":49294,"points":2600,"programs":31,"geometries":35,"textures":10,"abilities":1,"instances":190,"particles":201,"foveation":1}
2026-10-01T03:25:31.243Z [live] {"w":17,"cond":"V2_NO_MIST","t":6.1,"scored":true,"fps":40.2,"ms":24.9,"js":1.4,"top":"InputSystem:0.7 CastSystem:0.4 PanelUISystem:0.1","worst":53.4,"casting":true,"particles":147,"particleCount":1,"emissionRate":1,"calls":37,"head":[0.42,0.76,-0.46],"yaw":-146,"pitch":-19}
2026-10-01T03:25:33.250Z [live] {"w":17,"cond":"V2_NO_MIST","t":8.1,"scored":true,"fps":48.8,"ms":20.5,"js":1.5,"top":"InputSystem:0.7 CastSystem:0.5 PanelUISystem:0.1","worst":43.5,"casting":true,"particles":630,"particleCount":1,"emissionRate":1,"calls":44,"head":[0.42,0.76,-0.46],"yaw":-146,"pitch":-19}
2026-10-01T03:25:35.250Z [live] {"w":17,"cond":"V2_NO_MIST","t":10.1,"scored":true,"fps":56,"ms":17.9,"js":1.5,"top":"InputSystem:0.7 CastSystem:0.5 PanelUISystem:0.1","worst":20.3,"casting":true,"particles":246,"particleCount":1,"emissionRate":1,"calls":43,"head":[0.42,0.76,-0.46],"yaw":-146,"pitch":-19}
2026-10-01T03:25:35.576Z [perf] {"mode":"xr","views":2,"target":"1680x1760","fps":48.9,"msMedian":18.1,"msP95":41.1,"msWorst":53.4,"calls":43,"tris":49294,"points":2600,"programs":31,"geometries":35,"textures":10,"abilities":1,"instances":190,"particles":238,"foveation":1}
2026-10-01T03:25:37.180Z [live] PARTICLE CHECK {"w":17,"cond":"V2_NO_MIST","valid":true,"particlePeak":630,"checks":5,"particleCount":1,"emissionRate":1}
2026-10-01T03:25:37.181Z [live] WINDOW RESULT {"name":"V2_NO_MIST","age":[18,17.9,23.3],"js":[1.3,1.5,1.4],"top":["InputSystem:0.5 CastSystem:0.5 PanelUISystem:0.1","InputSystem:0.7 CastSystem:0.5 PanelUISystem:0.1","InputSystem:0.7 CastSystem:0.5 PanelUISystem:0.1"],"mean":19.46,"p95":36.9,"slowPct":95.1,"worst":53.4,"castMean":18.55,"idleMean":38.52}
2026-10-01T03:25:37.181Z [live] ## WINDOW 18/18 BOTH_V2
2026-10-01T03:25:39.205Z [live] {"w":18,"cond":"BOTH_V2","t":2,"scored":true,"fps":38.6,"ms":25.9,"js":3,"top":"InputSystem:1.5 CastSystem:1.0 PanelUISystem:0.1","worst":43.6,"casting":true,"particles":885,"particleCount":1,"emissionRate":1,"calls":43,"head":[0.42,0.76,-0.46],"yaw":-146,"pitch":-19}
2026-10-01T03:25:40.580Z [perf] {"mode":"xr","views":2,"target":"1680x1760","fps":36.4,"msMedian":30.5,"msP95":39.1,"msWorst":43.6,"calls":43,"tris":49294,"points":2600,"programs":31,"geometries":35,"textures":10,"abilities":1,"instances":190,"particles":478,"foveation":1}
2026-10-01T03:25:41.217Z [live] {"w":18,"cond":"BOTH_V2","t":4,"scored":true,"fps":28.8,"ms":34.7,"js":1.5,"top":"InputSystem:0.7 CastSystem:0.5 PanelUISystem:0.1","worst":40.1,"casting":true,"particles":366,"particleCount":1,"emissionRate":1,"calls":43,"head":[0.42,0.76,-0.46],"yaw":-146,"pitch":-19}
2026-10-01T03:25:43.226Z [live] {"w":18,"cond":"BOTH_V2","t":6,"scored":true,"fps":32.8,"ms":30.4,"js":1.4,"top":"InputSystem:0.7 CastSystem:0.4 PanelUISystem:0.1","worst":52.6,"casting":true,"particles":191,"particleCount":1,"emissionRate":1,"calls":37,"head":[0.42,0.76,-0.46],"yaw":-146,"pitch":-19}
2026-10-01T03:25:45.263Z [live] {"w":18,"cond":"BOTH_V2","t":8.1,"scored":true,"fps":28.5,"ms":35.1,"js":1.5,"top":"InputSystem:0.7 CastSystem:0.6 PanelUISystem:0.1","worst":45.4,"casting":true,"particles":964,"particleCount":1,"emissionRate":1,"calls":45,"head":[0.42,0.76,-0.46],"yaw":-146,"pitch":-19}
2026-10-01T03:25:45.585Z [perf] {"mode":"xr","views":2,"target":"1680x1760","fps":30.6,"msMedian":32,"msP95":43.8,"msWorst":52.6,"calls":45,"tris":49298,"points":2600,"programs":31,"geometries":35,"textures":10,"abilities":1,"instances":190,"particles":782,"foveation":1}
2026-10-01T03:25:47.278Z [live] {"w":18,"cond":"BOTH_V2","t":10.1,"scored":true,"fps":28.8,"ms":34.8,"js":1.6,"top":"InputSystem:0.7 CastSystem:0.6 PanelUISystem:0.1","worst":45.2,"casting":true,"particles":367,"particleCount":1,"emissionRate":1,"calls":44,"head":[0.42,0.76,-0.46],"yaw":-146,"pitch":-19}
2026-10-01T03:25:49.220Z [live] PARTICLE CHECK {"w":18,"cond":"BOTH_V2","valid":true,"particlePeak":964,"checks":5,"particleCount":1,"emissionRate":1}
2026-10-01T03:25:49.220Z [live] WINDOW RESULT {"name":"BOTH_V2","age":[29.6,35.3,29.3],"js":[1.5,1.5,1.4],"top":["InputSystem:0.7 CastSystem:0.5 PanelUISystem:0.1","InputSystem:0.7 CastSystem:0.5 PanelUISystem:0.1","InputSystem:0.7 CastSystem:0.4 PanelUISystem:0.1"],"mean":31.19,"p95":42.5,"slowPct":94.8,"worst":62,"castMean":30.44,"idleMean":41.12}
2026-10-01T03:25:49.221Z [live] RESULTS [{"name":"BOTH_V2","mean":31.02,"p95":41.6,"slowPct":95.75,"castMean":30.37,"idleMean":39.69,"age":[29.4,35,29.3],"js":[1.4,1.5,1.3],"top":["CastSystem:0.6 InputSystem:0.5 PanelUISystem:0.1","CastSystem:0.6 InputSystem:0.6 PanelUISystem:0.1","CastSystem:0.5 InputSystem:0.3 PanelUISystem:0.1"],"worst":62,"windows":[30.85,31.19],"vsCurrent":0},{"name":"V2_NO_MIST","mean":19.77,"p95":37.65,"slowPct":95.65,"castMean":18.86,"idleMean":38.78,"age":[18.4,18.1,23.6],"js":[1.3,1.4,1.3],"top":["CastSystem:0.6 InputSystem:0.3 PanelUISystem:0.1","CastSystem:0.6 InputSystem:0.5 PanelUISystem:0.1","InputSystem:0.5 CastSystem:0.5 PanelUISystem:0.1"],"worst":53.4,"windows":[20.09,19.46],"vsCurrent":-11.25},{"name":"V2_NO_FROST","mean":21.27,"p95":35.65,"slowPct":66.8,"castMean":23.21,"idleMean":11.19,"age":[23.3,29.9,15.5],"js":[1.3,1.1,1],"top":["CastSystem:0.5 InputSystem:0.5 PanelUISystem:0.1","CastSystem:0.5 InputSystem:0.3 PanelUISystem:0.1","CastSystem:0.4 InputSystem:0.3 PanelUISystem:0.1"],"worst":44.7,"windows":[21.17,21.36],"vsCurrent":-9.75},{"name":"V2_NO_SHARDS","mean":30.27,"p95":41.95,"slowPct":95.35,"castMean":29.49,"idleMean":41.7,"age":[28.1,33.5,29.7],"js":[1.4,1.4,1.3],"top":["CastSystem:0.6 InputSystem:0.5 PanelUISystem:0.1","CastSystem:0.6 InputSystem:0.5 PanelUISystem:0.1","InputSystem:0.5 CastSystem:0.4 PanelUISystem:0.1"],"worst":63.5,"windows":[30.23,30.32],"vsCurrent":-0.75},{"name":"V2_NO_GLITTER","mean":31.18,"p95":42.2,"slowPct":95.85,"castMean":30.54,"idleMean":40.29,"age":[29.7,34.6,29.7],"js":[1.5,1.5,1.4],"top":["InputSystem:0.7 CastSystem:0.6 PanelUISystem:0.1","InputSystem:0.7 CastSystem:0.5 PanelUISystem:0.1","InputSystem:0.7 CastSystem:0.4 PanelUISystem:0.1"],"worst":64.8,"windows":[30.82,31.54],"vsCurrent":0.16},{"name":"V2_NO_SHOCKWAVES","mean":30.79,"p95":43.55,"slowPct":95.4,"castMean":30.02,"idleMean":42.28,"age":[28.1,34.5,30.4],"js":[1.5,1.5,1.4],"top":["InputSystem:0.7 CastSystem:0.6 PanelUISystem:0.1","InputSystem:0.7 CastSystem:0.5 PanelUISystem:0.1","InputSystem:0.7 CastSystem:0.5 PanelUISystem:0.1"],"worst":65.9,"windows":[30.09,31.49],"vsCurrent":-0.23},{"name":"V2_NO_BURSTS","mean":29.94,"p95":41.5,"slowPct":95.4,"castMean":29.25,"idleMean":39.71,"age":[28.3,33.2,28.9],"js":[1.6,1.4,1.4],"top":["InputSystem:0.8 CastSystem:0.6 PanelUISystem:0.1","CastSystem:0.6 InputSystem:0.5 PanelUISystem:0.1","InputSystem:0.5 CastSystem:0.5 PanelUISystem:0.1"],"worst":64.7,"windows":[30.5,29.37],"vsCurrent":-1.08},{"name":"V2_NO_CRYSTALS","mean":47.67,"p95":68.55,"slowPct":96.45,"castMean":48.36,"idleMean":41.26,"age":[45.5,55.7,43.6],"js":[1.4,1.4,1.4],"top":["CastSystem:0.6 InputSystem:0.5 PanelUISystem:0.1","CastSystem:0.6 InputSystem:0.5 PanelUISystem:0.1","InputSystem:0.7 CastSystem:0.4 PanelUISystem:0.1"],"worst":112.1,"windows":[48.49,46.85],"vsCurrent":16.65},{"name":"NO_CAST","mean":11.16,"p95":11.85,"slowPct":0.3,"castMean":0,"idleMean":11.16,"age":[0,0,0],"js":[0,0,0],"top":["FrameUniformSystem:0.0 LocomotionSystem:0.0 InputSystem:0.0","FrameUniformSystem:0.0 LocomotionSystem:0.0 InputSystem:0.0","FrameUniformSystem:0.0 LocomotionSystem:0.0 InputSystem:0.0"],"worst":42.9,"windows":[11.22,11.11],"vsCurrent":-19.86}]
2026-10-01T03:25:50.231Z [frame-probe] RESULTS {"mode":"xr","gpuTimer":false,"disjointCount":0,"skippedQueries":0,"pendingQueries":0,"windows":[{"w":1,"name":"BOTH_V2","interval":{"count":388,"mean":30.823,"p95":40.7,"worst":50.9},"cpuFrame":{"count":388,"mean":3.45,"p95":4.9,"worst":7.3},"update":{"count":388,"mean":1.389,"p95":2.2,"worst":4.5},"render":{"count":388,"mean":2.055,"p95":3,"worst":5},"gpu":{"count":0,"mean":null,"p95":null,"worst":null}},{"w":2,"name":"V2_NO_MIST","interval":{"count":599,"mean":20.095,"p95":38.4,"worst":51.2},"cpuFrame":{"count":599,"mean":3.263,"p95":4.6,"worst":5.8},"update":{"count":599,"mean":1.283,"p95":1.9,"worst":2.8},"render":{"count":599,"mean":1.975,"p95":3,"worst":4.4},"gpu":{"count":0,"mean":null,"p95":null,"worst":null}},{"w":3,"name":"V2_NO_FROST","interval":{"count":567,"mean":21.174,"p95":36,"worst":42.3},"cpuFrame":{"count":567,"mean":2.539,"p95":3.8,"worst":5.4},"update":{"count":567,"mean":1.077,"p95":1.7,"worst":2.7},"render":{"count":567,"mean":1.456,"p95":2.2,"worst":3.1},"gpu":{"count":0,"mean":null,"p95":null,"worst":null}},{"w":4,"name":"V2_NO_SHARDS","interval":{"count":398,"mean":30.227,"p95":42,"worst":63.5},"cpuFrame":{"count":398,"mean":3.28,"p95":4.9,"worst":7},"update":{"count":398,"mean":1.315,"p95":2,"worst":4.3},"render":{"count":398,"mean":1.959,"p95":3,"worst":4.4},"gpu":{"count":0,"mean":null,"p95":null,"worst":null}},{"w":5,"name":"V2_NO_GLITTER","interval":{"count":390,"mean":30.816,"p95":40.9,"worst":52.6},"cpuFrame":{"count":390,"mean":3.504,"p95":4.9,"worst":6.4},"update":{"count":390,"mean":1.493,"p95":2.1,"worst":3.7},"render":{"count":390,"mean":2.007,"p95":3,"worst":3.8},"gpu":{"count":0,"mean":null,"p95":null,"worst":null}},{"w":6,"name":"V2_NO_SHOCKWAVES","interval":{"count":399,"mean":30.093,"p95":43.2,"worst":65.9},"cpuFrame":{"count":399,"mean":3.585,"p95":4.9,"worst":6.2},"update":{"count":399,"mean":1.516,"p95":2.1,"worst":3.5},"render":{"count":399,"mean":2.062,"p95":3,"worst":3.9},"gpu":{"count":0,"mean":null,"p95":null,"worst":null}},{"w":7,"name":"V2_NO_BURSTS","interval":{"count":394,"mean":30.501,"p95":42.4,"worst":64.7},"cpuFrame":{"count":394,"mean":3.568,"p95":5.1,"worst":7.7},"update":{"count":394,"mean":1.484,"p95":2.3,"worst":4},"render":{"count":394,"mean":2.078,"p95":3,"worst":5.9},"gpu":{"count":0,"mean":null,"p95":null,"worst":null}},{"w":8,"name":"V2_NO_CRYSTALS","interval":{"count":248,"mean":48.494,"p95":70.2,"worst":112.1},"cpuFrame":{"count":248,"mean":2.934,"p95":4.3,"worst":5.1},"update":{"count":248,"mean":1.405,"p95":2.1,"worst":3.4},"render":{"count":248,"mean":1.525,"p95":2.3,"worst":3},"gpu":{"count":0,"mean":null,"p95":null,"worst":null}},{"w":9,"name":"NO_CAST","interval":{"count":1070,"mean":11.218,"p95":11.9,"worst":42.8},"cpuFrame":{"count":1070,"mean":2.679,"p95":3.3,"worst":4.8},"update":{"count":1070,"mean":1.285,"p95":1.7,"worst":3.1},"render":{"count":1070,"mean":1.388,"p95":1.8,"worst":2.2},"gpu":{"count":0,"mean":null,"p95":null,"worst":null}},{"w":10,"name":"NO_CAST","interval":{"count":1080,"mean":11.112,"p95":11.8,"worst":13.5},"cpuFrame":{"count":1080,"mean":2.501,"p95":3.2,"worst":5.1},"update":{"count":1080,"mean":1.141,"p95":1.6,"worst":3.6},"render":{"count":1080,"mean":1.352,"p95":1.8,"worst":2.2},"gpu":{"count":0,"mean":null,"p95":null,"worst":null}},{"w":11,"name":"V2_NO_CRYSTALS","interval":{"count":257,"mean":46.852,"p95":66.9,"worst":96.2},"cpuFrame":{"count":257,"mean":2.998,"p95":4.1,"worst":5.5},"update":{"count":257,"mean":1.466,"p95":2.1,"worst":3.5},"render":{"count":257,"mean":1.528,"p95":2.1,"worst":3},"gpu":{"count":0,"mean":null,"p95":null,"worst":null}},{"w":12,"name":"V2_NO_BURSTS","interval":{"count":409,"mean":29.37,"p95":40.6,"worst":55.7},"cpuFrame":{"count":409,"mean":3.572,"p95":4.8,"worst":6.4},"update":{"count":409,"mean":1.502,"p95":2,"worst":3},"render":{"count":409,"mean":2.065,"p95":2.9,"worst":4.1},"gpu":{"count":0,"mean":null,"p95":null,"worst":null}},{"w":13,"name":"V2_NO_SHOCKWAVES","interval":{"count":382,"mean":31.495,"p95":43.9,"worst":65.6},"cpuFrame":{"count":382,"mean":3.618,"p95":5,"worst":6.1},"update":{"count":382,"mean":1.519,"p95":2.2,"worst":2.9},"render":{"count":382,"mean":2.094,"p95":3.1,"worst":3.8},"gpu":{"count":0,"mean":null,"p95":null,"worst":null}},{"w":14,"name":"V2_NO_GLITTER","interval":{"count":381,"mean":31.54,"p95":43.5,"worst":64.8},"cpuFrame":{"count":381,"mean":3.521,"p95":4.7,"worst":5.4},"update":{"count":381,"mean":1.49,"p95":2,"worst":2.9},"render":{"count":381,"mean":2.025,"p95":2.8,"worst":3.5},"gpu":{"count":0,"mean":null,"p95":null,"worst":null}},{"w":15,"name":"V2_NO_SHARDS","interval":{"count":397,"mean":30.316,"p95":41.9,"worst":62.4},"cpuFrame":{"count":397,"mean":3.537,"p95":4.8,"worst":5.9},"update":{"count":397,"mean":1.476,"p95":2.1,"worst":2.6},"render":{"count":397,"mean":2.057,"p95":3,"worst":3.8},"gpu":{"count":0,"mean":null,"p95":null,"worst":null}},{"w":16,"name":"V2_NO_FROST","interval":{"count":562,"mean":21.358,"p95":35.3,"worst":44.7},"cpuFrame":{"count":562,"mean":2.704,"p95":3.9,"worst":4.9},"update":{"count":562,"mean":1.198,"p95":1.9,"worst":2.3},"render":{"count":562,"mean":1.502,"p95":2.2,"worst":2.9},"gpu":{"count":0,"mean":null,"p95":null,"worst":null}},{"w":17,"name":"V2_NO_MIST","interval":{"count":617,"mean":19.456,"p95":36.9,"worst":53.4},"cpuFrame":{"count":617,"mean":3.467,"p95":4.7,"worst":6.8},"update":{"count":617,"mean":1.437,"p95":2,"worst":2.6},"render":{"count":617,"mean":2.024,"p95":2.9,"worst":4.3},"gpu":{"count":0,"mean":null,"p95":null,"worst":null}},{"w":18,"name":"BOTH_V2","interval":{"count":386,"mean":31.19,"p95":42.5,"worst":62},"cpuFrame":{"count":386,"mean":3.489,"p95":4.7,"worst":5.8},"update":{"count":386,"mean":1.493,"p95":2.1,"worst":3},"render":{"count":386,"mean":1.993,"p95":2.8,"worst":3.7},"gpu":{"count":0,"mean":null,"p95":null,"worst":null}}]}
2026-10-01T03:25:50.606Z [perf] {"mode":"xr","views":2,"target":"1680x1760","fps":34.9,"msMedian":26.7,"msP95":42.2,"msWorst":62,"calls":43,"tris":49294,"points":2600,"programs":31,"geometries":35,"textures":10,"abilities":1,"instances":190,"particles":1112,"foveation":1}
